  40
 Etot=         -77.8836226250
 S          4.7794725465       -1.0960519244       -0.0102175505
 O          5.3958866928        0.1312618601       -0.4192500521
 O          5.1983121713       -1.7315301188        1.2034170452
 N          4.9367653107       -2.2031564501       -1.2661450152
 H          5.4732740614       -1.8323867631       -2.0330829875
 H          5.3036133446       -3.0858536333       -0.9499735058
 C          3.0088366291       -0.8862630811        0.0126214874
 C          2.4421840614        0.1177048391       -0.7469538250
 C          1.0681129315        0.2741435158       -0.7552720040
 C          0.2815772578       -0.5776047732        0.0167706387
 C          0.8611335864       -1.6009555153        0.7629185787
 C          2.2354932695       -1.7525665533        0.7594037120
 H          2.7216124698       -2.5198913327        1.3395655430
 H          0.2221744102       -2.2609422799        1.3278071889
 N         -1.1158224951       -0.4532888115        0.0307894144
 C         -1.8792818034        0.6740045462       -0.0477150590
 C         -3.1941009903        0.2464102258       -0.0856121682
 C         -3.1141566985       -1.1519292051       -0.0133532471
 N         -1.8578398476       -1.5556217143        0.0587199084
 C         -4.2370884321       -2.1292968478       -0.0162718687
 F         -5.4291509601       -1.5108779827        0.0171044419
 F         -4.2093586359       -2.9602945489        1.0368708650
 F         -4.2470010107       -2.9070397290       -1.1124866393
 H         -4.0801568406        0.8439777636       -0.1289046697
 C         -1.3718051429        2.0384590369        0.0106892827
 C         -1.9239201519        3.0186116474       -0.8096098964
 C         -1.4702264683        4.3222262187       -0.7433853260
 C         -0.4658755699        4.6844069693        0.1453448302
 C          0.0696926059        3.7044000672        0.9759476653
 C         -0.3731906700        2.3993137447        0.9151069777
 H          0.0453512019        1.6578273595        1.5797678137
 H          0.8426498558        3.9710631298        1.6816033666
 C          0.0212448070        6.0966070586        0.2318682715
 H         -0.3114433160        6.6783475705       -0.6237768787
 H         -0.3627608447        6.5679337556        1.1366795156
 H          1.1079857846        6.1252927900        0.2789547106
 H         -1.9035985167        5.0691670406       -1.3923923478
 H         -2.6998976452        2.7491765834       -1.5103858724
 H          0.6093727549        1.0436324388       -1.3557097360
 H          3.0870374136        0.7662557561       -1.3172570215
  40
 Etot=         -77.8836226317
 S          4.7794751389       -1.0960481324       -0.0102178379
 O          5.3958912340        0.1312633515       -0.4192480356
 O          5.1983127164       -1.7315347968        1.2034163434
 N          4.9367587823       -2.2031533883       -1.2661415339
 H          5.4732727809       -1.8323822226       -2.0330875001
 H          5.3036173999       -3.0858605797       -0.9499721543
 C          3.0088413032       -0.8862663798        0.0126186877
 C          2.4421813092        0.1177037517       -0.7469591929
 C          1.0681106132        0.2741463084       -0.7552640241
 C          0.2815786847       -0.5776032419        0.0167702010
 C          0.8611316075       -1.6009585209        0.7629104467
 C          2.2354929082       -1.7525667477        0.7594089536
 H          2.7216125106       -2.5198905879        1.3395671521
 H          0.2221736212       -2.2609389233        1.3278121291
 N         -1.1158186091       -0.4532852571        0.0307940556
 C         -1.8792831542        0.6740085893       -0.0477126688
 C         -3.1941022982        0.2464091889       -0.0856138122
 C         -3.1141555546       -1.1519249383       -0.0133562691
 N         -1.8578404366       -1.5556232564        0.0587208973
 C         -4.2370876409       -2.1292962154       -0.0162725781
 F         -5.4291490885       -1.5108761405        0.0171028550
 F         -4.2093555404       -2.9602908749        1.0368711059
 F         -4.2470027334       -2.9070410918       -1.1124870802
 H         -4.0801590578        0.8439756329       -0.1289035912
 C         -1.3717979210        2.0384524317        0.0106833807
 C         -1.9239179898        3.0186108011       -0.8096117979
 C         -1.4702299498        4.3222298964       -0.7433799329
 C         -0.4658650734        4.6844050453        0.1453320030
 C          0.0696836357        3.7043985276        0.9759556195
 C         -0.3732124664        2.3993192187        0.9151243897
 H          0.0453621975        1.6578230572        1.5797575601
 H          0.8426543744        3.9710615722        1.6815989014
 C          0.0212429244        6.0966065753        0.2318693910
 H         -0.3114448285        6.6783479770       -0.6237749011
 H         -0.3627626941        6.5679341273        1.1366797197
 H          1.1079850910        6.1252930317        0.2789554112
 H         -1.9035977650        5.0691666918       -1.3923930984
 H         -2.6998978354        2.7491764546       -1.5103864691
 H          0.6093724965        1.0436283208       -1.3557126712
 H          3.0870364347        0.7662533970       -1.3172584679
