  43
 Etot=         -89.0348312556
 F         -4.0849381032        1.8251807325       -1.3498546776
 C         -3.2826445293        1.5612928294       -0.3311240730
 F         -2.1867574546        2.3357072968       -0.4668468357
 F         -3.8932295250        2.0063878819        0.7889770962
 C         -2.9236259948        0.1232846906       -0.2153667947
 N         -3.3690907150       -0.8599652347       -0.9466679455
 N         -2.7900464358       -1.9813614640       -0.5209860356
 C         -1.9975697585       -1.6796474930        0.4712486319
 N         -2.0465507328       -0.3414704085        0.7232195228
 C         -1.2722624422        0.3688016806        1.7120115873
 H         -1.9235047949        1.0341381507        2.2850736621
 C         -0.5884768625       -0.6553607068        2.6258505702
 N         -0.0519739567       -1.7421448212        1.8303685090
 C          1.2246044127       -1.6256382744        1.3635162844
 O          1.9438912783       -0.7240600926        1.7468719790
 C          1.6981274317       -2.6890443779        0.3979581951
 H          1.4127574492       -3.6763208104        0.7621537533
 H          2.7872002572       -2.6348087828        0.3702968246
 C          1.1273362305       -2.5085728314       -1.0258227494
 N          0.9295071885       -3.8248263756       -1.5972445085
 H          0.4228842558       -3.7709266018       -2.4728500718
 H          1.8187553864       -4.2811361411       -1.7713582504
 H          0.1389453478       -2.0426256030       -0.9806137157
 C          2.0362945962       -1.5899759009       -1.8803674905
 C          2.2383052167       -0.2497243623       -1.2427987838
 C          3.4704012203        0.1405678403       -0.7369794904
 C          3.6305819708        1.3664765308       -0.1187478450
 C          2.5577536449        2.2407738311       -0.0020874439
 C          1.3199530311        1.8849498263       -0.5057989270
 C          1.1851995675        0.6484699347       -1.1064953874
 F         -0.0406126434        0.3033130434       -1.5657753034
 H          0.4831403834        2.5626153399       -0.4392230209
 F          2.7071743035        3.4334308524        0.5891219832
 F          4.8359175364        1.7104592848        0.3540308708
 H          4.3251083220       -0.5129469043       -0.8094621476
 H          3.0028800348       -2.0757630872       -2.0284592311
 H          1.5589585710       -1.4599596611       -2.8558178493
 C         -1.1004672446       -2.5658635085        1.2663575918
 H         -0.7167060379       -3.3646951938        0.6348309463
 H         -1.6704380224       -3.0256245836        2.0850196504
 H          0.2357505335       -0.1777522991        3.1568253981
 H         -1.3009669633       -1.0684548670        3.3445165173
 H         -0.5124849889        0.9710984922        1.2027082882
