  48
 Etot=         -65.9352494434
 Cl         5.8266510752       -0.1992061804       -0.8505874174
 N         -3.2601495380       -0.8086466681       -0.4900620677
 N         -0.6923576132        1.3819664226        0.0653999404
 N          1.8048158578       -1.4021549529        1.9638838146
 C         -2.8215138768        2.2879180077       -0.6660852680
 C         -2.9180354376        1.2808331815       -1.8198549981
 C         -2.0201982810        1.7586750055        0.5288817473
 C         -3.8205056019        0.0789259265       -1.5233056572
 C         -1.9112193789        2.8119825900        1.6355988161
 C         -4.3073478660       -1.6251773274        0.1473510188
 C         -2.1348751697       -1.6215350571       -0.9675233181
 C          0.1145837058        0.4926575869        0.7186529347
 C          1.4807601675        0.3603754898        0.3105068128
 C         -4.9929074611       -0.8287469714        1.2546227174
 C         -2.4887394228       -2.6889182113       -2.0098407178
 C         -0.3342457680       -0.3480657171        1.7277515267
 C          2.2810478421       -0.6071201171        0.9765854444
 C          2.0767041471        1.1239182182       -0.7167756473
 C          0.5447853797       -1.2655189054        2.3083692335
 C          3.6348687247       -0.7701653455        0.6072033725
 C          3.3926605473        0.9495410645       -1.0640213004
 C          4.1745613079       -0.0048221610       -0.3921535695
 H         -3.8259813989        2.5545198645       -0.3224563930
 H         -2.3452433272        3.2016781152       -1.0392039058
 H         -1.9130184932        0.9453271939       -2.0905694432
 H         -3.3348589265        1.7977854930       -2.6903087014
 H         -2.5180545812        0.8645679479        0.9182108182
 H         -4.7847025069        0.4460298669       -1.1594366554
 H         -4.0040926227       -0.4685077398       -2.4591460949
 H         -0.2261140341        2.1080598698       -0.4593301205
 H         -1.3350028675        2.4144976213        2.4705924085
 H         -2.9050102060        3.0834399545        1.9907628474
 H         -1.4126032798        3.7072439571        1.2624272885
 H         -5.0492665594       -1.9685810828       -0.5874964603
 H         -3.8287740689       -2.5030583202        0.5912658165
 H         -1.3838717439       -0.9434431056       -1.3831764076
 H         -1.6909769580       -2.1048606431       -0.0907724804
 H         -5.7236434109       -1.4570567598        1.7643414907
 H         -4.2524714404       -0.4900855223        1.9798823478
 H         -5.5068085446        0.0439408036        0.8518644120
 H         -2.8863692649       -2.2417474753       -2.9206811647
 H         -1.5840917037       -3.2402204883       -2.2670551131
 H         -3.2215431226       -3.3945022579       -1.6192438988
 H         -1.3551095166       -0.3086320403        2.0830636598
 H          1.4925560187        1.8640077637       -1.2541442753
 H          0.1844552286       -1.9159678243        3.1011249665
 H          4.2256696892       -1.5119030931        1.1298412390
 H          3.8378912657        1.5411376565       -1.8546552308
