  43
 Etot=         -73.5425447751
 S          3.1246986960       -1.5753238270        0.0733273698
 O          3.1683640151       -2.0626157526       -1.3328477937
 C          1.3758474627       -1.5169367046        0.3980943452
 N          0.7718312088       -1.3944243153        1.5465074026
 C         -0.5733708237       -1.3351487248        1.2401004850
 C         -1.6884473604       -1.1934925725        2.0659787948
 C         -2.9269385676       -1.1137279326        1.4624221748
 C         -3.0766919791       -1.1725384360        0.0605567082
 C         -1.9824586120       -1.3325221633       -0.7808284784
 C         -0.7385721516       -1.4147598412       -0.1608486756
 N          0.5253414194       -1.5466855945       -0.6628348051
 H          0.8432944230       -1.5917153847       -1.6197131998
 H         -2.0741766128       -1.3849491157       -1.8568662070
 O         -4.3571342342       -1.0538349387       -0.3820187395
 C         -4.6356416490       -1.0857869301       -1.7676471772
 H         -5.7163825439       -0.9688282872       -1.8656735896
 H         -4.3338178184       -2.0403420554       -2.2154281761
 H         -4.1346291401       -0.2644542243       -2.2951656455
 H         -3.8251535943       -0.9986932713        2.0570283257
 H         -1.5869760529       -1.1478130573        3.1431191034
 C          3.3991583178        0.2600280391       -0.0629240096
 C          2.1438549042        1.0067050553       -0.3856501971
 N          1.7871912574        0.9609849858       -1.6690518091
 C          0.6633206361        1.5503399093       -2.0556352097
 C         -0.1867429212        2.2114393924       -1.1787974790
 C          0.1827733938        2.2549771335        0.1687024028
 C          1.3697600370        1.6457573261        0.5867651884
 C          1.7715074135        1.6698578423        2.0365921904
 H          1.1223124391        2.3391094101        2.5990581084
 H          2.8012924335        2.0109790395        2.1526801128
 H          1.6906130041        0.6661461864        2.4606262973
 O         -0.5919160782        2.9425282418        1.0728338137
 C         -1.6904354905        2.2527153618        1.6519351277
 H         -2.2178520981        2.9759066695        2.2758708124
 H         -1.3468905221        1.4167615011        2.2730149042
 H         -2.3728362643        1.8668545474        0.8851463766
 C         -1.4555169679        2.8572970224       -1.6637757375
 H         -1.3475434550        3.1893122868       -2.6966526292
 H         -2.2821952361        2.1440021318       -1.6210269358
 H         -1.7092249680        3.7137411835       -1.0391660845
 H          0.4263675955        1.4894641533       -3.1140036449
 H          3.8528879276        0.5598057400        0.8792124934
 H          4.1194635034        0.3510845038       -0.8746436563
  43
 Etot=         -73.5425447792
 S          3.1246947992       -1.5753232891        0.0733256186
 O          3.1683657309       -2.0626184700       -1.3328492333
 C          1.3758531523       -1.5169364732        0.3980934149
 N          0.7718282093       -1.3944279882        1.5465179443
 C         -0.5733704198       -1.3351444202        1.2401048518
 C         -1.6884480422       -1.1934794088        2.0659835533
 C         -2.9269400988       -1.1137241525        1.4624291769
 C         -3.0766952137       -1.1725447277        0.0605582823
 C         -1.9824535527       -1.3325237072       -0.7808331159
 C         -0.7385727158       -1.4147676291       -0.1608518249
 N          0.5253429115       -1.5466840108       -0.6628445698
 H          0.8432935419       -1.5917144402       -1.6197122811
 H         -2.0741764212       -1.3849477046       -1.8568689732
 O         -4.3571313482       -1.0538353102       -0.3820079149
 C         -4.6356431154       -1.0857859273       -1.7676410101
 H         -5.7163961718       -0.9688279548       -1.8656808100
 H         -4.3338164712       -2.0403550903       -2.2154334558
 H         -4.1346233241       -0.2644414101       -2.2951733070
 H         -3.8251537443       -0.9986956337        2.0570287159
 H         -1.5869775338       -1.1478205404        3.1431176783
 C          3.3991660948        0.2600297423       -0.0629234985
 C          2.1438525381        1.0067049515       -0.3856363699
 N          1.7871977077        0.9609807625       -1.6690554723
 C          0.6633291217        1.5503649615       -2.0556411415
 C         -0.1867445074        2.2114478335       -1.1788133144
 C          0.1827665789        2.2549687564        0.1687149673
 C          1.3697676476        1.6457466173        0.5867664763
 C          1.7715160166        1.6698530848        2.0365886386
 H          1.1223073539        2.3391178067        2.5990643123
 H          2.8012961173        2.0109811918        2.1526826209
 H          1.6906120913        0.6661430771        2.4606266519
 O         -0.5919016287        2.9425432097        1.0728203568
 C         -1.6904327683        2.2527257744        1.6519424389
 H         -2.2178634326        2.9759074786        2.2758765231
 H         -1.3468829276        1.4167454662        2.2730233990
 H         -2.3728496663        1.8668488039        0.8851395466
 C         -1.4555133801        2.8572858001       -1.6637868632
 H         -1.3475416139        3.1893139601       -2.6966539268
 H         -2.2822058835        2.1439970400       -1.6210248751
 H         -1.7092255624        3.7137546575       -1.0391590784
 H          0.4263588632        1.4894515458       -3.1140087370
 H          3.8528843941        0.5598062693        0.8792050134
 H          4.1194616199        0.3510840312       -0.8746377510
