  51
 Etot=         -89.6435844711
 F          5.8841263604       -0.2497955356       -1.5848477114
 C          4.7512102353       -0.4169768225       -0.8976065714
 C          4.3833442601        0.5470986133        0.0248812170
 C          3.2064273526        0.3731934503        0.7366602217
 C          2.4216604224       -0.7578129928        0.5111576997
 C          2.8105384728       -1.7203698255       -0.4220352207
 C          3.9864718154       -1.5474442903       -1.1330147436
 H          4.3100084778       -2.2780572208       -1.8630579778
 H          2.1956997545       -2.5951474897       -0.5884371948
 N          1.2329970380       -0.9270396078        1.2236148439
 C          0.2579002796       -1.8710720269        1.2056244849
 O          0.1618536835       -2.9071040830        0.5888729911
 C         -0.5666629646       -1.1355525368        2.2550443247
 C         -1.9888169095       -0.6739276666        1.9392030893
 C         -3.0167915424       -1.7994904872        1.7412453550
 H         -2.7972751681       -2.6306335483        2.4164923649
 H         -3.9925848770       -1.3960646142        2.0271687369
 C         -3.1535550170       -2.3883751120        0.3030612463
 C         -2.7765034929       -1.3703453954       -0.7655507921
 C         -1.6859850287       -1.5678043772       -1.6080013162
 C         -1.3233807581       -0.6019117107       -2.5368946136
 C         -2.0748406480        0.5564736504       -2.6129437068
 C         -3.1834060281        0.7731381318       -1.8138393893
 C         -3.5298860234       -0.2016413994       -0.8899394195
 H         -4.3955218499       -0.0467759415       -0.2545457703
 H         -3.7551359605        1.6871861846       -1.9109311322
 F         -1.7127720663        1.5102171756       -3.4809788638
 H         -0.4714460218       -0.7420459211       -3.1897727613
 H         -1.1083504967       -2.4814955759       -1.5409336244
 H         -4.2195988477       -2.6328555862        0.1664361929
 O         -2.4757725630       -3.6018136662        0.1738784769
 H         -1.5158282308       -3.4914758345        0.3330928150
 H         -1.9732907826       -0.0273319861        1.0581697248
 H         -2.3163680701       -0.0552682360        2.7818048233
 H         -0.5501687467       -1.6706684995        3.2097111319
 C          0.5496888957       -0.0437847880        2.1756863108
 C          0.1559064537        1.2843150363        1.5904698871
 C         -0.0733453152        2.3731433679        2.4304768221
 C         -0.4727922970        3.5927758026        1.9120156569
 C         -0.6479033690        3.7367485044        0.5361455100
 C         -0.4199626230        2.6559926358       -0.3130523930
 C         -0.0253994113        1.4383561535        0.2166100501
 H          0.1481935431        0.6007499295       -0.4495904361
 H         -0.5567685417        2.7690335424       -1.3826736734
 O         -1.0416523801        4.9433481339        0.0635055101
 H         -1.1318318371        4.9350785714       -0.8995323074
 H         -0.6530056448        4.4410140117        2.5606329369
 H          0.0612676775        2.2643979964        3.5014589648
 H          1.1136302711        0.0801611252        3.1073666855
 H          2.8959385504        1.1159093400        1.4612948025
 H          5.0080468013        1.4171288739        0.1807943046
  51
 Etot=         -89.6435844723
 F          5.8841189666       -0.2497957476       -1.5848440167
 C          4.7512153967       -0.4169744593       -0.8976108309
 C          4.3833440731        0.5470972709        0.0248861166
 C          3.2064320965        0.3731951708        0.7366656398
 C          2.4216655227       -0.7578120466        0.5111594847
 C          2.8105401664       -1.7203725132       -0.4220375696
 C          3.9864654207       -1.5474399879       -1.1330210302
 H          4.3100108771       -2.2780617006       -1.8630550654
 H          2.1956992798       -2.5951463520       -0.5884369393
 N          1.2329938434       -0.9270374788        1.2236183945
 C          0.2578993043       -1.8710814611        1.2056204676
 O          0.1618559990       -2.9070976167        0.5888762918
 C         -0.5666624137       -1.1355526730        2.2550452523
 C         -1.9888173089       -0.6739287827        1.9392028514
 C         -3.0167920859       -1.7994903997        1.7412436762
 H         -2.7972766084       -2.6306373750        2.4164910510
 H         -3.9925849412       -1.3960651035        2.0271668897
 C         -3.1535545640       -2.3883759293        0.3030617180
 C         -2.7765025317       -1.3703436829       -0.7655514173
 C         -1.6859848550       -1.5678040128       -1.6080009827
 C         -1.3233804142       -0.6019111781       -2.5368920061
 C         -2.0748388215        0.5564761852       -2.6129420795
 C         -3.1834058224        0.7731369376       -1.8138370871
 C         -3.5298866377       -0.2016427927       -0.8899412477
 H         -4.3955222366       -0.0467779329       -0.2545467604
 H         -3.7551372347        1.6871845278       -1.9109303865
 F         -1.7127754823        1.5102140327       -3.4809784246
 H         -0.4714469962       -0.7420460874       -3.1897719181
 H         -1.1083520533       -2.4814950452       -1.5409347012
 H         -4.2195988482       -2.6328529140        0.1664368437
 O         -2.4757737492       -3.6018146190        0.1738751304
 H         -1.5158243752       -3.4914761031        0.3330945740
 H         -1.9732988680       -0.0273347340        1.0581683496
 H         -2.3163688959       -0.0552635797        2.7818061017
 H         -0.5501696653       -1.6706694434        3.2097109811
 C          0.5496917531       -0.0437853201        2.1756925401
 C          0.1559052096        1.2843123468        1.5904740739
 C         -0.0733503591        2.3731459896        2.4304810421
 C         -0.4727967402        3.5927730954        1.9120166740
 C         -0.6479152344        3.7367507115        0.5361440901
 C         -0.4199527335        2.6559993015       -0.3130547184
 C         -0.0253763626        1.4383664788        0.2166020432
 H          0.1481762132        0.6007436053       -0.4495905971
 H         -0.5567706762        2.7690337068       -1.3826727138
 O         -1.0416469265        4.9433443865        0.0635068691
 H         -1.1318300689        4.9350800648       -0.8995344997
 H         -0.6529962679        4.4410149534        2.5606305049
 H          0.0612673628        2.2643974001        3.5014549692
 H          1.1136356594        0.0801576470        3.1073673987
 H          2.8959352454        1.1159097126        1.4612881005
 H          5.0080452212        1.4171310007        0.1807944346
