
       ╔════════════════════════════════════════════════╗
       ║                                                ║
       ║     ██████╗██████╗ ███████╗███████╗████████╗   ║
       ║    ██╔════╝██╔══██╗██╔════╝██╔════╝╚══██╔══╝   ║
       ║    ██║     ██████╔╝█████╗  ███████╗   ██║      ║
       ║    ██║     ██╔══██╗██╔══╝  ╚════██║   ██║      ║
       ║    ╚██████╗██║  ██║███████╗███████║   ██║      ║
       ║     ╚═════╝╚═╝  ╚═╝╚══════╝╚══════╝   ╚═╝      ║
       ║                                                ║
       ║    Conformer-Rotamer Ensemble Sampling Tool    ║
       ║            based on the xTB methods            ║
       ║                                                ║
       ╚════════════════════════════════════════════════╝
        Version 3.0.2, Mon, 29 September 16:25:59, 09/29/2025
        commit (c39758d) compiled by 'andrey@PC1'

   Cite work conducted with this code as

   • P.Pracht, F.Bohle, S.Grimme, PCCP, 2020, 22, 7169-7192.
   • S.Grimme, JCTC, 2019, 15, 2847-2862.
   • P.Pracht, S.Grimme, C.Bannwarth, F.Bohle, S.Ehlert,
     G.Feldmann, J.Gorges, M.Müller, T.Neudecker, C.Plett,
     S.Spicher, P.Steinbach, P.Wesołowski, F.Zeller,
     J. Chem. Phys., 2024, 160, 114110.

   for works involving QCG cite

   • S.Spicher, C.Plett, P.Pracht, A.Hansen, S.Grimme,
     JCTC, 2022, 18 (5), 3174-3189.
   • C.Plett, S. Grimme,
     Angew. Chem. Int. Ed. 2023, 62, e202214477.

   for works involving MECP screening cite

   • P.Pracht, C.Bannwarth, JCTC, 2022, 18 (10), 6370-6385.

   Original code
     P.Pracht, S.Grimme, Universität Bonn, MCTC
   with help from (alphabetical order):
     C.Bannwarth, F.Bohle, S.Ehlert, G.Feldmann, J.Gorges,
     S.Grimme, C.Plett, P.Pracht, S.Spicher, P.Steinbach,
     P.Wesolowski, F.Zeller

   Online documentation is available at
   https://crest-lab.github.io/crest-docs/

   This program is distributed in the hope that it will be useful,
   but WITHOUT ANY WARRANTY; without even the implied warranty of
   MERCHANTABILITY or FITNESS FOR A PARTICULAR PURPOSE. See the
   GNU Lesser General Public License (LGPL) for more details.

 Command line input:
 $ ./crest m1_00_Ibuprofen_best.xyz --T 16 --entropy --gfn1 --chrg 0

  --T 16 (CPUs/Threads selected)
  --entropy : enhanced ensemble entropy calculation
  --gfn1               : Use of GFN1-xTB requested.
  --chrg 0

> Setting up backup calculator ... done.
 ----------------
 Calculation info
 ----------------
> User-defined calculation level:
 : xTB calculation via tblite lib
 : GFN1-xTB level
 :   Molecular charge    : 0
 :   Fermi temperature   : 300.00000
 :   Accuracy            : 1.00000
 :   max SCC cycles      : 500


 -----------------------------
 Initial Geometry Optimization
 -----------------------------
 Geometry successfully optimized.

          ┍━━━━━━━━━━━━━━━━━━━━━━━━━━━━━━━━━━━━━━━━━━━━━━━━━┑
          │              CREST ENTROPY SAMPLING             │
          ┕━━━━━━━━━━━━━━━━━━━━━━━━━━━━━━━━━━━━━━━━━━━━━━━━━┙

 please cite:
 • P.Pracht, S.Grimme, Chem. Sci., 2021, 12, 6551-6568.
 • J.Gorges, S.Grimme, A.Hansen, P.Pracht, PCCP, 2022,24, 12249-12259.

 Input structure:
  33

 O          3.2474985877       -1.7945558070       -0.8075553804
 C          3.1668108396       -0.8388596119        0.1232398035
 O          3.4063177633       -1.0449527744        1.2826790493
 C          2.7128218946        0.4913031309       -0.4496887251
 C          1.2064029558        0.5744094164       -0.2868423944
 C          0.3930462935        0.8171699617       -1.3882393350
 C         -0.9835112754        0.9093690258       -1.2378562555
 C         -1.5719438160        0.7612682269        0.0147203860
 C         -0.7530341862        0.5150801359        1.1154236560
 C          0.6212242727        0.4225966379        0.9684233791
 H          1.2421900290        0.2222203997        1.8344333457
 H         -1.1940767375        0.3951413151        2.0994377302
 C         -3.0678765736        0.8278836997        0.1811310331
 H         -3.3099748598        1.4227182523        1.0676916614
 H         -3.5219200925        1.3161678023       -0.6868908234
 C         -3.6760047094       -0.5797824529        0.3521886278
 C         -3.4483640885       -1.4302038054       -0.8999905135
 H         -3.8729474672       -2.4249340271       -0.7612931197
 H         -2.3815116506       -1.5346309260       -1.0995372467
 H         -3.9206728675       -0.9693156381       -1.7691006973
 C         -5.1711872034       -0.4699755025        0.6616720338
 H         -5.6979489333        0.0212535505       -0.1579346121
 H         -5.3293854141        0.1086281609        1.5724615380
 H         -5.5999684922       -1.4626052514        0.8036502151
 H         -3.1782975142       -1.0682382621        1.2013370435
 H         -1.6034069930        1.1036578768       -2.1067521759
 H          0.8341434106        0.9366093942       -2.3722378681
 C          3.4128424357        1.6393450215        0.2864997022
 H          4.4837672949        1.6128461712        0.0859312089
 H          3.0123706507        2.5954857600       -0.0480847848
 H          3.2571041255        1.5452093000        1.3608417898
 H          2.9641036401        0.5162210384       -1.5154165122
 H          3.5118523246       -2.6282125958       -0.3847734512

 ------------------------------------------------
 Generating MTD length from a flexibility measure
 ------------------------------------------------
 Calculating GFN0-xTB WBOs   ... done.
 Calculating NCI flexibility ... done.
     covalent flexibility measure :   0.278
 non-covalent flexibility measure :   0.764
 flexibility measure :   0.341
 t(MTD) / ps    :    12.0
 Σ(t(MTD)) / ps :   288.0 (24 MTDs)

 -----------------------------------
 Starting trial MTD to test settings
 -----------------------------------
 Trial MTD 1 runtime (1.0 ps) ...        0 min,  4.997 sec
 Estimated runtime for one MTD (12.0 ps) on a single thread: 60 sec
 Estimated runtime for a batch of 24 MTDs on 16 threads: 1 min 60 sec

********************************************************************************
**                    N E W   I T E R A T I O N  C Y C L E                    **
********************************************************************************

 ------------------------------
 Meta-Dynamics Iteration 1
 ------------------------------
 list of applied metadynamics Vbias parameters:
$metadyn    0.24750   1.618
$metadyn    0.12375   1.618
$metadyn    0.06187   1.618
$metadyn    0.03094   1.618
$metadyn    0.24750   1.000
$metadyn    0.12375   1.000
$metadyn    0.06187   1.000
$metadyn    0.03094   1.000
$metadyn    0.24750   0.618
$metadyn    0.12375   0.618
$metadyn    0.06187   0.618
$metadyn    0.03094   0.618
$metadyn    0.24750   0.382
$metadyn    0.12375   0.382
$metadyn    0.06187   0.382
$metadyn    0.03094   0.382
$metadyn    0.24750   0.236
$metadyn    0.12375   0.236
$metadyn    0.06187   0.236
$metadyn    0.03094   0.236
$metadyn    0.24750   0.146
$metadyn    0.12375   0.146
$metadyn    0.06187   0.146
$metadyn    0.03094   0.146

  ::::::::::::: starting MTD   15 :::::::::::::
  |   MD simulation time   :    12.0 ps       |
  |   target T             :   300.0 K        |
  |   timestep dt          :     5.0 fs       |
  |   dump interval(trj)   :   100.0 fs       |
  |   SHAKE algorithm      : true (all bonds) |
  |   dump interval(Vbias) :    1.00 ps       |
  |   Vbias prefactor (k)  :  0.0619 Eh       |
  |   Vbias exponent (α)   :  0.3820 bohr⁻²   |
  ::::::::::::: starting MTD    1 :::::::::::::
  |   MD simulation time   :    12.0 ps       |
  |   target T             :   300.0 K        |
  |   timestep dt          :     5.0 fs       |
  |   dump interval(trj)   :   100.0 fs       |
  |   SHAKE algorithm      : true (all bonds) |
  |   dump interval(Vbias) :    1.00 ps       |
  |   Vbias prefactor (k)  :  0.2475 Eh       |
  |   Vbias exponent (α)   :  1.6180 bohr⁻²   |
  ::::::::::::: starting MTD   19 :::::::::::::
  |   MD simulation time   :    12.0 ps       |
  |   target T             :   300.0 K        |
  |   timestep dt          :     5.0 fs       |
  |   dump interval(trj)   :   100.0 fs       |
  |   SHAKE algorithm      : true (all bonds) |
  |   dump interval(Vbias) :    1.00 ps       |
  |   Vbias prefactor (k)  :  0.0619 Eh       |
  |   Vbias exponent (α)   :  0.2361 bohr⁻²   |
  ::::::::::::: starting MTD   23 :::::::::::::
  |   MD simulation time   :    12.0 ps       |
  |   target T             :   300.0 K        |
  |   timestep dt          :     5.0 fs       |
  |   dump interval(trj)   :   100.0 fs       |
  |   SHAKE algorithm      : true (all bonds) |
  |   dump interval(Vbias) :    1.00 ps       |
  |   Vbias prefactor (k)  :  0.0619 Eh       |
  |   Vbias exponent (α)   :  0.1459 bohr⁻²   |
  ::::::::::::: starting MTD   22 :::::::::::::
  |   MD simulation time   :    12.0 ps       |
  |   target T             :   300.0 K        |
  |   timestep dt          :     5.0 fs       |
  |   dump interval(trj)   :   100.0 fs       |
  |   SHAKE algorithm      : true (all bonds) |
  |   dump interval(Vbias) :    1.00 ps       |
  |   Vbias prefactor (k)  :  0.1237 Eh       |
  |   Vbias exponent (α)   :  0.1459 bohr⁻²   |
  ::::::::::::: starting MTD    3 :::::::::::::
  |   MD simulation time   :    12.0 ps       |
  |   target T             :   300.0 K        |
  |   timestep dt          :     5.0 fs       |
  |   dump interval(trj)   :   100.0 fs       |
  |   SHAKE algorithm      : true (all bonds) |
  |   dump interval(Vbias) :    1.00 ps       |
  |   Vbias prefactor (k)  :  0.0619 Eh       |
  |   Vbias exponent (α)   :  1.6180 bohr⁻²   |
  ::::::::::::: starting MTD   13 :::::::::::::
  |   MD simulation time   :    12.0 ps       |
  |   target T             :   300.0 K        |
  |   timestep dt          :     5.0 fs       |
  |   dump interval(trj)   :   100.0 fs       |
  |   SHAKE algorithm      : true (all bonds) |
  |   dump interval(Vbias) :    1.00 ps       |
  |   Vbias prefactor (k)  :  0.2475 Eh       |
  |   Vbias exponent (α)   :  0.3820 bohr⁻²   |
  ::::::::::::: starting MTD    7 :::::::::::::
  |   MD simulation time   :    12.0 ps       |
  |   target T             :   300.0 K        |
  |   timestep dt          :     5.0 fs       |
  |   dump interval(trj)   :   100.0 fs       |
  |   SHAKE algorithm      : true (all bonds) |
  |   dump interval(Vbias) :    1.00 ps       |
  |   Vbias prefactor (k)  :  0.0619 Eh       |
  |   Vbias exponent (α)   :  1.0000 bohr⁻²   |
  ::::::::::::: starting MTD    9 :::::::::::::
  |   MD simulation time   :    12.0 ps       |
  |   target T             :   300.0 K        |
  |   timestep dt          :     5.0 fs       |
  |   dump interval(trj)   :   100.0 fs       |
  |   SHAKE algorithm      : true (all bonds) |
  |   dump interval(Vbias) :    1.00 ps       |
  |   Vbias prefactor (k)  :  0.2475 Eh       |
  |   Vbias exponent (α)   :  0.6180 bohr⁻²   |
  ::::::::::::: starting MTD    5 :::::::::::::
  |   MD simulation time   :    12.0 ps       |
  |   target T             :   300.0 K        |
  |   timestep dt          :     5.0 fs       |
  |   dump interval(trj)   :   100.0 fs       |
  |   SHAKE algorithm      : true (all bonds) |
  |   dump interval(Vbias) :    1.00 ps       |
  |   Vbias prefactor (k)  :  0.2475 Eh       |
  |   Vbias exponent (α)   :  1.0000 bohr⁻²   |
  ::::::::::::: starting MTD   17 :::::::::::::
  |   MD simulation time   :    12.0 ps       |
  |   target T             :   300.0 K        |
  |   timestep dt          :     5.0 fs       |
  |   dump interval(trj)   :   100.0 fs       |
  |   SHAKE algorithm      : true (all bonds) |
  |   dump interval(Vbias) :    1.00 ps       |
  |   Vbias prefactor (k)  :  0.2475 Eh       |
  |   Vbias exponent (α)   :  0.2361 bohr⁻²   |
  ::::::::::::: starting MTD   21 :::::::::::::
  |   MD simulation time   :    12.0 ps       |
  |   target T             :   300.0 K        |
  |   timestep dt          :     5.0 fs       |
  |   dump interval(trj)   :   100.0 fs       |
  |   SHAKE algorithm      : true (all bonds) |
  |   dump interval(Vbias) :    1.00 ps       |
  |   Vbias prefactor (k)  :  0.2475 Eh       |
  |   Vbias exponent (α)   :  0.1459 bohr⁻²   |
  ::::::::::::: starting MTD   20 :::::::::::::
  |   MD simulation time   :    12.0 ps       |
  |   target T             :   300.0 K        |
  |   timestep dt          :     5.0 fs       |
  |   dump interval(trj)   :   100.0 fs       |
  |   SHAKE algorithm      : true (all bonds) |
  |   dump interval(Vbias) :    1.00 ps       |
  |   Vbias prefactor (k)  :  0.0309 Eh       |
  |   Vbias exponent (α)   :  0.2361 bohr⁻²   |
  ::::::::::::: starting MTD   11 :::::::::::::
  |   MD simulation time   :    12.0 ps       |
  |   target T             :   300.0 K        |
  |   timestep dt          :     5.0 fs       |
  |   dump interval(trj)   :   100.0 fs       |
  |   SHAKE algorithm      : true (all bonds) |
  |   dump interval(Vbias) :    1.00 ps       |
  |   Vbias prefactor (k)  :  0.0619 Eh       |
  |   Vbias exponent (α)   :  0.6180 bohr⁻²   |
  ::::::::::::: starting MTD   18 :::::::::::::
  |   MD simulation time   :    12.0 ps       |
  |   target T             :   300.0 K        |
  |   timestep dt          :     5.0 fs       |
  |   dump interval(trj)   :   100.0 fs       |
  |   SHAKE algorithm      : true (all bonds) |
  |   dump interval(Vbias) :    1.00 ps       |
  |   Vbias prefactor (k)  :  0.1237 Eh       |
  |   Vbias exponent (α)   :  0.2361 bohr⁻²   |
  ::::::::::::: starting MTD   24 :::::::::::::
  |   MD simulation time   :    12.0 ps       |
  |   target T             :   300.0 K        |
  |   timestep dt          :     5.0 fs       |
  |   dump interval(trj)   :   100.0 fs       |
  |   SHAKE algorithm      : true (all bonds) |
  |   dump interval(Vbias) :    1.00 ps       |
  |   Vbias prefactor (k)  :  0.0309 Eh       |
  |   Vbias exponent (α)   :  0.1459 bohr⁻²   |
*MTD   1 completed successfully ...        1 min, 15.772 sec
  ::::::::::::: starting MTD    2 :::::::::::::
  |   MD simulation time   :    12.0 ps       |
  |   target T             :   300.0 K        |
  |   timestep dt          :     5.0 fs       |
  |   dump interval(trj)   :   100.0 fs       |
  |   SHAKE algorithm      : true (all bonds) |
  |   dump interval(Vbias) :    1.00 ps       |
  |   Vbias prefactor (k)  :  0.1237 Eh       |
  |   Vbias exponent (α)   :  1.6180 bohr⁻²   |
*MTD   5 completed successfully ...        1 min, 15.911 sec
  ::::::::::::: starting MTD    6 :::::::::::::
  |   MD simulation time   :    12.0 ps       |
  |   target T             :   300.0 K        |
  |   timestep dt          :     5.0 fs       |
  |   dump interval(trj)   :   100.0 fs       |
  |   SHAKE algorithm      : true (all bonds) |
  |   dump interval(Vbias) :    1.00 ps       |
  |   Vbias prefactor (k)  :  0.1237 Eh       |
  |   Vbias exponent (α)   :  1.0000 bohr⁻²   |
*MTD   9 completed successfully ...        1 min, 16.169 sec
  ::::::::::::: starting MTD   10 :::::::::::::
  |   MD simulation time   :    12.0 ps       |
  |   target T             :   300.0 K        |
  |   timestep dt          :     5.0 fs       |
  |   dump interval(trj)   :   100.0 fs       |
  |   SHAKE algorithm      : true (all bonds) |
  |   dump interval(Vbias) :    1.00 ps       |
  |   Vbias prefactor (k)  :  0.1237 Eh       |
  |   Vbias exponent (α)   :  0.6180 bohr⁻²   |
*MTD  19 completed successfully ...        1 min, 16.173 sec
*MTD  15 completed successfully ...        1 min, 16.256 sec
  ::::::::::::: starting MTD   16 :::::::::::::
  |   MD simulation time   :    12.0 ps       |
  |   target T             :   300.0 K        |
  |   timestep dt          :     5.0 fs       |
  |   dump interval(trj)   :   100.0 fs       |
  |   SHAKE algorithm      : true (all bonds) |
  |   dump interval(Vbias) :    1.00 ps       |
  |   Vbias prefactor (k)  :  0.0309 Eh       |
  |   Vbias exponent (α)   :  0.3820 bohr⁻²   |
*MTD   7 completed successfully ...        1 min, 16.348 sec
  ::::::::::::: starting MTD    8 :::::::::::::
  |   MD simulation time   :    12.0 ps       |
  |   target T             :   300.0 K        |
  |   timestep dt          :     5.0 fs       |
  |   dump interval(trj)   :   100.0 fs       |
  |   SHAKE algorithm      : true (all bonds) |
  |   dump interval(Vbias) :    1.00 ps       |
  |   Vbias prefactor (k)  :  0.0309 Eh       |
  |   Vbias exponent (α)   :  1.0000 bohr⁻²   |
*MTD   3 completed successfully ...        1 min, 16.349 sec
  ::::::::::::: starting MTD    4 :::::::::::::
  |   MD simulation time   :    12.0 ps       |
  |   target T             :   300.0 K        |
  |   timestep dt          :     5.0 fs       |
  |   dump interval(trj)   :   100.0 fs       |
  |   SHAKE algorithm      : true (all bonds) |
  |   dump interval(Vbias) :    1.00 ps       |
  |   Vbias prefactor (k)  :  0.0309 Eh       |
  |   Vbias exponent (α)   :  1.6180 bohr⁻²   |
*MTD  13 completed successfully ...        1 min, 16.929 sec
  ::::::::::::: starting MTD   14 :::::::::::::
  |   MD simulation time   :    12.0 ps       |
  |   target T             :   300.0 K        |
  |   timestep dt          :     5.0 fs       |
  |   dump interval(trj)   :   100.0 fs       |
  |   SHAKE algorithm      : true (all bonds) |
  |   dump interval(Vbias) :    1.00 ps       |
  |   Vbias prefactor (k)  :  0.1237 Eh       |
  |   Vbias exponent (α)   :  0.3820 bohr⁻²   |
*MTD  18 completed successfully ...        1 min, 16.929 sec
*MTD  11 completed successfully ...        1 min, 17.119 sec
  ::::::::::::: starting MTD   12 :::::::::::::
  |   MD simulation time   :    12.0 ps       |
  |   target T             :   300.0 K        |
  |   timestep dt          :     5.0 fs       |
  |   dump interval(trj)   :   100.0 fs       |
  |   SHAKE algorithm      : true (all bonds) |
  |   dump interval(Vbias) :    1.00 ps       |
  |   Vbias prefactor (k)  :  0.0309 Eh       |
  |   Vbias exponent (α)   :  0.6180 bohr⁻²   |
*MTD  24 completed successfully ...        1 min, 17.350 sec
*MTD  20 completed successfully ...        1 min, 17.788 sec
*MTD  23 completed successfully ...        1 min, 17.859 sec
*MTD  17 completed successfully ...        1 min, 18.385 sec
*MTD  22 completed successfully ...        1 min, 18.729 sec
*MTD  21 completed successfully ...        1 min, 19.482 sec
*MTD   6 completed successfully ...        1 min,  3.936 sec
*MTD   2 completed successfully ...        1 min,  4.130 sec
*MTD  10 completed successfully ...        1 min,  3.844 sec
*MTD   8 completed successfully ...        1 min,  3.975 sec
*MTD  16 completed successfully ...        1 min,  4.072 sec
*MTD  12 completed successfully ...        1 min,  3.530 sec
*MTD   4 completed successfully ...        1 min,  4.441 sec
*MTD  14 completed successfully ...        1 min,  3.990 sec

 ======================================
 |  Multilevel Ensemble Optimization  |
 ======================================
 Optimizing all 2856 structures from file "crest_dynamics.trj" ...
 ----------------------
 crude pre-optimization
 ----------------------
 Optimization engine: ANCOPT
 Hessian update type: BFGS
 E/G convergence criteria:  0.500E-03 Eh, 0.100E-01 Eh/a0
 maximum optimization steps: 200
 |>0.0% |>7.5% |>15.0% |>22.5% |>30.0% |>37.5% |>45.0% |>52.5% |>60.0% |>67.5% |>75.0% |>82.5% |>90.0% |>97.5% |>100.0%
 done.
> 2856 of 2856 structures successfully optimized (100.0% success)
> Total runtime for 2856 optimizations:
 * wall-time:     0 d,  0 h,  1 min, 21.733 sec
 *  cpu-time:     0 d,  0 h, 21 min, 28.632 sec
 * ratio c/w:    15.766 speedup
> Corresponding to approximately 0.029 sec per processed structure

CREGEN> running RMSDs ... done.
CREGEN> E lowest :   -46.63077
 2692 structures remain within    12.00 kcal/mol window
 ----------------------------------
 optimization with tight thresholds
 ----------------------------------
 Optimization engine: ANCOPT
 Hessian update type: BFGS
 E/G convergence criteria:  0.100E-05 Eh, 0.800E-03 Eh/a0
 maximum optimization steps: 200
 |>0.0% |>7.5% |>15.0% |>22.5% |>30.0% |>37.5% |>45.0% |>52.5% |>60.0% |>67.5% |>75.0% |>82.5% |>90.0% |>97.5% |>100.0%
 done.
> 2692 of 2692 structures successfully optimized (100.0% success)
> Total runtime for 2692 optimizations:
 * wall-time:     0 d,  0 h,  4 min, 27.876 sec
 *  cpu-time:     0 d,  1 h, 10 min, 44.289 sec
 * ratio c/w:    15.844 speedup
> Corresponding to approximately 0.100 sec per processed structure

CREGEN> running RMSDs ... done.
CREGEN> E lowest :   -46.63099
 673 structures remain within     6.00 kcal/mol window

========================================
           MTD Simulations done         
========================================
 Collecting ensmbles.
CREGEN> running RMSDs ... done.
CREGEN> E lowest :   -46.63099
 673 structures remain within     6.00 kcal/mol window
     H(298.15K)-H(0) (conf)      0.214527
                   Cp(conf)      0.798094
                    S(conf)      5.446703

********************************************************************************
**                     I T E R A T I O N    C Y C L E      1                  **
********************************************************************************
 -------------------------------------------
 determining bias structures via PCA/k-Means
 -------------------------------------------

 4 structures were selected
 done.

 -----------------------------------------------
 determining MTD seed structures via PCA/k-Means
 -----------------------------------------------

 27 structures were selected
 done.


 ===========================================================
 Static MTDs (umbrella sampling) on 27 selected conformer(s)
 ===========================================================
> Using 4 constant RMSD bias potentials per MTD
  :::::::::: starting static MTD   1 ::::::::::
  |   MD simulation time   :     6.0 ps       |
  |   target T             :   400.0 K        |
  |   timestep dt          :     5.0 fs       |
  |   dump interval(trj)   :   100.0 fs       |
  |   SHAKE algorithm      : true (all bonds) |
  |   Vbias prefactor (k)  :  0.0017 Eh       |
  |   Vbias exponent (α)   :  1.0000 bohr⁻²   |
  :::::::::: starting static MTD   5 ::::::::::
  |   MD simulation time   :     6.0 ps       |
  |   target T             :   400.0 K        |
  |   timestep dt          :     5.0 fs       |
  |   dump interval(trj)   :   100.0 fs       |
  |   SHAKE algorithm      : true (all bonds) |
  |   Vbias prefactor (k)  :  0.0017 Eh       |
  |   Vbias exponent (α)   :  1.0000 bohr⁻²   |
  :::::::::: starting static MTD   8 ::::::::::
  |   MD simulation time   :     6.0 ps       |
  |   target T             :   400.0 K        |
  |   timestep dt          :     5.0 fs       |
  |   dump interval(trj)   :   100.0 fs       |
  |   SHAKE algorithm      : true (all bonds) |
  |   Vbias prefactor (k)  :  0.0017 Eh       |
  |   Vbias exponent (α)   :  1.0000 bohr⁻²   |
  :::::::::: starting static MTD   6 ::::::::::
  |   MD simulation time   :     6.0 ps       |
  |   target T             :   400.0 K        |
  |   timestep dt          :     5.0 fs       |
  |   dump interval(trj)   :   100.0 fs       |
  |   SHAKE algorithm      : true (all bonds) |
  |   Vbias prefactor (k)  :  0.0017 Eh       |
  |   Vbias exponent (α)   :  1.0000 bohr⁻²   |
  :::::::::: starting static MTD  27 ::::::::::
  |   MD simulation time   :     6.0 ps       |
  |   target T             :   400.0 K        |
  |   timestep dt          :     5.0 fs       |
  |   dump interval(trj)   :   100.0 fs       |
  |   SHAKE algorithm      : true (all bonds) |
  |   Vbias prefactor (k)  :  0.0017 Eh       |
  |   Vbias exponent (α)   :  1.0000 bohr⁻²   |
  :::::::::: starting static MTD   2 ::::::::::
  |   MD simulation time   :     6.0 ps       |
  |   target T             :   400.0 K        |
  |   timestep dt          :     5.0 fs       |
  |   dump interval(trj)   :   100.0 fs       |
  |   SHAKE algorithm      : true (all bonds) |
  |   Vbias prefactor (k)  :  0.0017 Eh       |
  |   Vbias exponent (α)   :  1.0000 bohr⁻²   |
  :::::::::: starting static MTD   4 ::::::::::
  |   MD simulation time   :     6.0 ps       |
  |   target T             :   400.0 K        |
  |   timestep dt          :     5.0 fs       |
  |   dump interval(trj)   :   100.0 fs       |
  |   SHAKE algorithm      : true (all bonds) |
  |   Vbias prefactor (k)  :  0.0017 Eh       |
  |   Vbias exponent (α)   :  1.0000 bohr⁻²   |
  :::::::::: starting static MTD  13 ::::::::::
  |   MD simulation time   :     6.0 ps       |
  |   target T             :   400.0 K        |
  |   timestep dt          :     5.0 fs       |
  |   dump interval(trj)   :   100.0 fs       |
  |   SHAKE algorithm      : true (all bonds) |
  |   Vbias prefactor (k)  :  0.0017 Eh       |
  |   Vbias exponent (α)   :  1.0000 bohr⁻²   |
  :::::::::: starting static MTD  14 ::::::::::
  |   MD simulation time   :     6.0 ps       |
  |   target T             :   400.0 K        |
  |   timestep dt          :     5.0 fs       |
  |   dump interval(trj)   :   100.0 fs       |
  |   SHAKE algorithm      : true (all bonds) |
  |   Vbias prefactor (k)  :  0.0017 Eh       |
  |   Vbias exponent (α)   :  1.0000 bohr⁻²   |
  :::::::::: starting static MTD  15 ::::::::::
  |   MD simulation time   :     6.0 ps       |
  |   target T             :   400.0 K        |
  |   timestep dt          :     5.0 fs       |
  |   dump interval(trj)   :   100.0 fs       |
  |   SHAKE algorithm      : true (all bonds) |
  |   Vbias prefactor (k)  :  0.0017 Eh       |
  |   Vbias exponent (α)   :  1.0000 bohr⁻²   |
  :::::::::: starting static MTD  12 ::::::::::
  |   MD simulation time   :     6.0 ps       |
  |   target T             :   400.0 K        |
  |   timestep dt          :     5.0 fs       |
  |   dump interval(trj)   :   100.0 fs       |
  |   SHAKE algorithm      : true (all bonds) |
  |   Vbias prefactor (k)  :  0.0017 Eh       |
  |   Vbias exponent (α)   :  1.0000 bohr⁻²   |
  :::::::::: starting static MTD   3 ::::::::::
  |   MD simulation time   :     6.0 ps       |
  |   target T             :   400.0 K        |
  |   timestep dt          :     5.0 fs       |
  |   dump interval(trj)   :   100.0 fs       |
  |   SHAKE algorithm      : true (all bonds) |
  |   Vbias prefactor (k)  :  0.0017 Eh       |
  |   Vbias exponent (α)   :  1.0000 bohr⁻²   |
  :::::::::: starting static MTD  11 ::::::::::
  |   MD simulation time   :     6.0 ps       |
  |   target T             :   400.0 K        |
  |   timestep dt          :     5.0 fs       |
  |   dump interval(trj)   :   100.0 fs       |
  |   SHAKE algorithm      : true (all bonds) |
  |   Vbias prefactor (k)  :  0.0017 Eh       |
  |   Vbias exponent (α)   :  1.0000 bohr⁻²   |
  :::::::::: starting static MTD   9 ::::::::::
  |   MD simulation time   :     6.0 ps       |
  |   target T             :   400.0 K        |
  |   timestep dt          :     5.0 fs       |
  |   dump interval(trj)   :   100.0 fs       |
  |   SHAKE algorithm      : true (all bonds) |
  |   Vbias prefactor (k)  :  0.0017 Eh       |
  |   Vbias exponent (α)   :  1.0000 bohr⁻²   |
  :::::::::: starting static MTD   7 ::::::::::
  |   MD simulation time   :     6.0 ps       |
  |   target T             :   400.0 K        |
  |   timestep dt          :     5.0 fs       |
  |   dump interval(trj)   :   100.0 fs       |
  |   SHAKE algorithm      : true (all bonds) |
  |   Vbias prefactor (k)  :  0.0017 Eh       |
  |   Vbias exponent (α)   :  1.0000 bohr⁻²   |
  :::::::::: starting static MTD  10 ::::::::::
  |   MD simulation time   :     6.0 ps       |
  |   target T             :   400.0 K        |
  |   timestep dt          :     5.0 fs       |
  |   dump interval(trj)   :   100.0 fs       |
  |   SHAKE algorithm      : true (all bonds) |
  |   Vbias prefactor (k)  :  0.0017 Eh       |
  |   Vbias exponent (α)   :  1.0000 bohr⁻²   |
*sMTD  15 completed successfully ...        0 min, 39.601 sec
  :::::::::: starting static MTD  16 ::::::::::
  |   MD simulation time   :     6.0 ps       |
  |   target T             :   400.0 K        |
  |   timestep dt          :     5.0 fs       |
  |   dump interval(trj)   :   100.0 fs       |
  |   SHAKE algorithm      : true (all bonds) |
  |   Vbias prefactor (k)  :  0.0017 Eh       |
  |   Vbias exponent (α)   :  1.0000 bohr⁻²   |
*sMTD   7 completed successfully ...        0 min, 39.666 sec
  :::::::::: starting static MTD  17 ::::::::::
  |   MD simulation time   :     6.0 ps       |
  |   target T             :   400.0 K        |
  |   timestep dt          :     5.0 fs       |
  |   dump interval(trj)   :   100.0 fs       |
  |   SHAKE algorithm      : true (all bonds) |
  |   Vbias prefactor (k)  :  0.0017 Eh       |
  |   Vbias exponent (α)   :  1.0000 bohr⁻²   |
*sMTD   1 completed successfully ...        0 min, 39.673 sec
  :::::::::: starting static MTD  18 ::::::::::
  |   MD simulation time   :     6.0 ps       |
  |   target T             :   400.0 K        |
  |   timestep dt          :     5.0 fs       |
  |   dump interval(trj)   :   100.0 fs       |
  |   SHAKE algorithm      : true (all bonds) |
  |   Vbias prefactor (k)  :  0.0017 Eh       |
  |   Vbias exponent (α)   :  1.0000 bohr⁻²   |
*sMTD   3 completed successfully ...        0 min, 39.824 sec
  :::::::::: starting static MTD  19 ::::::::::
  |   MD simulation time   :     6.0 ps       |
  |   target T             :   400.0 K        |
  |   timestep dt          :     5.0 fs       |
  |   dump interval(trj)   :   100.0 fs       |
  |   SHAKE algorithm      : true (all bonds) |
  |   Vbias prefactor (k)  :  0.0017 Eh       |
  |   Vbias exponent (α)   :  1.0000 bohr⁻²   |
*sMTD  10 completed successfully ...        0 min, 39.886 sec
  :::::::::: starting static MTD  20 ::::::::::
  |   MD simulation time   :     6.0 ps       |
  |   target T             :   400.0 K        |
  |   timestep dt          :     5.0 fs       |
  |   dump interval(trj)   :   100.0 fs       |
  |   SHAKE algorithm      : true (all bonds) |
  |   Vbias prefactor (k)  :  0.0017 Eh       |
  |   Vbias exponent (α)   :  1.0000 bohr⁻²   |
*sMTD  13 completed successfully ...        0 min, 40.008 sec
  :::::::::: starting static MTD  21 ::::::::::
  |   MD simulation time   :     6.0 ps       |
  |   target T             :   400.0 K        |
  |   timestep dt          :     5.0 fs       |
  |   dump interval(trj)   :   100.0 fs       |
  |   SHAKE algorithm      : true (all bonds) |
  |   Vbias prefactor (k)  :  0.0017 Eh       |
  |   Vbias exponent (α)   :  1.0000 bohr⁻²   |
*sMTD  14 completed successfully ...        0 min, 40.043 sec
  :::::::::: starting static MTD  22 ::::::::::
  |   MD simulation time   :     6.0 ps       |
  |   target T             :   400.0 K        |
  |   timestep dt          :     5.0 fs       |
  |   dump interval(trj)   :   100.0 fs       |
  |   SHAKE algorithm      : true (all bonds) |
  |   Vbias prefactor (k)  :  0.0017 Eh       |
  |   Vbias exponent (α)   :  1.0000 bohr⁻²   |
*sMTD   8 completed successfully ...        0 min, 40.339 sec
  :::::::::: starting static MTD  23 ::::::::::
  |   MD simulation time   :     6.0 ps       |
  |   target T             :   400.0 K        |
  |   timestep dt          :     5.0 fs       |
  |   dump interval(trj)   :   100.0 fs       |
  |   SHAKE algorithm      : true (all bonds) |
  |   Vbias prefactor (k)  :  0.0017 Eh       |
  |   Vbias exponent (α)   :  1.0000 bohr⁻²   |
*sMTD   2 completed successfully ...        0 min, 40.417 sec
  :::::::::: starting static MTD  24 ::::::::::
  |   MD simulation time   :     6.0 ps       |
  |   target T             :   400.0 K        |
  |   timestep dt          :     5.0 fs       |
  |   dump interval(trj)   :   100.0 fs       |
  |   SHAKE algorithm      : true (all bonds) |
  |   Vbias prefactor (k)  :  0.0017 Eh       |
  |   Vbias exponent (α)   :  1.0000 bohr⁻²   |
*sMTD  11 completed successfully ...        0 min, 40.421 sec
  :::::::::: starting static MTD  25 ::::::::::
  |   MD simulation time   :     6.0 ps       |
  |   target T             :   400.0 K        |
  |   timestep dt          :     5.0 fs       |
  |   dump interval(trj)   :   100.0 fs       |
  |   SHAKE algorithm      : true (all bonds) |
  |   Vbias prefactor (k)  :  0.0017 Eh       |
  |   Vbias exponent (α)   :  1.0000 bohr⁻²   |
*sMTD   9 completed successfully ...        0 min, 40.464 sec
  :::::::::: starting static MTD  26 ::::::::::
  |   MD simulation time   :     6.0 ps       |
  |   target T             :   400.0 K        |
  |   timestep dt          :     5.0 fs       |
  |   dump interval(trj)   :   100.0 fs       |
  |   SHAKE algorithm      : true (all bonds) |
  |   Vbias prefactor (k)  :  0.0017 Eh       |
  |   Vbias exponent (α)   :  1.0000 bohr⁻²   |
*sMTD   5 completed successfully ...        0 min, 40.465 sec
*sMTD   6 completed successfully ...        0 min, 40.528 sec
*sMTD   4 completed successfully ...        0 min, 40.602 sec
*sMTD  12 completed successfully ...        0 min, 40.755 sec
*sMTD  27 completed successfully ...        0 min, 41.031 sec
*sMTD  17 completed successfully ...        0 min, 34.691 sec
*sMTD  18 completed successfully ...        0 min, 35.055 sec
*sMTD  16 completed successfully ...        0 min, 35.254 sec
*sMTD  20 completed successfully ...        0 min, 35.400 sec
*sMTD  23 completed successfully ...        0 min, 35.088 sec
*sMTD  25 completed successfully ...        0 min, 35.019 sec
*sMTD  24 completed successfully ...        0 min, 35.068 sec
*sMTD  22 completed successfully ...        0 min, 35.494 sec
*sMTD  21 completed successfully ...        0 min, 35.646 sec
*sMTD  19 completed successfully ...        0 min, 35.868 sec
*sMTD  26 completed successfully ...        0 min, 35.597 sec

 ======================================
 |  Multilevel Ensemble Optimization  |
 ======================================
 Optimizing all 1593 structures from file "crest_rotamers_0.xyz" ...
 ----------------------
 crude pre-optimization
 ----------------------
 Optimization engine: ANCOPT
 Hessian update type: BFGS
 E/G convergence criteria:  0.500E-03 Eh, 0.100E-01 Eh/a0
 maximum optimization steps: 200
 |>0.1% |>7.5% |>15.0% |>22.5% |>30.0% |>37.5% |>45.0% |>52.5% |>60.0% |>67.5% |>75.0% |>82.5% |>90.0% |>97.6% |>100.0%
 done.
> 1593 of 1593 structures successfully optimized (100.0% success)
> Total runtime for 1593 optimizations:
 * wall-time:     0 d,  0 h,  0 min, 30.269 sec
 *  cpu-time:     0 d,  0 h,  7 min, 56.485 sec
 * ratio c/w:    15.742 speedup
> Corresponding to approximately 0.019 sec per processed structure

CREGEN> running RMSDs ... done.
CREGEN> E lowest :   -46.63051
 1414 structures remain within    12.00 kcal/mol window
 ---------------------------------------
 optimization with very tight thresholds
 ---------------------------------------
 Optimization engine: ANCOPT
 Hessian update type: BFGS
 E/G convergence criteria:  0.100E-06 Eh, 0.200E-03 Eh/a0
 maximum optimization steps: 200
 |>0.1% |>7.6% |>15.1% |>22.6% |>30.1% |>37.6% |>45.0% |>52.5% |>60.0% |>67.5% |>75.0% |>82.5% |>90.0% |>97.5% |>100.0%
 done.
> 1414 of 1414 structures successfully optimized (100.0% success)
> Total runtime for 1414 optimizations:
 * wall-time:     0 d,  0 h,  2 min, 26.440 sec
 *  cpu-time:     0 d,  0 h, 38 min, 33.048 sec
 * ratio c/w:    15.795 speedup
> Corresponding to approximately 0.104 sec per processed structure

CREGEN> running RMSDs ... done.
CREGEN> E lowest :   -46.63099
 163 structures remain within     6.00 kcal/mol window
CREGEN> running RMSDs ... done.
CREGEN> E lowest :   -46.63099

 Static MTD simulation iteration 1 finished
 A total of 28 conformers (+ 3.57%) in crest_conformers.xyz
 S(approx.) =    5.513868 cal/molK (dS = 1.20%)
 Convergence w.r.t. conformers: F
 Convergence w.r.t. entropy   : F

     H(298.15K)-H(0) (conf)      0.214848
                   Cp(conf)      0.796839
                    S(conf)      5.512637

********************************************************************************
**                     I T E R A T I O N    C Y C L E      2                  **
********************************************************************************
 -------------------------------------------
 determining bias structures via PCA/k-Means
 -------------------------------------------

 5 structures were selected
 done.

 -----------------------------------------------
 determining MTD seed structures via PCA/k-Means
 -----------------------------------------------

 28 structures were selected
 done.


 ===========================================================
 Static MTDs (umbrella sampling) on 28 selected conformer(s)
 ===========================================================
> Using 5 constant RMSD bias potentials per MTD
  :::::::::: starting static MTD   1 ::::::::::
  |   MD simulation time   :     6.0 ps       |
  |   target T             :   400.0 K        |
  |   timestep dt          :     5.0 fs       |
  |   dump interval(trj)   :   100.0 fs       |
  |   SHAKE algorithm      : true (all bonds) |
  |   Vbias prefactor (k)  :  0.0017 Eh       |
  |   Vbias exponent (α)   :  1.0000 bohr⁻²   |
  :::::::::: starting static MTD   5 ::::::::::
  |   MD simulation time   :     6.0 ps       |
  |   target T             :   400.0 K        |
  |   timestep dt          :     5.0 fs       |
  |   dump interval(trj)   :   100.0 fs       |
  |   SHAKE algorithm      : true (all bonds) |
  |   Vbias prefactor (k)  :  0.0017 Eh       |
  |   Vbias exponent (α)   :  1.0000 bohr⁻²   |
  :::::::::: starting static MTD  28 ::::::::::
  |   MD simulation time   :     6.0 ps       |
  |   target T             :   400.0 K        |
  |   timestep dt          :     5.0 fs       |
  |   dump interval(trj)   :   100.0 fs       |
  |   SHAKE algorithm      : true (all bonds) |
  |   Vbias prefactor (k)  :  0.0017 Eh       |
  |   Vbias exponent (α)   :  1.0000 bohr⁻²   |
  :::::::::: starting static MTD   3 ::::::::::
  |   MD simulation time   :     6.0 ps       |
  |   target T             :   400.0 K        |
  |   timestep dt          :     5.0 fs       |
  |   dump interval(trj)   :   100.0 fs       |
  |   SHAKE algorithm      : true (all bonds) |
  |   Vbias prefactor (k)  :  0.0017 Eh       |
  |   Vbias exponent (α)   :  1.0000 bohr⁻²   |
  :::::::::: starting static MTD   2 ::::::::::
  |   MD simulation time   :     6.0 ps       |
  |   target T             :   400.0 K        |
  |   timestep dt          :     5.0 fs       |
  |   dump interval(trj)   :   100.0 fs       |
  |   SHAKE algorithm      : true (all bonds) |
  |   Vbias prefactor (k)  :  0.0017 Eh       |
  |   Vbias exponent (α)   :  1.0000 bohr⁻²   |
  :::::::::: starting static MTD   6 ::::::::::
  |   MD simulation time   :     6.0 ps       |
  |   target T             :   400.0 K        |
  |   timestep dt          :     5.0 fs       |
  |   dump interval(trj)   :   100.0 fs       |
  |   SHAKE algorithm      : true (all bonds) |
  |   Vbias prefactor (k)  :  0.0017 Eh       |
  |   Vbias exponent (α)   :  1.0000 bohr⁻²   |
  :::::::::: starting static MTD  11 ::::::::::
  |   MD simulation time   :     6.0 ps       |
  |   target T             :   400.0 K        |
  |   timestep dt          :     5.0 fs       |
  |   dump interval(trj)   :   100.0 fs       |
  |   SHAKE algorithm      : true (all bonds) |
  |   Vbias prefactor (k)  :  0.0017 Eh       |
  |   Vbias exponent (α)   :  1.0000 bohr⁻²   |
  :::::::::: starting static MTD   7 ::::::::::
  |   MD simulation time   :     6.0 ps       |
  |   target T             :   400.0 K        |
  |   timestep dt          :     5.0 fs       |
  |   dump interval(trj)   :   100.0 fs       |
  |   SHAKE algorithm      : true (all bonds) |
  |   Vbias prefactor (k)  :  0.0017 Eh       |
  |   Vbias exponent (α)   :  1.0000 bohr⁻²   |
  :::::::::: starting static MTD  15 ::::::::::
  |   MD simulation time   :     6.0 ps       |
  |   target T             :   400.0 K        |
  |   timestep dt          :     5.0 fs       |
  |   dump interval(trj)   :   100.0 fs       |
  |   SHAKE algorithm      : true (all bonds) |
  |   Vbias prefactor (k)  :  0.0017 Eh       |
  |   Vbias exponent (α)   :  1.0000 bohr⁻²   |
  :::::::::: starting static MTD  12 ::::::::::
  |   MD simulation time   :     6.0 ps       |
  |   target T             :   400.0 K        |
  |   timestep dt          :     5.0 fs       |
  |   dump interval(trj)   :   100.0 fs       |
  |   SHAKE algorithm      : true (all bonds) |
  |   Vbias prefactor (k)  :  0.0017 Eh       |
  |   Vbias exponent (α)   :  1.0000 bohr⁻²   |
  :::::::::: starting static MTD   4 ::::::::::
  |   MD simulation time   :     6.0 ps       |
  |   target T             :   400.0 K        |
  |   timestep dt          :     5.0 fs       |
  |   dump interval(trj)   :   100.0 fs       |
  |   SHAKE algorithm      : true (all bonds) |
  |   Vbias prefactor (k)  :  0.0017 Eh       |
  |   Vbias exponent (α)   :  1.0000 bohr⁻²   |
  :::::::::: starting static MTD   8 ::::::::::
  |   MD simulation time   :     6.0 ps       |
  |   target T             :   400.0 K        |
  |   timestep dt          :     5.0 fs       |
  |   dump interval(trj)   :   100.0 fs       |
  |   SHAKE algorithm      : true (all bonds) |
  |   Vbias prefactor (k)  :  0.0017 Eh       |
  |   Vbias exponent (α)   :  1.0000 bohr⁻²   |
  :::::::::: starting static MTD  10 ::::::::::
  |   MD simulation time   :     6.0 ps       |
  |   target T             :   400.0 K        |
  |   timestep dt          :     5.0 fs       |
  |   dump interval(trj)   :   100.0 fs       |
  |   SHAKE algorithm      : true (all bonds) |
  |   Vbias prefactor (k)  :  0.0017 Eh       |
  |   Vbias exponent (α)   :  1.0000 bohr⁻²   |
  :::::::::: starting static MTD  13 ::::::::::
  |   MD simulation time   :     6.0 ps       |
  |   target T             :   400.0 K        |
  |   timestep dt          :     5.0 fs       |
  |   dump interval(trj)   :   100.0 fs       |
  |   SHAKE algorithm      : true (all bonds) |
  |   Vbias prefactor (k)  :  0.0017 Eh       |
  |   Vbias exponent (α)   :  1.0000 bohr⁻²   |
  :::::::::: starting static MTD  14 ::::::::::
  |   MD simulation time   :     6.0 ps       |
  |   target T             :   400.0 K        |
  |   timestep dt          :     5.0 fs       |
  |   dump interval(trj)   :   100.0 fs       |
  |   SHAKE algorithm      : true (all bonds) |
  |   Vbias prefactor (k)  :  0.0017 Eh       |
  |   Vbias exponent (α)   :  1.0000 bohr⁻²   |
  :::::::::: starting static MTD   9 ::::::::::
  |   MD simulation time   :     6.0 ps       |
  |   target T             :   400.0 K        |
  |   timestep dt          :     5.0 fs       |
  |   dump interval(trj)   :   100.0 fs       |
  |   SHAKE algorithm      : true (all bonds) |
  |   Vbias prefactor (k)  :  0.0017 Eh       |
  |   Vbias exponent (α)   :  1.0000 bohr⁻²   |
*sMTD   8 completed successfully ...        0 min, 40.064 sec
  :::::::::: starting static MTD  16 ::::::::::
  |   MD simulation time   :     6.0 ps       |
  |   target T             :   400.0 K        |
  |   timestep dt          :     5.0 fs       |
  |   dump interval(trj)   :   100.0 fs       |
  |   SHAKE algorithm      : true (all bonds) |
  |   Vbias prefactor (k)  :  0.0017 Eh       |
  |   Vbias exponent (α)   :  1.0000 bohr⁻²   |
*sMTD  13 completed successfully ...        0 min, 40.072 sec
  :::::::::: starting static MTD  17 ::::::::::
  |   MD simulation time   :     6.0 ps       |
  |   target T             :   400.0 K        |
  |   timestep dt          :     5.0 fs       |
  |   dump interval(trj)   :   100.0 fs       |
  |   SHAKE algorithm      : true (all bonds) |
  |   Vbias prefactor (k)  :  0.0017 Eh       |
  |   Vbias exponent (α)   :  1.0000 bohr⁻²   |
*sMTD   2 completed successfully ...        0 min, 40.151 sec
  :::::::::: starting static MTD  18 ::::::::::
  |   MD simulation time   :     6.0 ps       |
  |   target T             :   400.0 K        |
  |   timestep dt          :     5.0 fs       |
  |   dump interval(trj)   :   100.0 fs       |
  |   SHAKE algorithm      : true (all bonds) |
  |   Vbias prefactor (k)  :  0.0017 Eh       |
  |   Vbias exponent (α)   :  1.0000 bohr⁻²   |
*sMTD   9 completed successfully ...        0 min, 40.179 sec
  :::::::::: starting static MTD  19 ::::::::::
  |   MD simulation time   :     6.0 ps       |
  |   target T             :   400.0 K        |
  |   timestep dt          :     5.0 fs       |
  |   dump interval(trj)   :   100.0 fs       |
  |   SHAKE algorithm      : true (all bonds) |
  |   Vbias prefactor (k)  :  0.0017 Eh       |
  |   Vbias exponent (α)   :  1.0000 bohr⁻²   |
*sMTD  14 completed successfully ...        0 min, 40.184 sec
  :::::::::: starting static MTD  20 ::::::::::
  |   MD simulation time   :     6.0 ps       |
  |   target T             :   400.0 K        |
  |   timestep dt          :     5.0 fs       |
  |   dump interval(trj)   :   100.0 fs       |
  |   SHAKE algorithm      : true (all bonds) |
  |   Vbias prefactor (k)  :  0.0017 Eh       |
  |   Vbias exponent (α)   :  1.0000 bohr⁻²   |
*sMTD   4 completed successfully ...        0 min, 40.227 sec
  :::::::::: starting static MTD  21 ::::::::::
  |   MD simulation time   :     6.0 ps       |
  |   target T             :   400.0 K        |
  |   timestep dt          :     5.0 fs       |
  |   dump interval(trj)   :   100.0 fs       |
  |   SHAKE algorithm      : true (all bonds) |
  |   Vbias prefactor (k)  :  0.0017 Eh       |
  |   Vbias exponent (α)   :  1.0000 bohr⁻²   |
*sMTD   3 completed successfully ...        0 min, 40.399 sec
  :::::::::: starting static MTD  22 ::::::::::
  |   MD simulation time   :     6.0 ps       |
  |   target T             :   400.0 K        |
  |   timestep dt          :     5.0 fs       |
  |   dump interval(trj)   :   100.0 fs       |
  |   SHAKE algorithm      : true (all bonds) |
  |   Vbias prefactor (k)  :  0.0017 Eh       |
  |   Vbias exponent (α)   :  1.0000 bohr⁻²   |
*sMTD  10 completed successfully ...        0 min, 40.473 sec
  :::::::::: starting static MTD  23 ::::::::::
  |   MD simulation time   :     6.0 ps       |
  |   target T             :   400.0 K        |
  |   timestep dt          :     5.0 fs       |
  |   dump interval(trj)   :   100.0 fs       |
  |   SHAKE algorithm      : true (all bonds) |
  |   Vbias prefactor (k)  :  0.0017 Eh       |
  |   Vbias exponent (α)   :  1.0000 bohr⁻²   |
*sMTD  28 completed successfully ...        0 min, 40.499 sec
  :::::::::: starting static MTD  27 ::::::::::
  |   MD simulation time   :     6.0 ps       |
  |   target T             :   400.0 K        |
  |   timestep dt          :     5.0 fs       |
  |   dump interval(trj)   :   100.0 fs       |
  |   SHAKE algorithm      : true (all bonds) |
  |   Vbias prefactor (k)  :  0.0017 Eh       |
  |   Vbias exponent (α)   :  1.0000 bohr⁻²   |
*sMTD   7 completed successfully ...        0 min, 40.516 sec
  :::::::::: starting static MTD  24 ::::::::::
  |   MD simulation time   :     6.0 ps       |
  |   target T             :   400.0 K        |
  |   timestep dt          :     5.0 fs       |
  |   dump interval(trj)   :   100.0 fs       |
  |   SHAKE algorithm      : true (all bonds) |
  |   Vbias prefactor (k)  :  0.0017 Eh       |
  |   Vbias exponent (α)   :  1.0000 bohr⁻²   |
*sMTD  15 completed successfully ...        0 min, 40.605 sec
  :::::::::: starting static MTD  25 ::::::::::
  |   MD simulation time   :     6.0 ps       |
  |   target T             :   400.0 K        |
  |   timestep dt          :     5.0 fs       |
  |   dump interval(trj)   :   100.0 fs       |
  |   SHAKE algorithm      : true (all bonds) |
  |   Vbias prefactor (k)  :  0.0017 Eh       |
  |   Vbias exponent (α)   :  1.0000 bohr⁻²   |
*sMTD   6 completed successfully ...        0 min, 40.628 sec
  :::::::::: starting static MTD  26 ::::::::::
  |   MD simulation time   :     6.0 ps       |
  |   target T             :   400.0 K        |
  |   timestep dt          :     5.0 fs       |
  |   dump interval(trj)   :   100.0 fs       |
  |   SHAKE algorithm      : true (all bonds) |
  |   Vbias prefactor (k)  :  0.0017 Eh       |
  |   Vbias exponent (α)   :  1.0000 bohr⁻²   |
*sMTD  11 completed successfully ...        0 min, 40.680 sec
*sMTD   1 completed successfully ...        0 min, 40.779 sec
*sMTD  12 completed successfully ...        0 min, 41.083 sec
*sMTD   5 completed successfully ...        0 min, 41.193 sec
*sMTD  17 completed successfully ...        0 min, 35.775 sec
*sMTD  16 completed successfully ...        0 min, 36.003 sec
*sMTD  23 completed successfully ...        0 min, 35.694 sec
*sMTD  19 completed successfully ...        0 min, 36.034 sec
*sMTD  21 completed successfully ...        0 min, 36.039 sec
*sMTD  26 completed successfully ...        0 min, 35.715 sec
*sMTD  25 completed successfully ...        0 min, 35.797 sec
*sMTD  20 completed successfully ...        0 min, 36.265 sec
*sMTD  24 completed successfully ...        0 min, 36.006 sec
*sMTD  18 completed successfully ...        0 min, 36.492 sec
*sMTD  22 completed successfully ...        0 min, 36.421 sec
*sMTD  27 completed successfully ...        0 min, 36.639 sec

 ======================================
 |  Multilevel Ensemble Optimization  |
 ======================================
 Optimizing all 1652 structures from file "crest_rotamers_0.xyz" ...
 ----------------------
 crude pre-optimization
 ----------------------
 Optimization engine: ANCOPT
 Hessian update type: BFGS
 E/G convergence criteria:  0.500E-03 Eh, 0.100E-01 Eh/a0
 maximum optimization steps: 200
 |>0.1% |>7.5% |>15.0% |>22.5% |>30.0% |>37.5% |>45.0% |>52.5% |>60.0% |>67.6% |>75.0% |>82.5% |>90.0% |>97.5% |>100.0%
 done.
> 1652 of 1652 structures successfully optimized (100.0% success)
> Total runtime for 1652 optimizations:
 * wall-time:     0 d,  0 h,  0 min, 31.938 sec
 *  cpu-time:     0 d,  0 h,  8 min, 21.805 sec
 * ratio c/w:    15.712 speedup
> Corresponding to approximately 0.019 sec per processed structure

CREGEN> running RMSDs ... done.
CREGEN> E lowest :   -46.63066
 1502 structures remain within    12.00 kcal/mol window
 ---------------------------------------
 optimization with very tight thresholds
 ---------------------------------------
 Optimization engine: ANCOPT
 Hessian update type: BFGS
 E/G convergence criteria:  0.100E-06 Eh, 0.200E-03 Eh/a0
 maximum optimization steps: 200
 |>0.1% |>7.5% |>15.0% |>22.5% |>30.0% |>37.5% |>45.0% |>52.5% |>60.1% |>67.5% |>75.0% |>82.6% |>90.0% |>97.5% |>100.0%
 done.
> 1502 of 1502 structures successfully optimized (100.0% success)
> Total runtime for 1502 optimizations:
 * wall-time:     0 d,  0 h,  2 min, 38.852 sec
 *  cpu-time:     0 d,  0 h, 41 min, 52.706 sec
 * ratio c/w:    15.818 speedup
> Corresponding to approximately 0.106 sec per processed structure

CREGEN> running RMSDs ... done.
CREGEN> E lowest :   -46.63099
 191 structures remain within     6.00 kcal/mol window
CREGEN> running RMSDs ... done.
CREGEN> E lowest :   -46.63099

 Static MTD simulation iteration 2 finished
 A total of 27 conformers (+-3.70%) in crest_conformers.xyz
 S(approx.) =    5.448624 cal/molK (dS = 1.20%)
 Convergence w.r.t. conformers: F
 Convergence w.r.t. entropy   : F

 Warning: Nconf DECREASED, which is unphysical.
 Rewind ensemble and exit iterations ...
CREGEN> running RMSDs ... done.
CREGEN> E lowest :   -46.63099


 --------------------------
 Final Ensemble Information
 --------------------------
 input  file name : crest_rotamers_2.xyz
 output file name : crest_rotamers_3.xyz
 number of atoms                :   33
 number of points on xyz files  :   711
 RMSD threshold                 :   0.1250
 Bconst threshold               :   0.0100
 population threshold           :   0.0500
 # fragment in coord            :     1
 # bonds in reference structure :    33
 number of reliable points      :   711
 sorting energy window (EWIN)   :    6.0000 / kcal*mol⁻¹
 reference state Etot           :  -46.630990859999997
 number of doubles removed by rot/RMSD         :           0
 total number unique points considered further :         711
       Erel/kcal        Etot weight/tot  conformer     set   degen     origin
       1   0.000   -46.63099    0.00255    0.13756       1      54
       2   0.002   -46.63099    0.00254    0.13202       2      52
       3   0.004   -46.63098    0.00253    0.13662       3      54
       4   0.007   -46.63098    0.00252    0.12087       4      48
       5   0.107   -46.63082    0.00213    0.10438       5      49
       6   0.108   -46.63082    0.00213    0.10205       6      48
       7   0.569   -46.63008    0.00098    0.04289       7      44
       8   0.573   -46.63008    0.00097    0.03884       8      40
       9   0.584   -46.63006    0.00095    0.05602       9      59
      10   0.586   -46.63006    0.00095    0.02744      10      29
      11   0.675   -46.62991    0.00082    0.03342      11      41
      12   0.686   -46.62990    0.00080    0.02722      12      34
      13   1.295   -46.62893    0.00029    0.01086      13      38
      14   1.301   -46.62892    0.00028    0.00255      14       9
      15   1.307   -46.62891    0.00028    0.00028      15       1
      16   1.313   -46.62890    0.00028    0.01321      16      48
      17   1.329   -46.62887    0.00027    0.00054      17       2
      18   1.401   -46.62876    0.00024    0.00503      18      21
      19   1.404   -46.62875    0.00024    0.00024      19       1
      20   1.404   -46.62875    0.00024    0.00119      20       5
      21   1.409   -46.62875    0.00024    0.00024      21       1
      22   1.418   -46.62873    0.00023    0.00629      22      27
      23   2.395   -46.62717    0.00004    0.00004      23       1
      24   2.422   -46.62713    0.00004    0.00004      24       1
      25   2.422   -46.62713    0.00004    0.00004      25       1
      26   2.443   -46.62710    0.00004    0.00004      26       1
      27   2.513   -46.62699    0.00004    0.00004      27       1
      28   2.554   -46.62692    0.00003    0.00003      28       1
T /K                                  :   298.15
E lowest                              :   -46.63099
ensemble average energy (kcal)        :    0.216
ensemble entropy (J/mol K, cal/mol K) :   52.679   12.591
ensemble free energy (kcal/mol)       :   -3.754
population of lowest in %             :   13.756
 number of unique conformers for further calc           28
 list of relative energies saved as "crest.energies"
 compare nuclear equivalencies ...
::::::::::: conformer group all :::::::::::
 chemical equivalencies (mag.active nuclei):
reference atom  11 # : 2
reference atom  12 # : 2
reference atom  18 # : 3
reference atom  22 # : 3
reference atom  29 # : 3
 magnetic equivalencies:
reference atom  18 # : 3
reference atom  22 # : 3
reference atom  29 # : 3

******************************************************************************************
**                           ENSEMBLE ENTROPY CALCULATION                               **
******************************************************************************************
======================================================
 Containing 27 conformers :
     H(298.15K)-H(0) (conf)      0.214527
                   Cp(conf)      0.798094
                    S(conf)      5.446703
======================================================
 Containing 28 conformers :
     H(298.15K)-H(0) (conf)      0.214848
                   Cp(conf)      0.796839
                    S(conf)      5.512637
======================================================

 --------------------------------------
 FINAL CALCULATION OF MOLECULAR ENTROPY
 --------------------------------------

WARNING: Not enough blocks for extrapolation.
         Taking full ensemble entropy instead.

FINAL ENTROPY (max conf.)  :      5.51264

 ----------------------------------
 Frequency Calculation and Averages
 ----------------------------------
 Nconf on file      : 28
 Taken for Hessians : 11 (= 91.89% total population)
 T range  /K    :   278.15   378.15
 scaling factor :          1.000000     
 rotor cutoff   :         25.000000 cm⁻¹
 imag. cutoff   :        -50.000000 cm⁻¹

 Running 11 calculations ...
 |>9.1% |>18.2% |>27.3% |>36.4% |>45.5% |>54.5% |>63.6% |>72.7% |>81.8% |>90.9% |>100.0%
 done.
 calculating averages for G and S ...    done.
 calculating Boltzmann weights ...       done.
 calculating reference S (bhess) ... > bhess not implemented for calculator routines
    done.
 calculating δSrrho ...                  done.

 Coordinates for the bhess reference structure (Ångström):
 -----------------------------------------------------------
  33

 O          3.2474762555       -1.7945389770       -0.8075538761
 C          3.1661978109       -0.8390034134        0.1233566099
 O          3.4062671068       -1.0449679705        1.2826808107
 C          2.7127211741        0.4912859625       -0.4497279871
 C          1.2063227835        0.5743921277       -0.2868301699
 C          0.3930472702        0.8173480857       -1.3881534488
 C         -0.9834759645        0.9096349673       -1.2377653333
 C         -1.5719333433        0.7615136699        0.0147509421
 C         -0.7531089419        0.5147707970        1.1153245581
 C          0.6211157196        0.4221261554        0.9683115271
 H          1.2421438119        0.2227529880        1.8344502757
 H         -1.1940855752        0.3957879007        2.0994509342
 C         -3.0678861627        0.8279612997        0.1811406937
 H         -3.3101203989        1.4227270673        1.0676963817
 H         -3.5219270916        1.3162922318       -0.6868405004
 C         -3.6760555994       -0.5797146501        0.3520359211
 C         -3.4482692843       -1.4302741898       -0.9000250802
 H         -3.8727999379       -2.4250257210       -0.7613624381
 H         -2.3814324310       -1.5346060436       -1.0996891624
 H         -3.9206428504       -0.9693714081       -1.7690654586
 C         -5.1711868071       -0.4700956403        0.6617844578
 H         -5.6979228966        0.0211448925       -0.1578067165
 H         -5.3294497605        0.1084752342        1.5725568497
 H         -5.5999316518       -1.4627251045        0.8037533924
 H         -3.1783315558       -1.0682071811        1.2011603478
 H         -1.6033543197        1.1037173572       -2.1066816536
 H          0.8341186617        0.9363148445       -2.3721845777
 C          3.4130055595        1.6391420396        0.2864130719
 H          4.4839577885        1.6127912681        0.0860357435
 H          3.0125409861        2.5952623969       -0.0480743492
 H          3.2570849425        1.5450542543        1.3606748090
 H          2.9641929325        0.5164562857       -1.5154143995
 H          3.5121854131       -2.6281039027       -0.3848338668
 -----------------------------------------------------------
 as read from <coord>
 Heavy-atom RMSD between lowest conformer and this reference :
 RMSD(heavy) =        1.238674 Å

 msRRHO(bhess) reference entropies:
      278.15        127.089769
      288.15        129.168438
      298.15        131.238311
      308.15        133.300102
      318.15        135.354343
      328.15        137.401411
      338.15        139.441550
      348.15        141.474893
      358.15        143.501480
      368.15        145.521279
      378.15        147.534194

       T/K  |S(T)|/cal/molK       |G(T)|/Eh     G_lowest/Eh    (conf)
   -----------------------------------------------------------------
    278.15    0.126841E+03    0.237841E+00      -46.393538         3
    288.15    0.128914E+03    0.235825E+00      -46.395565         3
    298.15    0.130979E+03    0.233777E+00      -46.397625         3
    308.15    0.133036E+03    0.231695E+00      -46.399718         3
    318.15    0.135086E+03    0.229580E+00      -46.401844         3
    328.15    0.137128E+03    0.227433E+00      -46.404003         3
    338.15    0.139164E+03    0.225253E+00      -46.406194         3
    348.15    0.141194E+03    0.223041E+00      -46.408418         3
    358.15    0.143216E+03    0.220797E+00      -46.410674         3
    368.15    0.145232E+03    0.218520E+00      -46.412963         3
    378.15    0.147242E+03    0.216211E+00      -46.415283         3
   -----------------------------------------------------------------
   NOTE: if |G(T)| is the averaged contributrion to the free energy.
   |G(T)| used only for the higher-energetic structures (n > 11).
   All other structures use G(T) from the respective Hessian calculations.

 Quantities calculated on free energies:
       T/K          δSrrho           Cp(T)     [H(T)-H(0)]
   -------------------------------------------------------
    278.15   -0.248612E+00    0.118798E+01        0.242452
    288.15   -0.253945E+00    0.117460E+01        0.254527
    298.15   -0.259033E+00    0.116035E+01        0.266516
    308.15   -0.263890E+00    0.114540E+01        0.278411
    318.15   -0.268532E+00    0.112991E+01        0.290207
    328.15   -0.272970E+00    0.111403E+01        0.301898
    338.15   -0.277217E+00    0.109786E+01        0.313481
    348.15   -0.281284E+00    0.108150E+01        0.324953
    358.15   -0.285182E+00    0.106505E+01        0.336312
    368.15   -0.288920E+00    0.104857E+01        0.347556
    378.15   -0.292508E+00    0.103213E+01        0.358685
   -------------------------------------------------------
   NOTE: δSrrho(T) = |S(T)| - Sref(T)

 ----------------------
 TEMPERATURE DEPENDENCE
 ----------------------

 Final CONFORMATIONAL quantities at given T:
       T/K        S(total)           Cp(T)     [H(T)-H(0)]        G(total)
   -----------------------------------------------------------------------
    278.15        5.166217        1.187981        0.242452       -1.194531
    288.15        5.211116        1.174600        0.254527       -1.247056
    298.15        5.253604        1.160345        0.266516       -1.299846
    308.15        5.293815        1.145397        0.278411       -1.352878
    318.15        5.331875        1.129913        0.290207       -1.406129
    328.15        5.367908        1.114028        0.301898       -1.459581
    338.15        5.402029        1.097858        0.313481       -1.513215
    348.15        5.434350        1.081504        0.324953       -1.567016
    358.15        5.464976        1.065051        0.336312       -1.620970
    368.15        5.494007        1.048573        0.347556       -1.675063
    378.15        5.521537        1.032130        0.358685       -1.729284
   -----------------------------------------------------------------------
   S and Cp in cal/mol*K; H and G in kcal/mol
   G(total) is the ensemble free energy (H-T*S) and S(total) = S(conf,extrapol.) + δSrrho

 ----------------------------------------------------
 |      FINAL MOLECULAR ENTROPY AT T= 298.15 K      |
 ----------------------------------------------------
     Sconf   =          5.512637
   + δSrrho  =         -0.259033
 -----------------------------------------------------
 = S(total)  =          5.253604  (cal mol⁻¹ K⁻¹)

   H(T)-H(0) =          0.266516
   G         =         -1.566362   (-T*S)
 -----------------------------------------------------
 = G(total)  =         -1.299846  (H-T*S) (kcal mol⁻¹)

   Cp(total) =          1.160345  (cal mol⁻¹ K⁻¹)


 -----------------
 Wall Time Summary
 -----------------
 CREST runtime (total)               0 d,  0 h, 17 min, 14.228 sec
 ------------------------------------------------------------------
 Trial metadynamics (MTD)   ...        0 min,  4.998 sec (  0.483%)
 Metadynamics (MTD)         ...        2 min, 21.315 sec ( 13.664%)
 Geometry optimization      ...       12 min,  5.964 sec ( 70.194%)
 Static metadynamics (sMTD) ...        2 min, 33.320 sec ( 14.825%)
 Conf. entropy evaluation   ...        0 min,  6.890 sec (  0.666%)
 I/O and setup              ...        0 min,  1.739 sec (  0.168%)
 ------------------------------------------------------------------
 * wall-time:     0 d,  0 h, 17 min, 14.228 sec
 *  cpu-time:     0 d,  4 h, 14 min, 45.808 sec
 * ratio c/w:    14.780 speedup
 ------------------------------------------------------------------
 * Total number of energy+grad calls: 540016

 CREST terminated normally.
