  51
 Etot=         -86.7096439391
 F          6.6319006826        1.7328852438       -0.6977163993
 C          5.5304233443        0.9907630255       -0.4501739101
 C          5.3123864508       -0.1591109066       -1.1887734090
 C          4.1860058060       -0.9156021413       -0.9347833915
 C          3.2869924531       -0.5179660822        0.0551998242
 C          3.5244861007        0.6438047984        0.7872065233
 C          4.6510672844        1.4028133441        0.5342580549
 H          4.8510039758        2.3049111254        1.0901237729
 H          2.8254990142        0.9556458813        1.5472893116
 N          2.1588638999       -1.2812620945        0.3110468524
 C          1.6487415975       -2.4286889808       -0.2217977937
 O          2.0081804124       -3.1402476714       -1.1201152896
 C          0.4683551621       -2.4179668676        0.7479034434
 C         -0.9069314514       -2.3994073970        0.1007548206
 C         -2.0260299057       -2.4145922814        1.1411948292
 H         -1.9871245725       -3.3491672959        1.7041063418
 H         -1.8866996220       -1.5840002755        1.8347308914
 C         -3.4319319515       -2.2858514388        0.5125642938
 C         -3.5719108347       -0.9217500037       -0.1331534329
 C         -3.9249005046        0.1641848396        0.6605261575
 C         -4.0081125341        1.4371098622        0.1312503857
 C         -3.7187126784        1.6126322285       -1.2090301345
 C         -3.3840749641        0.5549449633       -2.0298613189
 C         -3.3178590554       -0.7145271930       -1.4827079090
 H         -3.0711391169       -1.5437987829       -2.1289421515
 H         -3.1774553715        0.7259502890       -3.0745551901
 F         -3.7392319861        2.8650445088       -1.7266677825
 H         -4.2795259935        2.2843682997        0.7401870924
 H         -4.1376506682        0.0106240243        1.7076927263
 H         -4.1722238042       -2.3639608525        1.3174318869
 O         -3.7351287320       -3.3578547611       -0.3412292760
 H         -3.0786787739       -3.3962458547       -1.0453447361
 H         -0.9710155293       -3.2842222283       -0.5383043148
 H         -1.0008466401       -1.5110978298       -0.5272386570
 H          0.5305873261       -3.2281346489        1.4766520596
 C          1.0805915090       -1.0867921952        1.2784443684
 C          0.2871756173        0.1721275291        1.0951787015
 C          0.1553468368        0.7652281246       -0.1544043126
 C         -0.5662203250        1.9328449994       -0.3091303116
 C         -1.1759534582        2.5296535038        0.7887236447
 C         -1.0527616987        1.9363165326        2.0428110702
 C         -0.3267411823        0.7735352388        2.1885489900
 H         -0.2295744579        0.3266202075        3.1677865941
 H         -1.5266845425        2.4084151470        2.8881730274
 O         -1.8897846988        3.6753668013        0.6926792986
 H         -1.9710741056        3.9489435954       -0.2303738465
 H         -0.6544534739        2.3879953904       -1.2860509379
 H          0.6366575010        0.3234034790       -1.0147539067
 H          1.4351309309       -1.1608991949        2.3128810559
 H          3.9916828678       -1.8160582678       -1.4945863855
 H          6.0192103491       -0.4506393291       -1.9490336432
  51
 Etot=         -86.7096439241
 F          6.6318966242        1.7328869226       -0.6977190753
 C          5.5304275553        0.9907678686       -0.4501660106
 C          5.3123960331       -0.1591169580       -1.1887749136
 C          4.1860107697       -0.9156200267       -0.9347786182
 C          3.2869839408       -0.5179701972        0.0551862767
 C          3.5244900196        0.6438163072        0.7872121349
 C          4.6510800621        1.4028127221        0.5342648994
 H          4.8510007173        2.3049200249        1.0901187483
 H          2.8254956882        0.9556495731        1.5472917614
 N          2.1588575941       -1.2812821620        0.3110433446
 C          1.6487637862       -2.4287272332       -0.2218534295
 O          2.0081527896       -3.1401899654       -1.1200403402
 C          0.4683487596       -2.4179776641        0.7478922341
 C         -0.9069334356       -2.3994138836        0.1007541729
 C         -2.0260209280       -2.4145927786        1.1411964702
 H         -1.9871257208       -3.3491763429        1.7041025268
 H         -1.8867017163       -1.5839885527        1.8347313525
 C         -3.4319325821       -2.2858636992        0.5125607841
 C         -3.5719110390       -0.9217463838       -0.1331425037
 C         -3.9248888314        0.1642001477        0.6605309144
 C         -4.0081097499        1.4371087093        0.1312422262
 C         -3.7187198492        1.6126399017       -1.2090301686
 C         -3.3840861629        0.5549555731       -2.0298662672
 C         -3.3178559029       -0.7145289932       -1.4827209660
 H         -3.0711335896       -1.5438001637       -2.1289409677
 H         -3.1774515988        0.7259518942       -3.0745595911
 F         -3.7392266028        2.8650287459       -1.7266581402
 H         -4.2795316631        2.2843723048        0.7401919775
 H         -4.1376542640        0.0106232261        1.7076892766
 H         -4.1722307223       -2.3639670276        1.3174290812
 O         -3.7351298028       -3.3578603944       -0.3412223156
 H         -3.0786775736       -3.3962429603       -1.0453410230
 H         -0.9710102644       -3.2842325491       -0.5383035983
 H         -1.0008428990       -1.5110869554       -0.5272356748
 H          0.5305836004       -3.2281276625        1.4766491855
 C          1.0805984583       -1.0868026622        1.2784389620
 C          0.2871732246        0.1721070907        1.0951748162
 C          0.1553439238        0.7652304186       -0.1544228046
 C         -0.5662111481        1.9328502161       -0.3091324827
 C         -1.1759632035        2.5296544004        0.7887382939
 C         -1.0527587757        1.9363237306        2.0428042318
 C         -0.3267372093        0.7735677507        2.1885719835
 H         -0.2295848329        0.3266180236        3.1677871937
 H         -1.5266915946        2.4084143125        2.8881798445
 O         -1.8897780241        3.6753515246        0.6926854656
 H         -1.9710734728        3.9489446225       -0.2303753334
 H         -0.6544573837        2.3879918197       -1.2860550610
 H          0.6366620514        0.3234033120       -1.0147576705
 H          1.4351341821       -1.1608948313        2.3128755944
 H          3.9916783760       -1.8160547221       -1.4945897314
 H          6.0192088754       -0.4506379663       -1.9490394877
  51
 Etot=         -86.7096439449
 F          6.6318738390        1.7329117246       -0.6978233301
 C          5.5305087707        0.9906821846       -0.4501191113
 C          5.3124791508       -0.1592242810       -1.1886924523
 C          4.1860889705       -0.9157163466       -0.9346925070
 C          3.2870151649       -0.5180037869        0.0552150783
 C          3.5245345298        0.6437942878        0.7872213274
 C          4.6511514966        1.4027701071        0.5342958011
 H          4.8509134154        2.3050741542        1.0899042605
 H          2.8254800993        0.9557277335        1.5472143017
 N          2.1588568800       -1.2812759403        0.3110471353
 C          1.6487256565       -2.4287060716       -0.2217918896
 O          2.0081677647       -3.1402553305       -1.1200208933
 C          0.4683142261       -2.4179711993        0.7478884781
 C         -0.9069481722       -2.3994347328        0.1007250693
 C         -2.0260323912       -2.4146074965        1.1411793262
 H         -1.9871335459       -3.3492146282        1.7040576156
 H         -1.8867320951       -1.5839654719        1.8346843014
 C         -3.4319421362       -2.2858816584        0.5125458070
 C         -3.5718795276       -0.9217382782       -0.1331524058
 C         -3.9248260326        0.1642135761        0.6605388697
 C         -4.0081225605        1.4371257882        0.1312569624
 C         -3.7187779380        1.6126465698       -1.2090292667
 C         -3.3841498448        0.5549757334       -2.0298869459
 C         -3.3178480539       -0.7145016844       -1.4827278447
 H         -3.0709656441       -1.5437535728       -2.1289284003
 H         -3.1774313319        0.7260100409       -3.0745640471
 F         -3.7391924681        2.8650608186       -1.7266148296
 H         -4.2796090772        2.2843708294        0.7401987627
 H         -4.1376889405        0.0106250948        1.7076747980
 H         -4.1722791682       -2.3640295728        1.3173753373
 O         -3.7351014879       -3.3579089011       -0.3412204845
 H         -3.0786291226       -3.3962784864       -1.0453134126
 H         -0.9709745565       -3.2842875984       -0.5383086450
 H         -1.0008238183       -1.5110750610       -0.5272227927
 H          0.5305190598       -3.2281038856        1.4766616024
 C          1.0805769110       -1.0867983097        1.2784227212
 C          0.2871664938        0.1721373781        1.0951909377
 C          0.1553465467        0.7652440632       -0.1544101129
 C         -0.5661853100        1.9328881757       -0.3091023863
 C         -1.1759399444        2.5296720069        0.7887696568
 C         -1.0526951718        1.9363978995        2.0428681158
 C         -0.3266206606        0.7736615295        2.1886140717
 H         -0.2297541232        0.3265676490        3.1678003375
 H         -1.5267789110        2.4083937406        2.8882127575
 O         -1.8898306253        3.6753274213        0.6927225064
 H         -1.9710908521        3.9489290163       -0.2303287484
 H         -0.6545598755        2.3879519853       -1.2860547185
 H          0.6366804639        0.3234332441       -1.0147636932
 H          1.4351694218       -1.1608645939        2.3128374062
 H          3.9916418586       -1.8160590715       -1.4946334423
 H          6.0191891562       -0.4506483850       -1.9491034069
