  41
 Etot=         -68.8344423746
 S         -0.4569795880       -0.6757387114       -0.9944531779
 O         -1.1165075890        2.2639596978        2.1566717770
 O         -4.8389608513       -0.7270614121        0.1464250401
 O         -3.8062547192        0.2641390159       -1.5662165500
 O          2.4569186911        3.0629577845       -1.0142198160
 N         -1.8695687456        1.1622070556        0.2240965120
 N          1.2964758884        1.5441342409        0.1898977665
 C         -0.9505015003        1.0813618399       -0.8844801617
 C         -1.6217941739       -1.2096111828        0.3589864136
 C         -2.6193274579       -0.0217805594        0.5240359301
 C         -0.0004029803        2.0458199239       -0.1195964357
 C         -1.0309062685        1.9093359896        1.0185222334
 C         -2.2954755552       -2.5047592827       -0.0655737357
 C         -0.8259185720       -1.4010739415        1.6447524485
 C         -3.7973451100       -0.1315540540       -0.4357828231
 C          2.4332849851        2.0502019660       -0.3570588849
 C          3.6757522105        1.2320549644       -0.0112884274
 C          3.3797758976       -0.2385273342        0.0378894984
 C          3.1919786135       -0.8912763588        1.2516345177
 C          3.2184180547       -0.9563778678       -1.1421680481
 C          2.8519918483       -2.2331123029        1.2843551175
 C          2.8755614246       -2.2952831357       -1.1099173665
 C          2.6890246395       -2.9365808567        0.1033711254
 H         -1.3455916601        1.4014966405       -1.8475490379
 H         -2.9949400513        0.0178819963        1.5495299561
 H          0.1101901286        3.0383773898       -0.5617095159
 H         -1.5585010458       -3.3034038362       -0.1021946872
 H         -3.0736254297       -2.7751050992        0.6459196025
 H         -2.7368377022       -2.4051894001       -1.0547226518
 H         -1.4574900664       -1.8431935435        2.4133788945
 H          0.0187286481       -2.0621342857        1.4615325038
 H         -0.4458013308       -0.4518083456        2.0184512611
 H          1.3455155257        0.6318615872        0.6239118146
 H         -5.5874893840       -0.7939407588       -0.4691513363
 H          4.0394607817        1.5866268432        0.9561067624
 H          4.4322792601        1.4599659489       -0.7634243380
 H          3.3159496808       -0.3467790177        2.1778520894
 H          3.3566070564       -0.4560885215       -2.0891801050
 H          2.7141617566       -2.7279319621        2.2351761881
 H          2.7486825339       -2.8393259043       -2.0334407786
 H          2.4198686464       -3.9822275309        0.1283214542
  41
 Etot=         -68.8344423612
 S         -0.4569910803       -0.6757238204       -0.9944455075
 O         -1.1165051570        2.2639574744        2.1566713028
 O         -4.8389562735       -0.7270605916        0.1464236041
 O         -3.8062545186        0.2641367268       -1.5662189604
 O          2.4569192824        3.0629644389       -1.0142323149
 N         -1.8695627465        1.1622089464        0.2240888257
 N          1.2964686953        1.5441356352        0.1898942598
 C         -0.9504965633        1.0813719394       -0.8844890372
 C         -1.6217841621       -1.2096298266        0.3589860976
 C         -2.6193151900       -0.0217870340        0.5240305986
 C         -0.0003998800        2.0458126876       -0.1195969329
 C         -1.0309053686        1.9093454370        1.0185241191
 C         -2.2954817581       -2.5047644561       -0.0655671671
 C         -0.8259231994       -1.4010725538        1.6447578318
 C         -3.7973499743       -0.1315458732       -0.4357780361
 C          2.4332915149        2.0502061860       -0.3570364721
 C          3.6757408578        1.2320402384       -0.0112916445
 C          3.3797853607       -0.2385333927        0.0378906370
 C          3.1919718459       -0.8912756727        1.2516272922
 C          3.2184164527       -0.9563699591       -1.1421631778
 C          2.8519802765       -2.2331037459        1.2843563700
 C          2.8755637630       -2.2952804946       -1.1099236288
 C          2.6890195078       -2.9365882540        0.1033746837
 H         -1.3455907217        1.4014966560       -1.8475487880
 H         -2.9949411332        0.0178789498        1.5495288933
 H          0.1101872479        3.0383743645       -0.5617070659
 H         -1.5585021452       -3.3034002921       -0.1021951903
 H         -3.0736264176       -2.7751088721        0.6459195040
 H         -2.7368350309       -2.4051898689       -1.0547218981
 H         -1.4574908387       -1.8431939889        2.4133822240
 H          0.0187284086       -2.0621328973        1.4615307085
 H         -0.4458013885       -0.4518101698        2.0184502698
 H          1.3455115640        0.6318578248        0.6239154048
 H         -5.5874882646       -0.7939423707       -0.4691516667
 H          4.0394596225        1.5866297656        0.9560997424
 H          4.4322813339        1.4599682030       -0.7634219412
 H          3.3159534248       -0.3467804299        2.1778514320
 H          3.3566089185       -0.4560898598       -2.0891811732
 H          2.7141660254       -2.7279325138        2.2351745852
 H          2.7486820540       -2.8393241693       -2.0334390961
 H          2.4198721455       -3.9822266870        0.1283223412
  41
 Etot=         -68.8344423758
 S         -0.4570025725       -0.6757089294       -0.9944378370
 O         -1.1165027250        2.2639552511        2.1566708286
 O         -4.8389516957       -0.7270597712        0.1464221682
 O         -3.8062543180        0.2641344378       -1.5662213707
 O          2.4569198738        3.0629710933       -1.0142448138
 N         -1.8695567474        1.1622108372        0.2240811393
 N          1.2964615021        1.5441370295        0.1898907531
 C         -0.9504916263        1.0813820389       -0.8844979128
 C         -1.6217741503       -1.2096484705        0.3589857815
 C         -2.6193029220       -0.0217935086        0.5240252672
 C         -0.0003967796        2.0458054513       -0.1195974302
 C         -1.0309044688        1.9093548843        1.0185260049
 C         -2.2954879610       -2.5047696296       -0.0655605985
 C         -0.8259278268       -1.4010711661        1.6447632151
 C         -3.7973548385       -0.1315376925       -0.4357732490
 C          2.4332980447        2.0502104060       -0.3570140593
 C          3.6757295051        1.2320255124       -0.0112948615
 C          3.3797948237       -0.2385394512        0.0378917755
 C          3.1919650783       -0.8912749866        1.2516200668
 C          3.2184148508       -0.9563620504       -1.1421583075
 C          2.8519687046       -2.2330951889        1.2843576224
 C          2.8755661013       -2.2952778535       -1.1099298910
 C          2.6890143760       -2.9365956513        0.1033782420
 H         -1.3455897833        1.4014966714       -1.8475485381
 H         -2.9949422151        0.0178759032        1.5495278305
 H          0.1101843672        3.0383713392       -0.5617046160
 H         -1.5585032446       -3.3033967480       -0.1021956934
 H         -3.0736274055       -2.7751126450        0.6459194056
 H         -2.7368323595       -2.4051903378       -1.0547211445
 H         -1.4574916110       -1.8431944344        2.4133855536
 H          0.0187281690       -2.0621315088        1.4615289132
 H         -0.4458014461       -0.4518119940        2.0184492785
 H          1.3455076024        0.6318540624        0.6239189951
 H         -5.5874871451       -0.7939439826       -0.4691519971
 H          4.0394584633        1.5866326880        0.9560927224
 H          4.4322834077        1.4599704571       -0.7634195444
 H          3.3159571689       -0.3467818422        2.1778507745
 H          3.3566107807       -0.4560911982       -2.0891822413
 H          2.7141702942       -2.7279330656        2.2351729824
 H          2.7486815740       -2.8393224343       -2.0334374136
 H          2.4198756445       -3.9822258431        0.1283232283
