
       ╔════════════════════════════════════════════════╗
       ║                                                ║
       ║     ██████╗██████╗ ███████╗███████╗████████╗   ║
       ║    ██╔════╝██╔══██╗██╔════╝██╔════╝╚══██╔══╝   ║
       ║    ██║     ██████╔╝█████╗  ███████╗   ██║      ║
       ║    ██║     ██╔══██╗██╔══╝  ╚════██║   ██║      ║
       ║    ╚██████╗██║  ██║███████╗███████║   ██║      ║
       ║     ╚═════╝╚═╝  ╚═╝╚══════╝╚══════╝   ╚═╝      ║
       ║                                                ║
       ║    Conformer-Rotamer Ensemble Sampling Tool    ║
       ║            based on the xTB methods            ║
       ║                                                ║
       ╚════════════════════════════════════════════════╝
        Version 3.0.2, Mon, 29 September 16:25:59, 09/29/2025
        commit (c39758d) compiled by 'andrey@PC1'

   Cite work conducted with this code as

   • P.Pracht, F.Bohle, S.Grimme, PCCP, 2020, 22, 7169-7192.
   • S.Grimme, JCTC, 2019, 15, 2847-2862.
   • P.Pracht, S.Grimme, C.Bannwarth, F.Bohle, S.Ehlert,
     G.Feldmann, J.Gorges, M.Müller, T.Neudecker, C.Plett,
     S.Spicher, P.Steinbach, P.Wesołowski, F.Zeller,
     J. Chem. Phys., 2024, 160, 114110.

   for works involving QCG cite

   • S.Spicher, C.Plett, P.Pracht, A.Hansen, S.Grimme,
     JCTC, 2022, 18 (5), 3174-3189.
   • C.Plett, S. Grimme,
     Angew. Chem. Int. Ed. 2023, 62, e202214477.

   for works involving MECP screening cite

   • P.Pracht, C.Bannwarth, JCTC, 2022, 18 (10), 6370-6385.

   Original code
     P.Pracht, S.Grimme, Universität Bonn, MCTC
   with help from (alphabetical order):
     C.Bannwarth, F.Bohle, S.Ehlert, G.Feldmann, J.Gorges,
     S.Grimme, C.Plett, P.Pracht, S.Spicher, P.Steinbach,
     P.Wesolowski, F.Zeller

   Online documentation is available at
   https://crest-lab.github.io/crest-docs/

   This program is distributed in the hope that it will be useful,
   but WITHOUT ANY WARRANTY; without even the implied warranty of
   MERCHANTABILITY or FITNESS FOR A PARTICULAR PURPOSE. See the
   GNU Lesser General Public License (LGPL) for more details.

 Command line input:
 $ ./crest m1_00_Enzalutamide_best.xyz --T 16 --entropy --gfn2 --chrg 0

  --T 16 (CPUs/Threads selected)
  --entropy : enhanced ensemble entropy calculation
  --gfn2               : Use of GFN2-xTB requested.
  --chrg 0

> Setting up backup calculator ... done.
 ----------------
 Calculation info
 ----------------
> User-defined calculation level:
 : xTB calculation via tblite lib
 : GFN2-xTB level
 :   Molecular charge    : 0
 :   Fermi temperature   : 300.00000
 :   Accuracy            : 1.00000
 :   max SCC cycles      : 500


 -----------------------------
 Initial Geometry Optimization
 -----------------------------
 Geometry successfully optimized.

          ┍━━━━━━━━━━━━━━━━━━━━━━━━━━━━━━━━━━━━━━━━━━━━━━━━━┑
          │              CREST ENTROPY SAMPLING             │
          ┕━━━━━━━━━━━━━━━━━━━━━━━━━━━━━━━━━━━━━━━━━━━━━━━━━┙

 please cite:
 • P.Pracht, S.Grimme, Chem. Sci., 2021, 12, 6551-6568.
 • J.Gorges, S.Grimme, A.Hansen, P.Pracht, PCCP, 2022,24, 12249-12259.

 Input structure:
  48

 S          0.4238202595       -1.6451414041       -0.8050002889
 C          0.2256772515       -0.0369757197       -0.5915366134
 N          1.2065815886        0.8851251000       -0.4785129282
 C          2.5697446776        0.5481163799       -0.3294024467
 C          2.9523213217       -0.3191280358        0.6861227983
 C          4.2849899457       -0.6546754667        0.8234056545
 C          5.2690018268       -0.1422674540       -0.0154260107
 C          4.8577456692        0.7388107591       -1.0127363415
 C          3.5303059404        1.0751183841       -1.1848116699
 H          3.2410612466        1.7307317362       -1.9890555274
 H          5.6191091989        1.1514169225       -1.6569116626
 C          6.7440884225       -0.4098586055        0.0875078909
 O          7.5477355173        0.4092589426       -0.3143250613
 N          7.0950012208       -1.6000670996        0.6104685108
 H          6.3977286941       -2.2487283388        0.9360968569
 C          8.4749411604       -1.9875391558        0.7688864636
 H          8.6790439136       -2.9067326347        0.2173517641
 H          8.7117054822       -2.1424268579        1.8229945711
 H          9.0917459537       -1.1822478102        0.3735461365
 F          4.6091178679       -1.4879391840        1.8352741522
 H          2.2280583573       -0.7420667692        1.3638618790
 C          0.6768878918        2.2183250309       -0.2214964778
 C         -0.8284188903        1.9669735055       -0.2493593603
 O         -1.7000435732        2.7804410072       -0.1142069276
 N         -0.9993622214        0.6196099624       -0.4910913391
 C         -2.2586468618        0.0012302658       -0.6085200856
 C         -2.5100958497       -0.9033036377       -1.6352929384
 C         -3.7498360460       -1.5018505728       -1.7351332801
 C         -4.7573995863       -1.1933862724       -0.8220611445
 C         -4.4989314251       -0.2702010522        0.1987473123
 C         -3.2547617397        0.3220853414        0.3089895238
 H         -3.0618493568        1.0337247330        1.0958396547
 C         -5.5915411441        0.0605152723        1.1820742823
 F         -6.6603159712        0.6100856087        0.5854812330
 F         -6.0308702511       -1.0287517660        1.8335009291
 F         -5.1933188023        0.9257676574        2.1233116799
 C         -6.0246324814       -1.8142920991       -0.9499861467
 N         -7.0380478719       -2.3298970835       -1.0817615668
 H         -3.9516216308       -2.2084661100       -2.5252117042
 H         -1.7387437792       -1.1399343948       -2.3497015353
 C          1.0301387098        3.2373119048       -1.3059967328
 H          0.8877183575        2.8089448358       -2.2958818021
 H          2.0575607542        3.5737224113       -1.1987787449
 H          0.3682786466        4.0941271599       -1.2021947351
 C          1.0944766726        2.7187234103        1.1629538187
 H          2.1661522475        2.9024614656        1.1876774519
 H          0.8462905809        1.9851831864        1.9276042769
 H          0.5669691890        3.6429932228        1.3824992659

 ------------------------------------------------
 Generating MTD length from a flexibility measure
 ------------------------------------------------
 Calculating GFN0-xTB WBOs   ... done.
 Calculating NCI flexibility ... done.
     covalent flexibility measure :   0.072
 non-covalent flexibility measure :   0.674
 flexibility measure :   0.126
 t(MTD) / ps    :     7.0
 Σ(t(MTD)) / ps :   168.0 (24 MTDs)

 -----------------------------------
 Starting trial MTD to test settings
 -----------------------------------
 Trial MTD 1 runtime (1.0 ps) ...        0 min,  8.479 sec
 Estimated runtime for one MTD (7.0 ps) on a single thread: 59 sec
 Estimated runtime for a batch of 24 MTDs on 16 threads: 1 min 59 sec

********************************************************************************
**                    N E W   I T E R A T I O N  C Y C L E                    **
********************************************************************************

 ------------------------------
 Meta-Dynamics Iteration 1
 ------------------------------
 list of applied metadynamics Vbias parameters:
$metadyn    0.36000   1.618
$metadyn    0.18000   1.618
$metadyn    0.09000   1.618
$metadyn    0.04500   1.618
$metadyn    0.36000   1.000
$metadyn    0.18000   1.000
$metadyn    0.09000   1.000
$metadyn    0.04500   1.000
$metadyn    0.36000   0.618
$metadyn    0.18000   0.618
$metadyn    0.09000   0.618
$metadyn    0.04500   0.618
$metadyn    0.36000   0.382
$metadyn    0.18000   0.382
$metadyn    0.09000   0.382
$metadyn    0.04500   0.382
$metadyn    0.36000   0.236
$metadyn    0.18000   0.236
$metadyn    0.09000   0.236
$metadyn    0.04500   0.236
$metadyn    0.36000   0.146
$metadyn    0.18000   0.146
$metadyn    0.09000   0.146
$metadyn    0.04500   0.146

  ::::::::::::: starting MTD   11 :::::::::::::
  |   MD simulation time   :     7.0 ps       |
  |   target T             :   300.0 K        |
  |   timestep dt          :     5.0 fs       |
  |   dump interval(trj)   :   100.0 fs       |
  |   SHAKE algorithm      : true (all bonds) |
  |   dump interval(Vbias) :    1.00 ps       |
  |   Vbias prefactor (k)  :  0.0900 Eh       |
  |   Vbias exponent (α)   :  0.6180 bohr⁻²   |
  ::::::::::::: starting MTD    7 :::::::::::::
  |   MD simulation time   :     7.0 ps       |
  |   target T             :   300.0 K        |
  |   timestep dt          :     5.0 fs       |
  |   dump interval(trj)   :   100.0 fs       |
  |   SHAKE algorithm      : true (all bonds) |
  |   dump interval(Vbias) :    1.00 ps       |
  |   Vbias prefactor (k)  :  0.0900 Eh       |
  |   Vbias exponent (α)   :  1.0000 bohr⁻²   |
  ::::::::::::: starting MTD   23 :::::::::::::
  |   MD simulation time   :     7.0 ps       |
  |   target T             :   300.0 K        |
  |   timestep dt          :     5.0 fs       |
  |   dump interval(trj)   :   100.0 fs       |
  |   SHAKE algorithm      : true (all bonds) |
  |   dump interval(Vbias) :    1.00 ps       |
  |   Vbias prefactor (k)  :  0.0900 Eh       |
  |   Vbias exponent (α)   :  0.1459 bohr⁻²   |
  ::::::::::::: starting MTD   13 :::::::::::::
  |   MD simulation time   :     7.0 ps       |
  |   target T             :   300.0 K        |
  |   timestep dt          :     5.0 fs       |
  |   dump interval(trj)   :   100.0 fs       |
  |   SHAKE algorithm      : true (all bonds) |
  |   dump interval(Vbias) :    1.00 ps       |
  |   Vbias prefactor (k)  :  0.3600 Eh       |
  |   Vbias exponent (α)   :  0.3820 bohr⁻²   |
  ::::::::::::: starting MTD   21 :::::::::::::
  |   MD simulation time   :     7.0 ps       |
  |   target T             :   300.0 K        |
  |   timestep dt          :     5.0 fs       |
  |   dump interval(trj)   :   100.0 fs       |
  |   SHAKE algorithm      : true (all bonds) |
  |   dump interval(Vbias) :    1.00 ps       |
  |   Vbias prefactor (k)  :  0.3600 Eh       |
  |   Vbias exponent (α)   :  0.1459 bohr⁻²   |
  ::::::::::::: starting MTD   24 :::::::::::::
  |   MD simulation time   :     7.0 ps       |
  |   target T             :   300.0 K        |
  |   timestep dt          :     5.0 fs       |
  |   dump interval(trj)   :   100.0 fs       |
  |   SHAKE algorithm      : true (all bonds) |
  |   dump interval(Vbias) :    1.00 ps       |
  |   Vbias prefactor (k)  :  0.0450 Eh       |
  |   Vbias exponent (α)   :  0.1459 bohr⁻²   |
  ::::::::::::: starting MTD   22 :::::::::::::
  |   MD simulation time   :     7.0 ps       |
  |   target T             :   300.0 K        |
  |   timestep dt          :     5.0 fs       |
  |   dump interval(trj)   :   100.0 fs       |
  |   SHAKE algorithm      : true (all bonds) |
  |   dump interval(Vbias) :    1.00 ps       |
  |   Vbias prefactor (k)  :  0.1800 Eh       |
  |   Vbias exponent (α)   :  0.1459 bohr⁻²   |
  ::::::::::::: starting MTD   18 :::::::::::::
  |   MD simulation time   :     7.0 ps       |
  |   target T             :   300.0 K        |
  |   timestep dt          :     5.0 fs       |
  |   dump interval(trj)   :   100.0 fs       |
  |   SHAKE algorithm      : true (all bonds) |
  |   dump interval(Vbias) :    1.00 ps       |
  |   Vbias prefactor (k)  :  0.1800 Eh       |
  |   Vbias exponent (α)   :  0.2361 bohr⁻²   |
  ::::::::::::: starting MTD   15 :::::::::::::
  |   MD simulation time   :     7.0 ps       |
  |   target T             :   300.0 K        |
  |   timestep dt          :     5.0 fs       |
  |   dump interval(trj)   :   100.0 fs       |
  |   SHAKE algorithm      : true (all bonds) |
  |   dump interval(Vbias) :    1.00 ps       |
  |   Vbias prefactor (k)  :  0.0900 Eh       |
  |   Vbias exponent (α)   :  0.3820 bohr⁻²   |
  ::::::::::::: starting MTD    9 :::::::::::::
  |   MD simulation time   :     7.0 ps       |
  |   target T             :   300.0 K        |
  |   timestep dt          :     5.0 fs       |
  |   dump interval(trj)   :   100.0 fs       |
  |   SHAKE algorithm      : true (all bonds) |
  |   dump interval(Vbias) :    1.00 ps       |
  |   Vbias prefactor (k)  :  0.3600 Eh       |
  |   Vbias exponent (α)   :  0.6180 bohr⁻²   |
  ::::::::::::: starting MTD   17 :::::::::::::
  |   MD simulation time   :     7.0 ps       |
  |   target T             :   300.0 K        |
  |   timestep dt          :     5.0 fs       |
  |   dump interval(trj)   :   100.0 fs       |
  |   SHAKE algorithm      : true (all bonds) |
  |   dump interval(Vbias) :    1.00 ps       |
  |   Vbias prefactor (k)  :  0.3600 Eh       |
  |   Vbias exponent (α)   :  0.2361 bohr⁻²   |
  ::::::::::::: starting MTD    1 :::::::::::::
  |   MD simulation time   :     7.0 ps       |
  |   target T             :   300.0 K        |
  |   timestep dt          :     5.0 fs       |
  |   dump interval(trj)   :   100.0 fs       |
  |   SHAKE algorithm      : true (all bonds) |
  |   dump interval(Vbias) :    1.00 ps       |
  |   Vbias prefactor (k)  :  0.3600 Eh       |
  |   Vbias exponent (α)   :  1.6180 bohr⁻²   |
  ::::::::::::: starting MTD   19 :::::::::::::
  |   MD simulation time   :     7.0 ps       |
  |   target T             :   300.0 K        |
  |   timestep dt          :     5.0 fs       |
  |   dump interval(trj)   :   100.0 fs       |
  |   SHAKE algorithm      : true (all bonds) |
  |   dump interval(Vbias) :    1.00 ps       |
  |   Vbias prefactor (k)  :  0.0900 Eh       |
  |   Vbias exponent (α)   :  0.2361 bohr⁻²   |
  ::::::::::::: starting MTD    3 :::::::::::::
  |   MD simulation time   :     7.0 ps       |
  |   target T             :   300.0 K        |
  |   timestep dt          :     5.0 fs       |
  |   dump interval(trj)   :   100.0 fs       |
  |   SHAKE algorithm      : true (all bonds) |
  |   dump interval(Vbias) :    1.00 ps       |
  |   Vbias prefactor (k)  :  0.0900 Eh       |
  |   Vbias exponent (α)   :  1.6180 bohr⁻²   |
  ::::::::::::: starting MTD   20 :::::::::::::
  |   MD simulation time   :     7.0 ps       |
  |   target T             :   300.0 K        |
  |   timestep dt          :     5.0 fs       |
  |   dump interval(trj)   :   100.0 fs       |
  |   SHAKE algorithm      : true (all bonds) |
  |   dump interval(Vbias) :    1.00 ps       |
  |   Vbias prefactor (k)  :  0.0450 Eh       |
  |   Vbias exponent (α)   :  0.2361 bohr⁻²   |
  ::::::::::::: starting MTD    5 :::::::::::::
  |   MD simulation time   :     7.0 ps       |
  |   target T             :   300.0 K        |
  |   timestep dt          :     5.0 fs       |
  |   dump interval(trj)   :   100.0 fs       |
  |   SHAKE algorithm      : true (all bonds) |
  |   dump interval(Vbias) :    1.00 ps       |
  |   Vbias prefactor (k)  :  0.3600 Eh       |
  |   Vbias exponent (α)   :  1.0000 bohr⁻²   |
*MTD  11 completed successfully ...        1 min, 33.589 sec
  ::::::::::::: starting MTD   12 :::::::::::::
  |   MD simulation time   :     7.0 ps       |
  |   target T             :   300.0 K        |
  |   timestep dt          :     5.0 fs       |
  |   dump interval(trj)   :   100.0 fs       |
  |   SHAKE algorithm      : true (all bonds) |
  |   dump interval(Vbias) :    1.00 ps       |
  |   Vbias prefactor (k)  :  0.0450 Eh       |
  |   Vbias exponent (α)   :  0.6180 bohr⁻²   |
*MTD   5 completed successfully ...        1 min, 33.604 sec
  ::::::::::::: starting MTD    6 :::::::::::::
  |   MD simulation time   :     7.0 ps       |
  |   target T             :   300.0 K        |
  |   timestep dt          :     5.0 fs       |
  |   dump interval(trj)   :   100.0 fs       |
  |   SHAKE algorithm      : true (all bonds) |
  |   dump interval(Vbias) :    1.00 ps       |
  |   Vbias prefactor (k)  :  0.1800 Eh       |
  |   Vbias exponent (α)   :  1.0000 bohr⁻²   |
*MTD   9 completed successfully ...        1 min, 33.688 sec
  ::::::::::::: starting MTD   10 :::::::::::::
  |   MD simulation time   :     7.0 ps       |
  |   target T             :   300.0 K        |
  |   timestep dt          :     5.0 fs       |
  |   dump interval(trj)   :   100.0 fs       |
  |   SHAKE algorithm      : true (all bonds) |
  |   dump interval(Vbias) :    1.00 ps       |
  |   Vbias prefactor (k)  :  0.1800 Eh       |
  |   Vbias exponent (α)   :  0.6180 bohr⁻²   |
*MTD  20 completed successfully ...        1 min, 33.704 sec
*MTD  15 completed successfully ...        1 min, 33.738 sec
  ::::::::::::: starting MTD   16 :::::::::::::
  |   MD simulation time   :     7.0 ps       |
  |   target T             :   300.0 K        |
  |   timestep dt          :     5.0 fs       |
  |   dump interval(trj)   :   100.0 fs       |
  |   SHAKE algorithm      : true (all bonds) |
  |   dump interval(Vbias) :    1.00 ps       |
  |   Vbias prefactor (k)  :  0.0450 Eh       |
  |   Vbias exponent (α)   :  0.3820 bohr⁻²   |
*MTD  19 completed successfully ...        1 min, 33.763 sec
*MTD   1 completed successfully ...        1 min, 33.809 sec
  ::::::::::::: starting MTD    2 :::::::::::::
  |   MD simulation time   :     7.0 ps       |
  |   target T             :   300.0 K        |
  |   timestep dt          :     5.0 fs       |
  |   dump interval(trj)   :   100.0 fs       |
  |   SHAKE algorithm      : true (all bonds) |
  |   dump interval(Vbias) :    1.00 ps       |
  |   Vbias prefactor (k)  :  0.1800 Eh       |
  |   Vbias exponent (α)   :  1.6180 bohr⁻²   |
*MTD  24 completed successfully ...        1 min, 33.903 sec
*MTD   3 completed successfully ...        1 min, 34.000 sec
  ::::::::::::: starting MTD    4 :::::::::::::
  |   MD simulation time   :     7.0 ps       |
  |   target T             :   300.0 K        |
  |   timestep dt          :     5.0 fs       |
  |   dump interval(trj)   :   100.0 fs       |
  |   SHAKE algorithm      : true (all bonds) |
  |   dump interval(Vbias) :    1.00 ps       |
  |   Vbias prefactor (k)  :  0.0450 Eh       |
  |   Vbias exponent (α)   :  1.6180 bohr⁻²   |
*MTD   7 completed successfully ...        1 min, 34.100 sec
  ::::::::::::: starting MTD    8 :::::::::::::
  |   MD simulation time   :     7.0 ps       |
  |   target T             :   300.0 K        |
  |   timestep dt          :     5.0 fs       |
  |   dump interval(trj)   :   100.0 fs       |
  |   SHAKE algorithm      : true (all bonds) |
  |   dump interval(Vbias) :    1.00 ps       |
  |   Vbias prefactor (k)  :  0.0450 Eh       |
  |   Vbias exponent (α)   :  1.0000 bohr⁻²   |
*MTD  23 completed successfully ...        1 min, 34.391 sec
*MTD  18 completed successfully ...        1 min, 34.796 sec
*MTD  22 completed successfully ...        1 min, 35.443 sec
*MTD  13 completed successfully ...        1 min, 35.518 sec
  ::::::::::::: starting MTD   14 :::::::::::::
  |   MD simulation time   :     7.0 ps       |
  |   target T             :   300.0 K        |
  |   timestep dt          :     5.0 fs       |
  |   dump interval(trj)   :   100.0 fs       |
  |   SHAKE algorithm      : true (all bonds) |
  |   dump interval(Vbias) :    1.00 ps       |
  |   Vbias prefactor (k)  :  0.1800 Eh       |
  |   Vbias exponent (α)   :  0.3820 bohr⁻²   |
*MTD  17 completed successfully ...        1 min, 35.978 sec
*MTD  21 completed successfully ...        1 min, 36.842 sec
*MTD  12 completed successfully ...        1 min,  7.862 sec
*MTD  10 completed successfully ...        1 min,  7.810 sec
*MTD   2 completed successfully ...        1 min,  7.693 sec
*MTD   6 completed successfully ...        1 min,  8.128 sec
*MTD  16 completed successfully ...        1 min,  8.173 sec
*MTD   4 completed successfully ...        1 min,  7.958 sec
*MTD   8 completed successfully ...        1 min,  7.995 sec
*MTD  14 completed successfully ...        1 min,  7.610 sec

 ======================================
 |  Multilevel Ensemble Optimization  |
 ======================================
 Optimizing all 1656 structures from file "crest_dynamics.trj" ...
 ----------------------
 crude pre-optimization
 ----------------------
 Optimization engine: ANCOPT
 Hessian update type: BFGS
 E/G convergence criteria:  0.500E-03 Eh, 0.100E-01 Eh/a0
 maximum optimization steps: 200
 |>0.1% |>7.5% |>15.0% |>22.5% |>30.0% |>37.5% |>45.0% |>52.5% |>60.0% |>67.5% |>75.0% |>82.5% |>90.0% |>97.5% |>100.0%
 done.
> 1656 of 1656 structures successfully optimized (100.0% success)
> Total runtime for 1656 optimizations:
 * wall-time:     0 d,  0 h,  2 min, 20.881 sec
 *  cpu-time:     0 d,  0 h, 36 min, 46.382 sec
 * ratio c/w:    15.661 speedup
> Corresponding to approximately 0.085 sec per processed structure

CREGEN> running RMSDs ... done.
CREGEN> E lowest :   -95.17686
 1444 structures remain within    12.00 kcal/mol window
 ----------------------------------
 optimization with tight thresholds
 ----------------------------------
 Optimization engine: ANCOPT
 Hessian update type: BFGS
 E/G convergence criteria:  0.100E-05 Eh, 0.800E-03 Eh/a0
 maximum optimization steps: 200
 |>0.1% |>7.5% |>15.0% |>22.5% |>30.1% |>37.5% |>45.0% |>52.6% |>60.0% |>67.5% |>75.0% |>82.5% |>90.0% |>97.5% |>100.0%
 done.
> 1444 of 1444 structures successfully optimized (100.0% success)
> Total runtime for 1444 optimizations:
 * wall-time:     0 d,  0 h,  4 min, 54.537 sec
 *  cpu-time:     0 d,  1 h, 17 min, 15.253 sec
 * ratio c/w:    15.737 speedup
> Corresponding to approximately 0.204 sec per processed structure

CREGEN> running RMSDs ... done.
CREGEN> E lowest :   -95.17721
 620 structures remain within     6.00 kcal/mol window

========================================
           MTD Simulations done         
========================================
 Collecting ensmbles.
CREGEN> running RMSDs ... done.
CREGEN> E lowest :   -95.17721
 620 structures remain within     6.00 kcal/mol window
     H(298.15K)-H(0) (conf)      0.225329
                   Cp(conf)      0.429237
                    S(conf)      6.282788

********************************************************************************
**                     I T E R A T I O N    C Y C L E      1                  **
********************************************************************************
 -------------------------------------------
 determining bias structures via PCA/k-Means
 -------------------------------------------

 3 structures were selected
 done.

 -----------------------------------------------
 determining MTD seed structures via PCA/k-Means
 -----------------------------------------------

 25 structures were selected
 done.


 ===========================================================
 Static MTDs (umbrella sampling) on 25 selected conformer(s)
 ===========================================================
> Using 3 constant RMSD bias potentials per MTD
  :::::::::: starting static MTD   1 ::::::::::
  |   MD simulation time   :     3.5 ps       |
  |   target T             :   400.0 K        |
  |   timestep dt          :     5.0 fs       |
  |   dump interval(trj)   :   100.0 fs       |
  |   SHAKE algorithm      : true (all bonds) |
  |   Vbias prefactor (k)  :  0.0034 Eh       |
  |   Vbias exponent (α)   :  1.0000 bohr⁻²   |
  :::::::::: starting static MTD   2 ::::::::::
  |   MD simulation time   :     3.5 ps       |
  |   target T             :   400.0 K        |
  |   timestep dt          :     5.0 fs       |
  |   dump interval(trj)   :   100.0 fs       |
  |   SHAKE algorithm      : true (all bonds) |
  |   Vbias prefactor (k)  :  0.0034 Eh       |
  |   Vbias exponent (α)   :  1.0000 bohr⁻²   |
  :::::::::: starting static MTD   9 ::::::::::
  |   MD simulation time   :     3.5 ps       |
  |   target T             :   400.0 K        |
  |   timestep dt          :     5.0 fs       |
  |   dump interval(trj)   :   100.0 fs       |
  |   SHAKE algorithm      : true (all bonds) |
  |   Vbias prefactor (k)  :  0.0034 Eh       |
  |   Vbias exponent (α)   :  1.0000 bohr⁻²   |
  :::::::::: starting static MTD   8 ::::::::::
  |   MD simulation time   :     3.5 ps       |
  |   target T             :   400.0 K        |
  |   timestep dt          :     5.0 fs       |
  |   dump interval(trj)   :   100.0 fs       |
  |   SHAKE algorithm      : true (all bonds) |
  |   Vbias prefactor (k)  :  0.0034 Eh       |
  |   Vbias exponent (α)   :  1.0000 bohr⁻²   |
  :::::::::: starting static MTD  14 ::::::::::
  |   MD simulation time   :     3.5 ps       |
  |   target T             :   400.0 K        |
  |   timestep dt          :     5.0 fs       |
  |   dump interval(trj)   :   100.0 fs       |
  |   SHAKE algorithm      : true (all bonds) |
  |   Vbias prefactor (k)  :  0.0034 Eh       |
  |   Vbias exponent (α)   :  1.0000 bohr⁻²   |
  :::::::::: starting static MTD   6 ::::::::::
  |   MD simulation time   :     3.5 ps       |
  |   target T             :   400.0 K        |
  |   timestep dt          :     5.0 fs       |
  |   dump interval(trj)   :   100.0 fs       |
  |   SHAKE algorithm      : true (all bonds) |
  |   Vbias prefactor (k)  :  0.0034 Eh       |
  |   Vbias exponent (α)   :  1.0000 bohr⁻²   |
  :::::::::: starting static MTD   7 ::::::::::
  |   MD simulation time   :     3.5 ps       |
  |   target T             :   400.0 K        |
  |   timestep dt          :     5.0 fs       |
  |   dump interval(trj)   :   100.0 fs       |
  |   SHAKE algorithm      : true (all bonds) |
  |   Vbias prefactor (k)  :  0.0034 Eh       |
  |   Vbias exponent (α)   :  1.0000 bohr⁻²   |
  :::::::::: starting static MTD  15 ::::::::::
  |   MD simulation time   :     3.5 ps       |
  |   target T             :   400.0 K        |
  |   timestep dt          :     5.0 fs       |
  |   dump interval(trj)   :   100.0 fs       |
  |   SHAKE algorithm      : true (all bonds) |
  |   Vbias prefactor (k)  :  0.0034 Eh       |
  |   Vbias exponent (α)   :  1.0000 bohr⁻²   |
  :::::::::: starting static MTD  13 ::::::::::
  |   MD simulation time   :     3.5 ps       |
  |   target T             :   400.0 K        |
  |   timestep dt          :     5.0 fs       |
  |   dump interval(trj)   :   100.0 fs       |
  |   SHAKE algorithm      : true (all bonds) |
  |   Vbias prefactor (k)  :  0.0034 Eh       |
  |   Vbias exponent (α)   :  1.0000 bohr⁻²   |
  :::::::::: starting static MTD  25 ::::::::::
  |   MD simulation time   :     3.5 ps       |
  |   target T             :   400.0 K        |
  |   timestep dt          :     5.0 fs       |
  |   dump interval(trj)   :   100.0 fs       |
  |   SHAKE algorithm      : true (all bonds) |
  |   Vbias prefactor (k)  :  0.0034 Eh       |
  |   Vbias exponent (α)   :  1.0000 bohr⁻²   |
  :::::::::: starting static MTD   3 ::::::::::
  |   MD simulation time   :     3.5 ps       |
  |   target T             :   400.0 K        |
  |   timestep dt          :     5.0 fs       |
  |   dump interval(trj)   :   100.0 fs       |
  |   SHAKE algorithm      : true (all bonds) |
  |   Vbias prefactor (k)  :  0.0034 Eh       |
  |   Vbias exponent (α)   :  1.0000 bohr⁻²   |
  :::::::::: starting static MTD  12 ::::::::::
  |   MD simulation time   :     3.5 ps       |
  |   target T             :   400.0 K        |
  |   timestep dt          :     5.0 fs       |
  |   dump interval(trj)   :   100.0 fs       |
  |   SHAKE algorithm      : true (all bonds) |
  |   Vbias prefactor (k)  :  0.0034 Eh       |
  |   Vbias exponent (α)   :  1.0000 bohr⁻²   |
  :::::::::: starting static MTD   5 ::::::::::
  |   MD simulation time   :     3.5 ps       |
  |   target T             :   400.0 K        |
  |   timestep dt          :     5.0 fs       |
  |   dump interval(trj)   :   100.0 fs       |
  |   SHAKE algorithm      : true (all bonds) |
  |   Vbias prefactor (k)  :  0.0034 Eh       |
  |   Vbias exponent (α)   :  1.0000 bohr⁻²   |
  :::::::::: starting static MTD  11 ::::::::::
  |   MD simulation time   :     3.5 ps       |
  |   target T             :   400.0 K        |
  |   timestep dt          :     5.0 fs       |
  |   dump interval(trj)   :   100.0 fs       |
  |   SHAKE algorithm      : true (all bonds) |
  |   Vbias prefactor (k)  :  0.0034 Eh       |
  |   Vbias exponent (α)   :  1.0000 bohr⁻²   |
  :::::::::: starting static MTD  10 ::::::::::
  |   MD simulation time   :     3.5 ps       |
  |   target T             :   400.0 K        |
  |   timestep dt          :     5.0 fs       |
  |   dump interval(trj)   :   100.0 fs       |
  |   SHAKE algorithm      : true (all bonds) |
  |   Vbias prefactor (k)  :  0.0034 Eh       |
  |   Vbias exponent (α)   :  1.0000 bohr⁻²   |
  :::::::::: starting static MTD   4 ::::::::::
  |   MD simulation time   :     3.5 ps       |
  |   target T             :   400.0 K        |
  |   timestep dt          :     5.0 fs       |
  |   dump interval(trj)   :   100.0 fs       |
  |   SHAKE algorithm      : true (all bonds) |
  |   Vbias prefactor (k)  :  0.0034 Eh       |
  |   Vbias exponent (α)   :  1.0000 bohr⁻²   |
*sMTD  12 completed successfully ...        0 min, 48.588 sec
  :::::::::: starting static MTD  16 ::::::::::
  |   MD simulation time   :     3.5 ps       |
  |   target T             :   400.0 K        |
  |   timestep dt          :     5.0 fs       |
  |   dump interval(trj)   :   100.0 fs       |
  |   SHAKE algorithm      : true (all bonds) |
  |   Vbias prefactor (k)  :  0.0034 Eh       |
  |   Vbias exponent (α)   :  1.0000 bohr⁻²   |
*sMTD   6 completed successfully ...        0 min, 49.021 sec
  :::::::::: starting static MTD  17 ::::::::::
  |   MD simulation time   :     3.5 ps       |
  |   target T             :   400.0 K        |
  |   timestep dt          :     5.0 fs       |
  |   dump interval(trj)   :   100.0 fs       |
  |   SHAKE algorithm      : true (all bonds) |
  |   Vbias prefactor (k)  :  0.0034 Eh       |
  |   Vbias exponent (α)   :  1.0000 bohr⁻²   |
*sMTD  13 completed successfully ...        0 min, 49.117 sec
  :::::::::: starting static MTD  18 ::::::::::
  |   MD simulation time   :     3.5 ps       |
  |   target T             :   400.0 K        |
  |   timestep dt          :     5.0 fs       |
  |   dump interval(trj)   :   100.0 fs       |
  |   SHAKE algorithm      : true (all bonds) |
  |   Vbias prefactor (k)  :  0.0034 Eh       |
  |   Vbias exponent (α)   :  1.0000 bohr⁻²   |
*sMTD   2 completed successfully ...        0 min, 49.233 sec
  :::::::::: starting static MTD  19 ::::::::::
  |   MD simulation time   :     3.5 ps       |
  |   target T             :   400.0 K        |
  |   timestep dt          :     5.0 fs       |
  |   dump interval(trj)   :   100.0 fs       |
  |   SHAKE algorithm      : true (all bonds) |
  |   Vbias prefactor (k)  :  0.0034 Eh       |
  |   Vbias exponent (α)   :  1.0000 bohr⁻²   |
*sMTD   1 completed successfully ...        0 min, 49.250 sec
  :::::::::: starting static MTD  20 ::::::::::
  |   MD simulation time   :     3.5 ps       |
  |   target T             :   400.0 K        |
  |   timestep dt          :     5.0 fs       |
  |   dump interval(trj)   :   100.0 fs       |
  |   SHAKE algorithm      : true (all bonds) |
  |   Vbias prefactor (k)  :  0.0034 Eh       |
  |   Vbias exponent (α)   :  1.0000 bohr⁻²   |
*sMTD   9 completed successfully ...        0 min, 49.254 sec
  :::::::::: starting static MTD  21 ::::::::::
  |   MD simulation time   :     3.5 ps       |
  |   target T             :   400.0 K        |
  |   timestep dt          :     5.0 fs       |
  |   dump interval(trj)   :   100.0 fs       |
  |   SHAKE algorithm      : true (all bonds) |
  |   Vbias prefactor (k)  :  0.0034 Eh       |
  |   Vbias exponent (α)   :  1.0000 bohr⁻²   |
*sMTD  14 completed successfully ...        0 min, 49.262 sec
  :::::::::: starting static MTD  22 ::::::::::
  |   MD simulation time   :     3.5 ps       |
  |   target T             :   400.0 K        |
  |   timestep dt          :     5.0 fs       |
  |   dump interval(trj)   :   100.0 fs       |
  |   SHAKE algorithm      : true (all bonds) |
  |   Vbias prefactor (k)  :  0.0034 Eh       |
  |   Vbias exponent (α)   :  1.0000 bohr⁻²   |
*sMTD   5 completed successfully ...        0 min, 49.428 sec
  :::::::::: starting static MTD  23 ::::::::::
  |   MD simulation time   :     3.5 ps       |
  |   target T             :   400.0 K        |
  |   timestep dt          :     5.0 fs       |
  |   dump interval(trj)   :   100.0 fs       |
  |   SHAKE algorithm      : true (all bonds) |
  |   Vbias prefactor (k)  :  0.0034 Eh       |
  |   Vbias exponent (α)   :  1.0000 bohr⁻²   |
*sMTD   7 completed successfully ...        0 min, 49.486 sec
  :::::::::: starting static MTD  24 ::::::::::
  |   MD simulation time   :     3.5 ps       |
  |   target T             :   400.0 K        |
  |   timestep dt          :     5.0 fs       |
  |   dump interval(trj)   :   100.0 fs       |
  |   SHAKE algorithm      : true (all bonds) |
  |   Vbias prefactor (k)  :  0.0034 Eh       |
  |   Vbias exponent (α)   :  1.0000 bohr⁻²   |
*sMTD   8 completed successfully ...        0 min, 49.491 sec
*sMTD  25 completed successfully ...        0 min, 49.513 sec
*sMTD  11 completed successfully ...        0 min, 49.538 sec
*sMTD  15 completed successfully ...        0 min, 49.680 sec
*sMTD  10 completed successfully ...        0 min, 49.702 sec
*sMTD   3 completed successfully ...        0 min, 49.801 sec
*sMTD   4 completed successfully ...        0 min, 49.842 sec
*sMTD  23 completed successfully ...        0 min, 35.749 sec
*sMTD  16 completed successfully ...        0 min, 36.649 sec
*sMTD  17 completed successfully ...        0 min, 36.227 sec
*sMTD  18 completed successfully ...        0 min, 36.230 sec
*sMTD  19 completed successfully ...        0 min, 36.168 sec
*sMTD  24 completed successfully ...        0 min, 35.980 sec
*sMTD  20 completed successfully ...        0 min, 36.232 sec
*sMTD  22 completed successfully ...        0 min, 36.243 sec
*sMTD  21 completed successfully ...        0 min, 36.339 sec

 ======================================
 |  Multilevel Ensemble Optimization  |
 ======================================
 Optimizing all 850 structures from file "crest_rotamers_0.xyz" ...
 ----------------------
 crude pre-optimization
 ----------------------
 Optimization engine: ANCOPT
 Hessian update type: BFGS
 E/G convergence criteria:  0.500E-03 Eh, 0.100E-01 Eh/a0
 maximum optimization steps: 200
 |>0.1% |>10.0% |>20.0% |>30.0% |>40.0% |>50.0% |>60.0% |>70.1% |>80.0% |>90.1% |>100.0%
 done.
> 850 of 850 structures successfully optimized (100.0% success)
> Total runtime for 850 optimizations:
 * wall-time:     0 d,  0 h,  0 min, 42.113 sec
 *  cpu-time:     0 d,  0 h, 10 min, 54.635 sec
 * ratio c/w:    15.545 speedup
> Corresponding to approximately 0.050 sec per processed structure

CREGEN> running RMSDs ... done.
CREGEN> E lowest :   -95.17660
 784 structures remain within    12.00 kcal/mol window
 ---------------------------------------
 optimization with very tight thresholds
 ---------------------------------------
 Optimization engine: ANCOPT
 Hessian update type: BFGS
 E/G convergence criteria:  0.100E-06 Eh, 0.200E-03 Eh/a0
 maximum optimization steps: 200
 |>0.1% |>10.1% |>20.0% |>30.1% |>40.1% |>50.0% |>60.1% |>70.0% |>80.1% |>90.1% |>100.0%
 done.
> 784 of 784 structures successfully optimized (100.0% success)
> Total runtime for 784 optimizations:
 * wall-time:     0 d,  0 h,  2 min, 54.422 sec
 *  cpu-time:     0 d,  0 h, 45 min,  8.523 sec
 * ratio c/w:    15.529 speedup
> Corresponding to approximately 0.222 sec per processed structure

CREGEN> running RMSDs ... done.
CREGEN> E lowest :   -95.17721
 191 structures remain within     6.00 kcal/mol window
CREGEN> running RMSDs ... done.
CREGEN> E lowest :   -95.17721

 Static MTD simulation iteration 1 finished
 A total of 25 conformers (+ 0.00%) in crest_conformers.xyz
 S(approx.) =    4.909189 cal/molK (dS = 0.07%)
 Convergence w.r.t. conformers: T
 Convergence w.r.t. entropy   : T

     H(298.15K)-H(0) (conf)      0.236035
                   Cp(conf)      0.450250
                    S(conf)      6.286134


 --------------------------
 Final Ensemble Information
 --------------------------
 input  file name : crest_rotamers_2.xyz
 output file name : crest_rotamers_3.xyz
 number of atoms                :   48
 number of points on xyz files  :   811
 RMSD threshold                 :   0.1250
 Bconst threshold               :   0.0100
 population threshold           :   0.0500
 # fragment in coord            :     1
 # bonds in reference structure :    50
 number of reliable points      :   811
 sorting energy window (EWIN)   :    6.0000 / kcal*mol⁻¹
 reference state Etot           :  -95.177214680000006
 number of doubles removed by rot/RMSD         :          96
 total number unique points considered further :         715
       Erel/kcal        Etot weight/tot  conformer     set   degen     origin
       1   0.000   -95.17721    0.00245    0.18283       1      75
       2   0.079   -95.17709    0.00214    0.16429       2      77
       3   0.106   -95.17705    0.00204    0.13052       3      64
       4   0.159   -95.17696    0.00187    0.16223       4      87
       5   0.244   -95.17683    0.00162    0.15685       5      98
       6   0.261   -95.17680    0.00157    0.02361       6      15
       7   0.332   -95.17669    0.00140    0.08202       7      59
       8   0.343   -95.17667    0.00137    0.00137       8       1
       9   0.403   -95.17657    0.00124    0.09144       9      74
      10   0.565   -95.17631    0.00094    0.00094      10       1
      11   0.600   -95.17626    0.00089    0.00089      11       1
      12   0.723   -95.17606    0.00072    0.00072      12       1
      13   2.506   -95.17322    0.00004    0.00068      13      19
      14   2.579   -95.17310    0.00003    0.00050      14      16
      15   2.597   -95.17308    0.00003    0.00043      15      14
      16   2.633   -95.17302    0.00003    0.00034      16      12
      17   3.613   -95.17146    0.00001    0.00007      17      12
      18   3.819   -95.17113    0.00000    0.00007      18      18
      19   3.834   -95.17111    0.00000    0.00009      19      23
      20   3.920   -95.17097    0.00000    0.00005      20      16
      21   4.274   -95.17040    0.00000    0.00002      21      10
      22   4.285   -95.17039    0.00000    0.00002      22      11
      23   4.494   -95.17005    0.00000    0.00001      23       5
      24   4.596   -95.16989    0.00000    0.00000      24       1
      25   4.613   -95.16986    0.00000    0.00001      25       5
T /K                                  :   298.15
E lowest                              :   -95.17721
ensemble average energy (kcal)        :    0.172
ensemble entropy (J/mol K, cal/mol K) :   52.414   12.527
ensemble free energy (kcal/mol)       :   -3.735
population of lowest in %             :   18.283
 number of unique conformers for further calc           25
 list of relative energies saved as "crest.energies"
 compare nuclear equivalencies ...
::::::::::: conformer group all :::::::::::
 chemical equivalencies (mag.active nuclei):
reference atom  17 # : 3
reference atom  34 # : 3
reference atom  42 # : 6
 magnetic equivalencies:
reference atom  17 # : 3
reference atom  34 # : 3
reference atom  42 # : 6

******************************************************************************************
**                           ENSEMBLE ENTROPY CALCULATION                               **
******************************************************************************************
======================================================
 Containing 25 conformers :
     H(298.15K)-H(0) (conf)      0.225329
                   Cp(conf)      0.429237
                    S(conf)      6.282788
======================================================
 Containing 25 conformers :
     H(298.15K)-H(0) (conf)      0.236035
                   Cp(conf)      0.450250
                    S(conf)      6.286134
======================================================

 --------------------------------------
 FINAL CALCULATION OF MOLECULAR ENTROPY
 --------------------------------------

WARNING: Not enough blocks for extrapolation.
         Taking full ensemble entropy instead.

FINAL ENTROPY (max conf.)  :      6.28613

 ----------------------------------
 Frequency Calculation and Averages
 ----------------------------------
 Nconf on file      : 25
 Taken for Hessians : 9 (= 92.19% total population)
 T range  /K    :   278.15   378.15
 scaling factor :          1.000000     
 rotor cutoff   :         25.000000 cm⁻¹
 imag. cutoff   :        -50.000000 cm⁻¹

 Running 9 calculations ...
 |>11.1% |>22.2% |>33.3% |>44.4% |>55.6% |>66.7% |>77.8% |>88.9% |>100.0%
 done.
 calculating averages for G and S ...    done.
 calculating Boltzmann weights ...       done.
 calculating reference S (bhess) ... > bhess not implemented for calculator routines
    done.
 calculating δSrrho ...                  done.

 Coordinates for the bhess reference structure (Ångström):
 -----------------------------------------------------------
  48

 S          0.4238383755       -1.6451431164       -0.8049443357
 C          0.2256724124       -0.0369800526       -0.5915035384
 N          1.2065752368        0.8851265888       -0.4784918529
 C          2.5697445794        0.5481148977       -0.3294250841
 C          2.9523364864       -0.3191201125        0.6861042466
 C          4.2850109528       -0.6546510659        0.8233808624
 C          5.2690173274       -0.1422591688       -0.0154721749
 C          4.8577410612        0.7387716249       -1.0128106556
 C          3.5302935212        1.0750766307       -1.1848738342
 H          3.2410320850        1.7306910736       -1.9891106841
 H          5.6190820673        1.1513901236       -1.6570064722
 C          6.7441092757       -0.4098793709        0.0874303426
 O          7.5477579203        0.4092015389       -0.3144485336
 N          7.0950298631       -1.6000711575        0.6104480323
 H          6.3977655397       -2.2487358966        0.9360854056
 C          8.4749805368       -1.9874930715        0.7689180997
 H          8.6791569619       -2.9067430727        0.2175040581
 H          8.7117373889       -2.1422315171        1.8230521564
 H          9.0917607457       -1.1822345901        0.3734724557
 F          4.6091405574       -1.4878943114        1.8352695374
 H          2.2280658538       -0.7420640288        1.3638333209
 C          0.6768775802        2.2183153989       -0.2214254970
 C         -0.8284270898        1.9669583730       -0.2492923908
 O         -1.7000509486        2.7804195563       -0.1141255821
 N         -0.9993720109        0.6195978767       -0.4910638271
 C         -2.2586585437        0.0012217241       -0.6085123127
 C         -2.5101095968       -0.9033128889       -1.6352839796
 C         -3.7498614150       -1.5018473552       -1.7351408377
 C         -4.7574192675       -1.1933631774       -0.8220921203
 C         -4.4989877080       -0.2701589356        0.1986766184
 C         -3.2547953565        0.3221018772        0.3089725722
 H         -3.0619000624        1.0337139198        1.0958393388
 C         -5.5915976811        0.0606039437        1.1819855911
 F         -6.6604362900        0.6100637574        0.5854029446
 F         -6.0308281568       -1.0286496925        1.8335051166
 F         -5.1934017225        0.9259670860        2.1231351689
 C         -6.0247504320       -1.8142247682       -0.9500813509
 N         -7.0379620336       -2.3301270091       -1.0816268206
 H         -3.9516442653       -2.2084273008       -2.5252619830
 H         -1.7387531945       -1.1399475494       -2.3496846537
 C          1.0301356230        3.2373014606       -1.3059195513
 H          0.8876805668        2.8089244434       -2.2957939537
 H          2.0575779367        3.5736583982       -1.1987253620
 H          0.3683112633        4.0941452876       -1.2021223208
 C          1.0945088739        2.7186721481        1.1630271552
 H          2.1661876182        2.9024028490        1.1877098728
 H          0.8463619773        1.9851012686        1.9276587803
 H          0.5670266706        3.6429440448        1.3826310666
 -----------------------------------------------------------
 as read from <coord>
 Heavy-atom RMSD between lowest conformer and this reference :
 RMSD(heavy) =        0.002009 Å

 msRRHO(bhess) reference entropies:
      278.15        191.152779
      288.15        194.986017
      298.15        198.788284
      308.15        202.560564
      318.15        206.303678
      328.15        210.018313
      338.15        213.705031
      348.15        217.364293
      358.15        220.996474
      368.15        224.601875
      378.15        228.180736

       T/K  |S(T)|/cal/molK       |G(T)|/Eh     G_lowest/Eh    (conf)
   -----------------------------------------------------------------
    278.15    0.191189E+03    0.276411E+00      -94.900742         1
    288.15    0.195021E+03    0.273378E+00      -94.903775         1
    298.15    0.198823E+03    0.270284E+00      -94.906869         1
    308.15    0.202595E+03    0.267130E+00      -94.910023         1
    318.15    0.206337E+03    0.263916E+00      -94.913237         1
    328.15    0.210051E+03    0.260643E+00      -94.916510         1
    338.15    0.213737E+03    0.257311E+00      -94.919843         1
    348.15    0.217396E+03    0.253920E+00      -94.923234         1
    358.15    0.221027E+03    0.250471E+00      -94.926683         1
    368.15    0.224632E+03    0.246964E+00      -94.930189         1
    378.15    0.228210E+03    0.243401E+00      -94.933753         1
   -----------------------------------------------------------------
   NOTE: if |G(T)| is the averaged contributrion to the free energy.
   |G(T)| used only for the higher-energetic structures (n > 9).
   All other structures use G(T) from the respective Hessian calculations.

 Quantities calculated on free energies:
       T/K          δSrrho           Cp(T)     [H(T)-H(0)]
   -------------------------------------------------------
    278.15    0.358867E-01    0.371808E+00        0.199686
    288.15    0.352787E-01    0.391639E+00        0.203490
    298.15    0.346455E-01    0.412678E+00        0.207506
    308.15    0.339908E-01    0.434697E+00        0.211743
    318.15    0.333179E-01    0.457480E+00        0.216211
    328.15    0.326293E-01    0.480824E+00        0.220917
    338.15    0.319275E-01    0.504543E+00        0.225866
    348.15    0.312144E-01    0.528464E+00        0.231060
    358.15    0.304918E-01    0.552427E+00        0.236501
    368.15    0.297612E-01    0.576289E+00        0.242189
    378.15    0.290239E-01    0.599917E+00        0.248121
   -------------------------------------------------------
   NOTE: δSrrho(T) = |S(T)| - Sref(T)

 ----------------------
 TEMPERATURE DEPENDENCE
 ----------------------

 Final CONFORMATIONAL quantities at given T:
       T/K        S(total)           Cp(T)     [H(T)-H(0)]        G(total)
   -----------------------------------------------------------------------
    278.15        6.286874        0.371808        0.199686       -1.549008
    288.15        6.303924        0.391639        0.203490       -1.612985
    298.15        6.320780        0.412678        0.207506       -1.677035
    308.15        6.337503        0.434697        0.211743       -1.741159
    318.15        6.354141        0.457480        0.216211       -1.805359
    328.15        6.370728        0.480824        0.220917       -1.869637
    338.15        6.387289        0.504543        0.225866       -1.933996
    348.15        6.403841        0.528464        0.231060       -1.998437
    358.15        6.420395        0.552427        0.236501       -2.062963
    368.15        6.436953        0.576289        0.242189       -2.127576
    378.15        6.453518        0.599917        0.248121       -2.192276
   -----------------------------------------------------------------------
   S and Cp in cal/mol*K; H and G in kcal/mol
   G(total) is the ensemble free energy (H-T*S) and S(total) = S(conf,extrapol.) + δSrrho

 ----------------------------------------------------
 |      FINAL MOLECULAR ENTROPY AT T= 298.15 K      |
 ----------------------------------------------------
     Sconf   =          6.286134
   + δSrrho  =          0.034646
 -----------------------------------------------------
 = S(total)  =          6.320780  (cal mol⁻¹ K⁻¹)

   H(T)-H(0) =          0.207506
   G         =         -1.884541   (-T*S)
 -----------------------------------------------------
 = G(total)  =         -1.677035  (H-T*S) (kcal mol⁻¹)

   Cp(total) =          0.412678  (cal mol⁻¹ K⁻¹)


 -----------------
 Wall Time Summary
 -----------------
 CREST runtime (total)               0 d,  0 h, 15 min, 34.793 sec
 ------------------------------------------------------------------
 Trial metadynamics (MTD)   ...        0 min,  8.480 sec (  0.907%)
 Metadynamics (MTD)         ...        2 min, 44.077 sec ( 17.552%)
 Geometry optimization      ...       10 min, 57.083 sec ( 70.292%)
 Static metadynamics (sMTD) ...        1 min, 25.651 sec (  9.163%)
 Conf. entropy evaluation   ...        0 min, 18.162 sec (  1.943%)
 I/O and setup              ...        0 min,  1.340 sec (  0.143%)
 ------------------------------------------------------------------
 * wall-time:     0 d,  0 h, 15 min, 34.793 sec
 *  cpu-time:     0 d,  3 h, 45 min, 34.251 sec
 * ratio c/w:    14.478 speedup
 ------------------------------------------------------------------
 * Total number of energy+grad calls: 248138

 CREST terminated normally.
