  48
 Etot=         -95.1772146836
 S          0.4238383755       -1.6451431164       -0.8049443357
 C          0.2256724124       -0.0369800526       -0.5915035384
 N          1.2065752368        0.8851265888       -0.4784918529
 C          2.5697445794        0.5481148977       -0.3294250841
 C          2.9523364864       -0.3191201125        0.6861042466
 C          4.2850109528       -0.6546510659        0.8233808624
 C          5.2690173274       -0.1422591688       -0.0154721749
 C          4.8577410612        0.7387716249       -1.0128106556
 C          3.5302935212        1.0750766307       -1.1848738342
 H          3.2410320850        1.7306910736       -1.9891106841
 H          5.6190820673        1.1513901236       -1.6570064722
 C          6.7441092757       -0.4098793709        0.0874303426
 O          7.5477579203        0.4092015389       -0.3144485336
 N          7.0950298631       -1.6000711575        0.6104480323
 H          6.3977655397       -2.2487358966        0.9360854056
 C          8.4749805368       -1.9874930715        0.7689180997
 H          8.6791569619       -2.9067430727        0.2175040581
 H          8.7117373889       -2.1422315171        1.8230521564
 H          9.0917607457       -1.1822345901        0.3734724557
 F          4.6091405574       -1.4878943114        1.8352695374
 H          2.2280658538       -0.7420640288        1.3638333209
 C          0.6768775802        2.2183153989       -0.2214254970
 C         -0.8284270898        1.9669583730       -0.2492923908
 O         -1.7000509486        2.7804195563       -0.1141255821
 N         -0.9993720109        0.6195978767       -0.4910638271
 C         -2.2586585437        0.0012217241       -0.6085123127
 C         -2.5101095968       -0.9033128889       -1.6352839796
 C         -3.7498614150       -1.5018473552       -1.7351408377
 C         -4.7574192675       -1.1933631774       -0.8220921203
 C         -4.4989877080       -0.2701589356        0.1986766184
 C         -3.2547953565        0.3221018772        0.3089725722
 H         -3.0619000624        1.0337139198        1.0958393388
 C         -5.5915976811        0.0606039437        1.1819855911
 F         -6.6604362900        0.6100637574        0.5854029446
 F         -6.0308281568       -1.0286496925        1.8335051166
 F         -5.1934017225        0.9259670860        2.1231351689
 C         -6.0247504320       -1.8142247682       -0.9500813509
 N         -7.0379620336       -2.3301270091       -1.0816268206
 H         -3.9516442653       -2.2084273008       -2.5252619830
 H         -1.7387531945       -1.1399475494       -2.3496846537
 C          1.0301356230        3.2373014606       -1.3059195513
 H          0.8876805668        2.8089244434       -2.2957939537
 H          2.0575779367        3.5736583982       -1.1987253620
 H          0.3683112633        4.0941452876       -1.2021223208
 C          1.0945088739        2.7186721481        1.1630271552
 H          2.1661876182        2.9024028490        1.1877098728
 H          0.8463619773        1.9851012686        1.9276587803
 H          0.5670266706        3.6429440448        1.3826310666
  48
 Etot=         -95.1772146452
 S          0.4237856874       -1.6451625966       -0.8050107297
 C          0.2256635607       -0.0369955119       -0.5915383746
 N          1.2065779169        0.8851024746       -0.4785052262
 C          2.5697517377        0.5480958083       -0.3294077954
 C          2.9523489718       -0.3191415163        0.6861233525
 C          4.2850172528       -0.6546992863        0.8233761511
 C          5.2690109895       -0.1422904247       -0.0154724709
 C          4.8577439158        0.7387942060       -1.0127688284
 C          3.5303054251        1.0751056574       -1.1848237451
 H          3.2410468321        1.7306888840       -1.9890886088
 H          5.6190874655        1.1513537221       -1.6569961281
 C          6.7440943951       -0.4098510635        0.0874770309
 O          7.5477340991        0.4092564741       -0.3143987227
 N          7.0950106038       -1.6000459350        0.6104623557
 H          6.3977427262       -2.2487059423        0.9361070425
 C          8.4749529310       -1.9874882820        0.7689057689
 H          8.6790332172       -2.9067215132        0.2174293543
 H          8.7117216671       -2.1423152941        1.8230210155
 H          9.0917563980       -1.1822129903        0.3735226981
 F          4.6091745409       -1.4879408814        1.8352633885
 H          2.2281032086       -0.7420326638        1.3639102082
 C          0.6768906575        2.2183043890       -0.2214674685
 C         -0.8284155189        1.9669555171       -0.2493159585
 O         -1.7000390453        2.7804223645       -0.1141445871
 N         -0.9993650109        0.6195988868       -0.4910744484
 C         -2.2586517862        0.0012356554       -0.6085169494
 C         -2.5100886716       -0.9032867694       -1.6353010176
 C         -3.7498316244       -1.5018320319       -1.7351522561
 C         -4.7573996146       -1.1933522646       -0.8220878669
 C         -4.4989400546       -0.2701699638        0.1987266982
 C         -3.2547716345        0.3221128181        0.3089717462
 H         -3.0618817144        1.0337917197        1.0957905899
 C         -5.5915564952        0.0605337320        1.1820531317
 F         -6.6603510844        0.6100339476        0.5854325828
 F         -6.0308537383       -1.0287146956        1.8335411371
 F         -5.1933704460        0.9258527571        2.1232430094
 C         -6.0245561316       -1.8143952181       -0.9499039112
 N         -7.0382562910       -2.3298053032       -1.0818748923
 H         -3.9515766018       -2.2085182941       -2.5251695503
 H         -1.7387326751       -1.1399226047       -2.3496983410
 C          1.0301358551        3.2373042119       -1.3059620173
 H          0.8876949341        2.8089625741       -2.2958584728
 H          2.0575611575        3.5737077663       -1.1987498464
 H          0.3682944908        4.0941270462       -1.2021273339
 C          1.0944952396        2.7186818335        1.1629849675
 H          2.1661730331        2.9024249373        1.1877011919
 H          0.8463082529        1.9851376060        1.9276318447
 H          0.5669820599        3.6429427393        1.3825433164
  48
 Etot=         -95.1772145692
 S          0.4238010831       -1.6451741268       -0.8050212519
 C          0.2256754189       -0.0370083380       -0.5915408771
 N          1.2065824620        0.8850935060       -0.4785118280
 C          2.5697518842        0.5480907966       -0.3294029580
 C          2.9523442291       -0.3191436087        0.6861301939
 C          4.2850113902       -0.6547014197        0.8233882978
 C          5.2690063259       -0.1422922541       -0.0154582394
 C          4.8577419667        0.7387948335       -1.0127558235
 C          3.5303047140        1.0751038146       -1.1848153504
 H          3.2410534796        1.7307157020       -1.9890589424
 H          5.6190956644        1.1513794021       -1.6569541157
 C          6.7440882831       -0.4098482352        0.0874923608
 O          7.5477265795        0.4092744768       -0.3143622661
 N          7.0950048409       -1.6000444863        0.6104666028
 H          6.3977359336       -2.2487024393        0.9361115732
 C          8.4749440338       -1.9875020340        0.7688954543
 H          8.6790056071       -2.9067188657        0.2173850308
 H          8.7117165462       -2.1423690697        1.8230038115
 H          9.0917537720       -1.1822198109        0.3735383955
 F          4.6091652202       -1.4879562600        1.8352629140
 H          2.2280988944       -0.7420420196        1.3639137759
 C          0.6768919055        2.2182971986       -0.2214900856
 C         -0.8284133360        1.9669413198       -0.2493330164
 O         -1.7000414276        2.7804047926       -0.1141624986
 N         -0.9993549616        0.6195786669       -0.4910646205
 C         -2.2586371134        0.0012009757       -0.6084853720
 C         -2.5100751355       -0.9033355445       -1.6352597321
 C         -3.7498335778       -1.5018418742       -1.7351333478
 C         -4.7574309617       -1.1933074501       -0.8221040314
 C         -4.4989261752       -0.2701720485        0.1987564904
 C         -3.2547473485        0.3220739138        0.3090157499
 H         -3.0618507676        1.0337663628        1.0958213354
 C         -5.5915534414        0.0605441098        1.1820648686
 F         -6.6603073397        0.6101084952        0.5854329183
 F         -6.0309118242       -1.0287086042        1.8335041897
 F         -5.1933513024        0.9258060518        2.1233001100
 C         -6.0248612388       -1.8135812039       -0.9504618874
 N         -7.0378402782       -2.3305780064       -1.0813737448
 H         -3.9516366973       -2.2084079360       -2.5252419686
 H         -1.7387347299       -1.1399417906       -2.3496823395
 C          1.0301340686        3.2373030066       -1.3059811412
 H          0.8877047617        2.8089685344       -2.2958817746
 H          2.0575541591        3.5737223912       -1.1987621686
 H          0.3682809320        4.0941170447       -1.2021420851
 C          1.0944837321        2.7186917330        1.1629597968
 H          2.1661601103        2.9024383654        1.1876884781
 H          0.8462881170        1.9851556567        1.9276121401
 H          0.5669626257        3.6429529574        1.3825000131
  48
 Etot=         -95.1772145695
 S          0.4238407205       -1.6451369875       -0.8049761278
 C          0.2256793377       -0.0369741070       -0.5915230141
 N          1.2065789668        0.8851267393       -0.4785097990
 C          2.5697369844        0.5481144296       -0.3294090906
 C          2.9523140619       -0.3191159510        0.6861242854
 C          4.2849871077       -0.6546456596        0.8234187141
 C          5.2690012558       -0.1422543188       -0.0154258560
 C          4.8577352579        0.7387820613       -1.0127686772
 C          3.5302902157        1.0750808834       -1.1848463324
 H          3.2410506913        1.7307678885       -1.9890302183
 H          5.6191050725        1.1514620544       -1.6568897865
 C          6.7440883138       -0.4098800909        0.0874738156
 O          7.5477400810        0.4092354672       -0.3143395871
 N          7.0950013081       -1.6000808366        0.6104589511
 H          6.3977296256       -2.2487400864        0.9360872329
 C          8.4749425665       -1.9875477793        0.7688953307
 H          8.6790881907       -2.9067436563        0.2173801249
 H          8.7116994289       -2.1424019695        1.8230122237
 H          9.0917369007       -1.1822631010        0.3735324374
 F          4.6091028203       -1.4879315651        1.8352705392
 H          2.2280425399       -0.7420877109        1.3638368421
 C          0.6768848189        2.2183250278       -0.2214917980
 C         -0.8284195070        1.9669749221       -0.2493594502
 O         -1.7000432069        2.7804398701       -0.1142030579
 N         -0.9993656454        0.6196110911       -0.4910950013
 C         -2.2586570085        0.0012383501       -0.6085300004
 C         -2.5101074960       -0.9033138754       -1.6352913714
 C         -3.7498373762       -1.5018836024       -1.7351116460
 C         -4.7574154169       -1.1934419292       -0.8220344997
 C         -4.4989507393       -0.2702030843        0.1987369624
 C         -3.2547850011        0.3221011726        0.3089766842
 H         -3.0618538743        1.0336794062        1.0958677218
 C         -5.5915591358        0.0605328651        1.1820548211
 F         -6.6603563735        0.6100729645        0.5854717348
 F         -6.0308486763       -1.0287341330        1.8335042018
 F         -5.1933365816        0.9258105312        2.1232720309
 C         -6.0246316309       -1.8143118621       -0.9499811557
 N         -7.0378412265       -2.3298515594       -1.0817180413
 H         -3.9516487367       -2.2084332601       -2.5252514664
 H         -1.7387690696       -1.1399114648       -2.3497211158
 C          1.0301412280        3.2373135772       -1.3059833585
 H          0.8877195965        2.8089398598       -2.2958618871
 H          2.0575694948        3.5737107596       -1.1987702680
 H          0.3682798480        4.0941316786       -1.2021887300
 C          1.0944750789        2.7187252705        1.1629562433
 H          2.1661503994        2.9024581759        1.1876761040
 H          0.8462988195        1.9851774647        1.9276014802
 H          0.5669770549        3.6430027612        1.3825058897
