  50
 Etot=         -74.2093365042
 O         -1.3794359656        1.4749895944        0.8238911340
 C         -1.2814521641        2.0977322673       -0.4623211886
 C         -1.2843452061        3.6178579173       -0.2403618663
 C         -0.0488356372        4.0871377231        0.5241172947
 H          0.8617225497        3.8364620212       -0.0219198576
 H         -0.0831523019        5.1679790149        0.6627858152
 H         -0.0122057509        3.6133443532        1.5052156436
 H         -2.1803084156        3.8924573844        0.3231091048
 H         -1.3285260292        4.1142638648       -1.2143783371
 C         -2.4447641231        1.6612467125       -1.3720522303
 C         -3.8086797321        1.8347067636       -0.7057490867
 H         -4.5860268898        1.3926696186       -1.3292651437
 H         -4.0447652957        2.8887608077       -0.5565840870
 H         -3.8150963721        1.3377662650        0.2654325630
 H         -2.3128997846        0.6107958052       -1.6431363946
 H         -2.4001543891        2.2468939857       -2.2952191392
 H         -0.3311791120        1.8031903651       -0.9392486612
 C         -0.5748438681        0.3546389185        1.1072788085
 C          0.8926992826        0.6066794417        0.8855121390
 C          1.7529227110       -0.3394319115        0.5020551332
 C          3.1818462498        0.0409172432        0.3197901406
 O          3.6184362449        1.1447844241        0.5385769619
 O          3.9251942923       -0.9800661635       -0.1175849871
 C          5.3175981983       -0.7200664319       -0.3430860514
 C          5.5229046032        0.0369883745       -1.6484238199
 H          6.5896731146        0.1545480907       -1.8349443448
 H          5.0622525916        1.0216650988       -1.5853713437
 H          5.0738027008       -0.5117815777       -2.4756503355
 H          5.7163293182       -0.1456848790        0.5024008992
 H          5.7996568116       -1.7018239797       -0.3797315589
 C          1.3542178796       -1.7597517835        0.2097058693
 H          1.4105601253       -1.9278159731       -0.8717689514
 H          2.0651012696       -2.4499270203        0.6725591966
 C         -0.0613227465       -2.0754990278        0.7035928350
 N         -0.5105564946       -3.3180214405        0.1012043550
 H         -0.6947226243       -3.1579200293       -0.8858072726
 H         -1.3934578192       -3.5826310249        0.5253585162
 H         -0.0532020907       -2.2085249427        1.7942588336
 C         -1.0019548745       -0.9066975769        0.3378327810
 N         -2.3835898426       -1.2245300449        0.6682890822
 C         -3.2074560347       -1.7265070707       -0.2826509922
 O         -2.8206118212       -2.0546865003       -1.3868642924
 C         -4.6461117466       -1.8721183967        0.1684430827
 H         -4.7007777899       -2.5633030420        1.0086275876
 H         -5.0417903683       -0.9081286737        0.4850237127
 H         -5.2406496450       -2.2566712174       -0.6569534002
 H         -2.7622270932       -0.8407369065        1.5192033736
 H         -0.9480458150       -0.7399532304       -0.7447573127
 H          1.2475358773        1.6138755644        1.0771786775
 H         -0.7306394196        0.1724683502        2.1850945892
