  44
 Etot=         -59.5486892211
 O          0.2335873920        1.8245395822       -0.6747716918
 C         -0.2518611767        1.5887844323        0.4185420310
 N         -1.5678198361        1.4242820900        0.6495629491
 H         -1.8318807206        1.1243294713        1.5789538089
 C         -2.5533037063        1.3105909927       -0.4195298436
 C         -2.7100494709        2.6548383740       -1.1302490162
 H         -1.7719646511        2.9422539555       -1.6028806034
 H         -3.4841204113        2.5806984120       -1.8936958742
 H         -2.9925186036        3.4235417592       -0.4111759291
 H         -3.5023300041        1.0475833384        0.0663166187
 C         -2.1591797194        0.2045135319       -1.4173715007
 C         -1.6233880036       -1.0381634815       -0.7493418427
 C         -2.2309435141       -1.5803904121        0.3814614810
 C         -1.7056241128       -2.7112003538        0.9909693288
 C         -0.5728139345       -3.3233169060        0.4720870881
 C          0.0302553786       -2.7990842633       -0.6623982658
 C         -0.4890783353       -1.6611882347       -1.2645725479
 H         -0.0068776637       -1.2530314408       -2.1460729020
 H          0.9139982980       -3.2715840432       -1.0767371529
 H         -0.1633292888       -4.2061759096        0.9498096973
 H         -2.1855906507       -3.1169987694        1.8749425196
 H         -3.1219103334       -1.1201332659        0.7952870256
 H         -3.0453934093       -0.0485948130       -2.0092792655
 H         -1.4026032826        0.5940219264       -2.1036032848
 C          0.5897868287        1.4967797687        1.6937264471
 N         -0.0593094585        0.5834971722        2.6303777627
 H          0.0028206056       -0.3633015780        2.2704502389
 H          0.4310477823        0.6148181584        3.5170091438
 C          2.0388975333        1.1107904586        1.3613040312
 H          2.6513093121        1.1788726190        2.2653030511
 H          2.4105617612        1.8467379858        0.6435679020
 C          2.1350168749       -0.2982372271        0.7664847592
 H          1.9587368290       -1.0391633348        1.5543171509
 C          3.4909413301       -0.5897292458        0.1150752871
 H          3.4938075052       -1.6388630086       -0.1997022996
 H          4.2931447891       -0.4602856392        0.8491572290
 C          3.7932560090        0.2945723646       -1.1096497556
 N          2.7148734535        0.3182269804       -2.0853530231
 H          2.4061919467       -0.6292520479       -2.2756692664
 H          1.9288549908        0.8417542658       -1.7109653464
 H          4.6975749914       -0.0886762041       -1.5965589789
 H          3.9936098896        1.3249545091       -0.7995171176
 H          1.3497929723       -0.4273248192        0.0163871811
 H          0.5845586873        2.4965263873        2.1499535394
