  43
 Etot=         -70.3211885361
 S         -2.4190040299        2.2317029938        0.4736768523
 O         -2.1417616505        3.5778129602       -0.0364458175
 C         -0.7787647449        1.5240021954        0.6862112287
 N         -0.4551455869        0.5138870266        1.4380298855
 C          0.8804145849        0.3046346970        1.1942432270
 C          1.7612866056       -0.6475224403        1.7006984384
 C          3.0526981584       -0.6363050218        1.2356795393
 C          3.5023093512        0.3031084097        0.2858666791
 C          2.6486933941        1.2718366200       -0.2156093124
 C          1.3427195466        1.2530843096        0.2515395660
 N          0.2560045210        2.0292117155       -0.0370138131
 H          0.1791083496        2.8061177727       -0.6735877420
 H          2.9599377967        2.0085570807       -0.9377395756
 O          4.8088179807        0.1655434762       -0.0720699055
 C          5.3485266871        1.0701308196       -1.0043262638
 H          6.3889762569        0.7761479616       -1.1322603545
 H          5.3067240309        2.0999668933       -0.6352084344
 H          4.8340546781        1.0080691076       -1.9688119649
 H          3.7745644592       -1.3546205913        1.5913612605
 H          1.4352599766       -1.3635990421        2.4368383416
 C         -2.8107468887        1.2166122265       -1.0747551019
 C         -1.9835589120       -0.0137445487       -1.1347691749
 N         -0.9266716755        0.0533630720       -1.9366314971
 C         -0.0863298110       -0.9612409235       -1.9712221062
 C         -0.2190526683       -2.1056789431       -1.1977983407
 C         -1.3340086697       -2.1724276928       -0.3576247918
 C         -2.2482851161       -1.1181437402       -0.3207132625
 C         -3.4311193694       -1.1574050491        0.5936495787
 H         -3.5476545744       -2.1585097728        0.9998186035
 H         -4.3428511220       -0.8892392136        0.0629468666
 H         -3.2887355016       -0.4549289403        1.4142161734
 O         -1.5506726284       -3.2851915984        0.4302732912
 C         -0.9075437405       -3.2213895092        1.6898344452
 H         -1.1160332662       -2.2715711483        2.1908392853
 H          0.1757826186       -3.3388682351        1.5852379707
 H         -1.3077492469       -4.0477266136        2.2754299765
 C          0.7976692528       -3.2010274429       -1.2491052330
 H          1.6323934995       -2.9635597808       -0.5878723500
 H          0.3544213478       -4.1416577371       -0.9311947217
 H          1.1877824486       -3.3104276343       -2.2584871453
 H          0.7538072187       -0.8469115889       -2.6441647018
 H         -3.8783728146        1.0168690781       -1.0301147880
 H         -2.5782866236        1.8787603048       -1.9063062064
  43
 Etot=         -70.3211885481
 S         -2.4189969948        2.2317129129        0.4736477557
 O         -2.1417662415        3.5778137523       -0.0364317541
 C         -0.7787597572        1.5240103651        0.6862382841
 N         -0.4551442298        0.5138850503        1.4379971236
 C          0.8804156815        0.3046471881        1.1942602758
 C          1.7613142006       -0.6474999399        1.7006996534
 C          3.0526872218       -0.6362944772        1.2356908523
 C          3.5023087849        0.3030956334        0.2858621984
 C          2.6487061425        1.2718332770       -0.2156194355
 C          1.3427109379        1.2530716147        0.2515351459
 N          0.2559946279        2.0292042462       -0.0370054661
 H          0.1791064925        2.8061161141       -0.6735884116
 H          2.9599396029        2.0085597914       -0.9377357147
 O          4.8088173709        0.1655466544       -0.0720681863
 C          5.3485274788        1.0701333028       -1.0043240529
 H          6.3889760656        0.7761498061       -1.1322593470
 H          5.3067255344        2.0999636069       -0.6352070900
 H          4.8340488916        1.0080673489       -1.9688194381
 H          3.7745591700       -1.3546200875        1.5913552721
 H          1.4352512821       -1.3636192107        2.4368395715
 C         -2.8107542659        1.2166093728       -1.0747587286
 C         -1.9835460373       -0.0137530472       -1.1347908918
 N         -0.9266634582        0.0533530716       -1.9366267785
 C         -0.0863333349       -0.9612341549       -1.9712380080
 C         -0.2190517667       -2.1056823669       -1.1977767695
 C         -1.3339859043       -2.1724259984       -0.3576180221
 C         -2.2482803583       -1.1181424398       -0.3207258513
 C         -3.4311226861       -1.1574072170        0.5936513329
 H         -3.5476549734       -2.1585105347        0.9998182270
 H         -4.3428572878       -0.8892364168        0.0629461237
 H         -3.2887355002       -0.4549243061        1.4142217001
 O         -1.5506774014       -3.2851931304        0.4302586245
 C         -0.9075363772       -3.2213866737        1.6898251300
 H         -1.1160344234       -2.2715581263        2.1908440746
 H          0.1757893709       -3.3388663918        1.5852409127
 H         -1.3077574323       -4.0477343159        2.2754302763
 C          0.7976638540       -3.2010283047       -1.2491122236
 H          1.6323925246       -2.9635523829       -0.5878677628
 H          0.3544208757       -4.1416602045       -0.9311987898
 H          1.1877832403       -3.3104351770       -2.2584889187
 H          0.7537864486       -0.8469126537       -2.6441446094
 H         -3.8783740208        1.0168763387       -1.0301183010
 H         -2.5782892261        1.8787496233       -1.9062793783
