  50
 Etot=         -70.6849351961
 O         -1.4325235564       -1.3987396303       -0.8616815631
 C         -1.4625871547       -2.0433271557        0.4131854991
 C         -1.4921200300       -3.5584014617        0.1728436521
 C         -0.1950584324       -4.0895052237       -0.4242266266
 H          0.6500912220       -3.8710223938        0.2257471054
 H         -0.2568472178       -5.1674799252       -0.5549278372
 H         -0.0173585554       -3.6380696466       -1.3971653154
 H         -2.3134917805       -3.7783732888       -0.5089122261
 H         -1.6882490331       -4.0540895492        1.1249161928
 C         -2.6802563999       -1.5886124863        1.2386746303
 C         -4.0027606801       -1.8186773049        0.5154669452
 H         -3.9306545831       -1.4489223468       -0.5046119203
 H         -4.8041959992       -1.2905851731        1.0267682944
 H         -4.2549841132       -2.8752069868        0.4826586122
 H         -2.5869563525       -0.5273081251        1.4692128231
 H         -2.6720797376       -2.1289494993        2.1869837765
 H         -0.5473120301       -1.7882413822        0.9669326327
 C         -0.5366265089       -0.3267823529       -1.0320065891
 C          0.8845327159       -0.6608830963       -0.6890263957
 C          1.7578425300        0.2211550489       -0.2022905117
 C          3.1318267794       -0.2563271217        0.1003468716
 O          3.5078151091       -1.3917326334       -0.0685958892
 O          3.8998950007        0.7159914455        0.6035928957
 C          5.2481660654        0.3754261542        0.9250931885
 C          6.1453646261        0.4399987230       -0.3026955053
 H          6.0922644914        1.4268525517       -0.7562646101
 H          5.8288786859       -0.3024821544       -1.0310988696
 H          7.1724117867        0.2354266296       -0.0146277410
 H          5.5533438261        1.1073209121        1.6757762827
 H          5.2671749724       -0.6321071515        1.3535564394
 C          1.4221646449        1.6541398742        0.0720856268
 H          1.3526079175        1.8045935900        1.1535510344
 H          2.2232752422        2.3028177293       -0.2829748608
 C          0.0989158732        2.0685031972       -0.5766347886
 N         -0.2820391201        3.3750044306       -0.0832788571
 H         -0.5009432651        3.3223354329        0.9070462253
 H         -1.1168190187        3.7056588961       -0.5545011117
 H          0.2387631162        2.1576365206       -1.6616117201
 C         -0.9514092148        0.9621479077       -0.3027825871
 N         -2.2779168599        1.3640873292       -0.7131290099
 C         -3.1998788884        1.8265452040        0.1643535873
 O         -2.9423679636        2.0308473293        1.3327502536
 C         -4.5584357044        2.0746210225       -0.4536695068
 H         -4.9915223114        1.1295952509       -0.7746973216
 H         -5.2100408922        2.5316809259        0.2850740486
 H         -4.4713329199        2.7317179578       -1.3161744411
 H         -2.5530563276        1.1464105173       -1.6576534944
 H         -0.9911813912        0.7937562474        0.7794397441
 H          1.2002552646       -1.6789668961       -0.8645431415
 H         -0.5879043490       -0.1336894340       -2.1169676301
  50
 Etot=         -70.6849352010
 O         -1.4325260700       -1.3987401251       -0.8616796459
 C         -1.4625833165       -2.0433267620        0.4131869934
 C         -1.4921207967       -3.5584026448        0.1728436291
 C         -0.1950612146       -4.0895027649       -0.4242255569
 H          0.6500892758       -3.8710234383        0.2257462212
 H         -0.2568474723       -5.1674787746       -0.5549281772
 H         -0.0173582011       -3.6380698156       -1.3971663456
 H         -2.3134907866       -3.7783732687       -0.5089146508
 H         -1.6882473992       -4.0540894794        1.1249169487
 C         -2.6802556546       -1.5886140283        1.2386712817
 C         -4.0027643615       -1.8186756493        0.5154687737
 H         -3.9306530839       -1.4489231362       -0.5046101046
 H         -4.8041978326       -1.2905843620        1.0267676903
 H         -4.2549846453       -2.8752068566        0.4826567226
 H         -2.5869548982       -0.5273081403        1.4692139111
 H         -2.6720795245       -2.1289474508        2.1869809520
 H         -0.5473101659       -1.7882413185        0.9669309235
 C         -0.5366313294       -0.3267794939       -1.0320074946
 C          0.8845384537       -0.6608790098       -0.6890247059
 C          1.7578407341        0.2211631699       -0.2022868493
 C          3.1318329083       -0.2563248595        0.1003433230
 O          3.5078150720       -1.3917289252       -0.0685921544
 O          3.8998937547        0.7159850983        0.6035921934
 C          5.2481669914        0.3754280505        0.9250960867
 C          6.1453618684        0.4399965713       -0.3026959677
 H          6.0922649602        1.4268497758       -0.7562637956
 H          5.8288798435       -0.3024836736       -1.0310987530
 H          7.1724119402        0.2354248705       -0.0146276469
 H          5.5533422469        1.1073197656        1.6757744842
 H          5.2671745028       -0.6321032399        1.3535563005
 C          1.4221666897        1.6541371839        0.0720862774
 H          1.3526080941        1.8045927762        1.1535477920
 H          2.2232746099        2.3028168595       -0.2829759381
 C          0.0989185503        2.0685021977       -0.5766320295
 N         -0.2820387560        3.3750028242       -0.0832850547
 H         -0.5009437381        3.3223359341        0.9070534809
 H         -1.1168183583        3.7056572172       -0.5545026113
 H          0.2387625769        2.1576366857       -1.6616130513
 C         -0.9514120318        0.9621511249       -0.3027789831
 N         -2.2779185051        1.3640843531       -0.7131385587
 C         -3.1998896564        1.8265366623        0.1643486066
 O         -2.9423659632        2.0308517150        1.3327601995
 C         -4.5584375873        2.0746223529       -0.4536815708
 H         -4.9915153144        1.1296007270       -0.7746898068
 H         -5.2100374118        2.5316769793        0.2850719839
 H         -4.4713344874        2.7317119611       -1.3161648063
 H         -2.5530548226        1.1464105460       -1.6576476479
 H         -0.9911812856        0.7937580259        0.7794336426
 H          1.2002560238       -1.6789677914       -0.8645418614
 H         -0.5879049476       -0.1336900112       -2.1169683590
