
       ╔════════════════════════════════════════════════╗
       ║                                                ║
       ║     ██████╗██████╗ ███████╗███████╗████████╗   ║
       ║    ██╔════╝██╔══██╗██╔════╝██╔════╝╚══██╔══╝   ║
       ║    ██║     ██████╔╝█████╗  ███████╗   ██║      ║
       ║    ██║     ██╔══██╗██╔══╝  ╚════██║   ██║      ║
       ║    ╚██████╗██║  ██║███████╗███████║   ██║      ║
       ║     ╚═════╝╚═╝  ╚═╝╚══════╝╚══════╝   ╚═╝      ║
       ║                                                ║
       ║    Conformer-Rotamer Ensemble Sampling Tool    ║
       ║            based on the xTB methods            ║
       ║                                                ║
       ╚════════════════════════════════════════════════╝
        Version 3.0.2, Mon, 29 September 16:25:59, 09/29/2025
        commit (c39758d) compiled by 'andrey@PC1'

   Cite work conducted with this code as

   • P.Pracht, F.Bohle, S.Grimme, PCCP, 2020, 22, 7169-7192.
   • S.Grimme, JCTC, 2019, 15, 2847-2862.
   • P.Pracht, S.Grimme, C.Bannwarth, F.Bohle, S.Ehlert,
     G.Feldmann, J.Gorges, M.Müller, T.Neudecker, C.Plett,
     S.Spicher, P.Steinbach, P.Wesołowski, F.Zeller,
     J. Chem. Phys., 2024, 160, 114110.

   for works involving QCG cite

   • S.Spicher, C.Plett, P.Pracht, A.Hansen, S.Grimme,
     JCTC, 2022, 18 (5), 3174-3189.
   • C.Plett, S. Grimme,
     Angew. Chem. Int. Ed. 2023, 62, e202214477.

   for works involving MECP screening cite

   • P.Pracht, C.Bannwarth, JCTC, 2022, 18 (10), 6370-6385.

   Original code
     P.Pracht, S.Grimme, Universität Bonn, MCTC
   with help from (alphabetical order):
     C.Bannwarth, F.Bohle, S.Ehlert, G.Feldmann, J.Gorges,
     S.Grimme, C.Plett, P.Pracht, S.Spicher, P.Steinbach,
     P.Wesolowski, F.Zeller

   Online documentation is available at
   https://crest-lab.github.io/crest-docs/

   This program is distributed in the hope that it will be useful,
   but WITHOUT ANY WARRANTY; without even the implied warranty of
   MERCHANTABILITY or FITNESS FOR A PARTICULAR PURPOSE. See the
   GNU Lesser General Public License (LGPL) for more details.

 Command line input:
 $ ./crest m1_00_Celecoxib_best.xyz --T 16 --entropy --gfn1 --chrg 0

  --T 16 (CPUs/Threads selected)
  --entropy : enhanced ensemble entropy calculation
  --gfn1               : Use of GFN1-xTB requested.
  --chrg 0

> Setting up backup calculator ... done.
 ----------------
 Calculation info
 ----------------
> User-defined calculation level:
 : xTB calculation via tblite lib
 : GFN1-xTB level
 :   Molecular charge    : 0
 :   Fermi temperature   : 300.00000
 :   Accuracy            : 1.00000
 :   max SCC cycles      : 500


 -----------------------------
 Initial Geometry Optimization
 -----------------------------
 Geometry successfully optimized.

          ┍━━━━━━━━━━━━━━━━━━━━━━━━━━━━━━━━━━━━━━━━━━━━━━━━━┑
          │              CREST ENTROPY SAMPLING             │
          ┕━━━━━━━━━━━━━━━━━━━━━━━━━━━━━━━━━━━━━━━━━━━━━━━━━┙

 please cite:
 • P.Pracht, S.Grimme, Chem. Sci., 2021, 12, 6551-6568.
 • J.Gorges, S.Grimme, A.Hansen, P.Pracht, PCCP, 2022,24, 12249-12259.

 Input structure:
  40

 S          4.8021391598        1.0090903264        0.0106154444
 O          5.3786928658       -0.2678283472        0.3503836894
 O          5.1952740980        1.6890849255       -1.1978087050
 N          5.0861211319        2.0551186278        1.3017196708
 H          5.6836392177        1.5661514172        1.9537881825
 H          5.5360022814        2.8776730313        0.9243284764
 C          3.0451754555        0.8388502078        0.0045809548
 C          2.2807610941        1.7471680884       -0.7124685822
 C          0.9045520778        1.6040296138       -0.7246600936
 C          0.3138402339        0.5515968205       -0.0254878415
 C          1.0903304326       -0.3429289193        0.7095973178
 C          2.4679026509       -0.1996034126        0.7186945666
 H          3.0915773996       -0.8894750202        1.2734857068
 H          0.6224992184       -1.1388095312        1.2745112785
 N         -1.0873022080        0.4462666804       -0.0464914711
 C         -1.9036646542       -0.6414494773        0.0568941873
 C         -3.1944437829       -0.1503345030        0.1042033739
 C         -3.0579940088        1.2408258343        0.0134816917
 N         -1.7828994336        1.5910395653       -0.0780176092
 C         -4.1362374122        2.2748518673        0.0183620787
 F         -5.3448237814        1.6980031628       -0.0058330377
 F         -4.0595564078        3.0895414258       -1.0407890511
 F         -4.0875295013        3.0471725781        1.1132219386
 H         -4.1090190955       -0.7134633153        0.1663443762
 C         -1.4562385690       -2.0319870695       -0.0000697499
 C         -2.0727161702       -2.9924602272        0.8041845628
 C         -1.6888702182       -4.3216626614        0.7303939774
 C         -0.6914936481       -4.7263146093       -0.1527849525
 C         -0.0884163649       -3.7698721834       -0.9683548173
 C         -0.4653347407       -2.4400952081       -0.8983284488
 H         -0.0000087882       -1.7124933027       -1.5535431461
 H          0.6808525113       -4.0696989615       -1.6717882952
 C         -0.2592275967       -6.1639794556       -0.2228020546
 H          0.6798220654       -6.2958359126        0.3192494526
 H         -1.0069331038       -6.8191501848        0.2235936450
 H         -0.0952715891       -6.4670506734       -1.2573866448
 H         -2.1740997477       -5.0527210902        1.3680757219
 H         -2.8471207274       -2.6907051610        1.5006337347
 H          0.2749592039        2.2962252474       -1.2700402173
 H          2.7613168499        2.5466646350       -1.2624292084

 ------------------------------------------------
 Generating MTD length from a flexibility measure
 ------------------------------------------------
 Calculating GFN0-xTB WBOs   ... done.
 Calculating NCI flexibility ... done.
     covalent flexibility measure :   0.088
 non-covalent flexibility measure :   0.708
 flexibility measure :   0.149
 t(MTD) / ps    :     7.0
 Σ(t(MTD)) / ps :   168.0 (24 MTDs)

 -----------------------------------
 Starting trial MTD to test settings
 -----------------------------------
 Trial MTD 1 runtime (1.0 ps) ...        0 min,  8.688 sec
 Estimated runtime for one MTD (7.0 ps) on a single thread: 1 min 1 sec
 Estimated runtime for a batch of 24 MTDs on 16 threads: 2 min 2 sec

********************************************************************************
**                    N E W   I T E R A T I O N  C Y C L E                    **
********************************************************************************

 ------------------------------
 Meta-Dynamics Iteration 1
 ------------------------------
 list of applied metadynamics Vbias parameters:
$metadyn    0.30000   1.618
$metadyn    0.15000   1.618
$metadyn    0.07500   1.618
$metadyn    0.03750   1.618
$metadyn    0.30000   1.000
$metadyn    0.15000   1.000
$metadyn    0.07500   1.000
$metadyn    0.03750   1.000
$metadyn    0.30000   0.618
$metadyn    0.15000   0.618
$metadyn    0.07500   0.618
$metadyn    0.03750   0.618
$metadyn    0.30000   0.382
$metadyn    0.15000   0.382
$metadyn    0.07500   0.382
$metadyn    0.03750   0.382
$metadyn    0.30000   0.236
$metadyn    0.15000   0.236
$metadyn    0.07500   0.236
$metadyn    0.03750   0.236
$metadyn    0.30000   0.146
$metadyn    0.15000   0.146
$metadyn    0.07500   0.146
$metadyn    0.03750   0.146

  ::::::::::::: starting MTD   13 :::::::::::::
  |   MD simulation time   :     7.0 ps       |
  |   target T             :   300.0 K        |
  |   timestep dt          :     5.0 fs       |
  |   dump interval(trj)   :   100.0 fs       |
  |   SHAKE algorithm      : true (all bonds) |
  |   dump interval(Vbias) :    1.00 ps       |
  |   Vbias prefactor (k)  :  0.3000 Eh       |
  |   Vbias exponent (α)   :  0.3820 bohr⁻²   |
  ::::::::::::: starting MTD   19 :::::::::::::
  |   MD simulation time   :     7.0 ps       |
  |   target T             :   300.0 K        |
  |   timestep dt          :     5.0 fs       |
  |   dump interval(trj)   :   100.0 fs       |
  |   SHAKE algorithm      : true (all bonds) |
  |   dump interval(Vbias) :    1.00 ps       |
  |   Vbias prefactor (k)  :  0.0750 Eh       |
  |   Vbias exponent (α)   :  0.2361 bohr⁻²   |
  ::::::::::::: starting MTD   15 :::::::::::::
  |   MD simulation time   :     7.0 ps       |
  |   target T             :   300.0 K        |
  |   timestep dt          :     5.0 fs       |
  |   dump interval(trj)   :   100.0 fs       |
  |   SHAKE algorithm      : true (all bonds) |
  |   dump interval(Vbias) :    1.00 ps       |
  |   Vbias prefactor (k)  :  0.0750 Eh       |
  |   Vbias exponent (α)   :  0.3820 bohr⁻²   |
  ::::::::::::: starting MTD   11 :::::::::::::
  |   MD simulation time   :     7.0 ps       |
  |   target T             :   300.0 K        |
  |   timestep dt          :     5.0 fs       |
  |   dump interval(trj)   :   100.0 fs       |
  |   SHAKE algorithm      : true (all bonds) |
  |   dump interval(Vbias) :    1.00 ps       |
  |   Vbias prefactor (k)  :  0.0750 Eh       |
  |   Vbias exponent (α)   :  0.6180 bohr⁻²   |
  ::::::::::::: starting MTD    7 :::::::::::::
  |   MD simulation time   :     7.0 ps       |
  |   target T             :   300.0 K        |
  |   timestep dt          :     5.0 fs       |
  |   dump interval(trj)   :   100.0 fs       |
  |   SHAKE algorithm      : true (all bonds) |
  |   dump interval(Vbias) :    1.00 ps       |
  |   Vbias prefactor (k)  :  0.0750 Eh       |
  |   Vbias exponent (α)   :  1.0000 bohr⁻²   |
  ::::::::::::: starting MTD    9 :::::::::::::
  |   MD simulation time   :     7.0 ps       |
  |   target T             :   300.0 K        |
  |   timestep dt          :     5.0 fs       |
  |   dump interval(trj)   :   100.0 fs       |
  |   SHAKE algorithm      : true (all bonds) |
  |   dump interval(Vbias) :    1.00 ps       |
  |   Vbias prefactor (k)  :  0.3000 Eh       |
  |   Vbias exponent (α)   :  0.6180 bohr⁻²   |
  ::::::::::::: starting MTD   22 :::::::::::::
  |   MD simulation time   :     7.0 ps       |
  |   target T             :   300.0 K        |
  |   timestep dt          :     5.0 fs       |
  |   dump interval(trj)   :   100.0 fs       |
  |   SHAKE algorithm      : true (all bonds) |
  |   dump interval(Vbias) :    1.00 ps       |
  |   Vbias prefactor (k)  :  0.1500 Eh       |
  |   Vbias exponent (α)   :  0.1459 bohr⁻²   |
  ::::::::::::: starting MTD    5 :::::::::::::
  |   MD simulation time   :     7.0 ps       |
  |   target T             :   300.0 K        |
  |   timestep dt          :     5.0 fs       |
  |   dump interval(trj)   :   100.0 fs       |
  |   SHAKE algorithm      : true (all bonds) |
  |   dump interval(Vbias) :    1.00 ps       |
  |   Vbias prefactor (k)  :  0.3000 Eh       |
  |   Vbias exponent (α)   :  1.0000 bohr⁻²   |
  ::::::::::::: starting MTD    3 :::::::::::::
  |   MD simulation time   :     7.0 ps       |
  |   target T             :   300.0 K        |
  |   timestep dt          :     5.0 fs       |
  |   dump interval(trj)   :   100.0 fs       |
  |   SHAKE algorithm      : true (all bonds) |
  |   dump interval(Vbias) :    1.00 ps       |
  |   Vbias prefactor (k)  :  0.0750 Eh       |
  |   Vbias exponent (α)   :  1.6180 bohr⁻²   |
  ::::::::::::: starting MTD   23 :::::::::::::
  |   MD simulation time   :     7.0 ps       |
  |   target T             :   300.0 K        |
  |   timestep dt          :     5.0 fs       |
  |   dump interval(trj)   :   100.0 fs       |
  |   SHAKE algorithm      : true (all bonds) |
  |   dump interval(Vbias) :    1.00 ps       |
  |   Vbias prefactor (k)  :  0.0750 Eh       |
  |   Vbias exponent (α)   :  0.1459 bohr⁻²   |
  ::::::::::::: starting MTD   20 :::::::::::::
  |   MD simulation time   :     7.0 ps       |
  |   target T             :   300.0 K        |
  |   timestep dt          :     5.0 fs       |
  |   dump interval(trj)   :   100.0 fs       |
  |   SHAKE algorithm      : true (all bonds) |
  |   dump interval(Vbias) :    1.00 ps       |
  |   Vbias prefactor (k)  :  0.0375 Eh       |
  |   Vbias exponent (α)   :  0.2361 bohr⁻²   |
  ::::::::::::: starting MTD   21 :::::::::::::
  |   MD simulation time   :     7.0 ps       |
  |   target T             :   300.0 K        |
  |   timestep dt          :     5.0 fs       |
  |   dump interval(trj)   :   100.0 fs       |
  |   SHAKE algorithm      : true (all bonds) |
  |   dump interval(Vbias) :    1.00 ps       |
  |   Vbias prefactor (k)  :  0.3000 Eh       |
  |   Vbias exponent (α)   :  0.1459 bohr⁻²   |
  ::::::::::::: starting MTD    1 :::::::::::::
  |   MD simulation time   :     7.0 ps       |
  |   target T             :   300.0 K        |
  |   timestep dt          :     5.0 fs       |
  |   dump interval(trj)   :   100.0 fs       |
  |   SHAKE algorithm      : true (all bonds) |
  |   dump interval(Vbias) :    1.00 ps       |
  |   Vbias prefactor (k)  :  0.3000 Eh       |
  |   Vbias exponent (α)   :  1.6180 bohr⁻²   |
  ::::::::::::: starting MTD   24 :::::::::::::
  |   MD simulation time   :     7.0 ps       |
  |   target T             :   300.0 K        |
  |   timestep dt          :     5.0 fs       |
  |   dump interval(trj)   :   100.0 fs       |
  |   SHAKE algorithm      : true (all bonds) |
  |   dump interval(Vbias) :    1.00 ps       |
  |   Vbias prefactor (k)  :  0.0375 Eh       |
  |   Vbias exponent (α)   :  0.1459 bohr⁻²   |
  ::::::::::::: starting MTD   17 :::::::::::::
  |   MD simulation time   :     7.0 ps       |
  |   target T             :   300.0 K        |
  |   timestep dt          :     5.0 fs       |
  |   dump interval(trj)   :   100.0 fs       |
  |   SHAKE algorithm      : true (all bonds) |
  |   dump interval(Vbias) :    1.00 ps       |
  |   Vbias prefactor (k)  :  0.3000 Eh       |
  |   Vbias exponent (α)   :  0.2361 bohr⁻²   |
  ::::::::::::: starting MTD   18 :::::::::::::
  |   MD simulation time   :     7.0 ps       |
  |   target T             :   300.0 K        |
  |   timestep dt          :     5.0 fs       |
  |   dump interval(trj)   :   100.0 fs       |
  |   SHAKE algorithm      : true (all bonds) |
  |   dump interval(Vbias) :    1.00 ps       |
  |   Vbias prefactor (k)  :  0.1500 Eh       |
  |   Vbias exponent (α)   :  0.2361 bohr⁻²   |
*MTD   5 completed successfully ...        1 min, 22.420 sec
  ::::::::::::: starting MTD    6 :::::::::::::
  |   MD simulation time   :     7.0 ps       |
  |   target T             :   300.0 K        |
  |   timestep dt          :     5.0 fs       |
  |   dump interval(trj)   :   100.0 fs       |
  |   SHAKE algorithm      : true (all bonds) |
  |   dump interval(Vbias) :    1.00 ps       |
  |   Vbias prefactor (k)  :  0.1500 Eh       |
  |   Vbias exponent (α)   :  1.0000 bohr⁻²   |
*MTD  18 completed successfully ...        1 min, 22.679 sec
*MTD  22 completed successfully ...        1 min, 22.681 sec
*MTD  20 completed successfully ...        1 min, 22.820 sec
*MTD  11 completed successfully ...        1 min, 22.848 sec
  ::::::::::::: starting MTD   12 :::::::::::::
  |   MD simulation time   :     7.0 ps       |
  |   target T             :   300.0 K        |
  |   timestep dt          :     5.0 fs       |
  |   dump interval(trj)   :   100.0 fs       |
  |   SHAKE algorithm      : true (all bonds) |
  |   dump interval(Vbias) :    1.00 ps       |
  |   Vbias prefactor (k)  :  0.0375 Eh       |
  |   Vbias exponent (α)   :  0.6180 bohr⁻²   |
*MTD  15 completed successfully ...        1 min, 23.036 sec
  ::::::::::::: starting MTD   16 :::::::::::::
  |   MD simulation time   :     7.0 ps       |
  |   target T             :   300.0 K        |
  |   timestep dt          :     5.0 fs       |
  |   dump interval(trj)   :   100.0 fs       |
  |   SHAKE algorithm      : true (all bonds) |
  |   dump interval(Vbias) :    1.00 ps       |
  |   Vbias prefactor (k)  :  0.0375 Eh       |
  |   Vbias exponent (α)   :  0.3820 bohr⁻²   |
*MTD   1 completed successfully ...        1 min, 23.235 sec
  ::::::::::::: starting MTD    2 :::::::::::::
  |   MD simulation time   :     7.0 ps       |
  |   target T             :   300.0 K        |
  |   timestep dt          :     5.0 fs       |
  |   dump interval(trj)   :   100.0 fs       |
  |   SHAKE algorithm      : true (all bonds) |
  |   dump interval(Vbias) :    1.00 ps       |
  |   Vbias prefactor (k)  :  0.1500 Eh       |
  |   Vbias exponent (α)   :  1.6180 bohr⁻²   |
*MTD   3 completed successfully ...        1 min, 23.235 sec
  ::::::::::::: starting MTD    4 :::::::::::::
  |   MD simulation time   :     7.0 ps       |
  |   target T             :   300.0 K        |
  |   timestep dt          :     5.0 fs       |
  |   dump interval(trj)   :   100.0 fs       |
  |   SHAKE algorithm      : true (all bonds) |
  |   dump interval(Vbias) :    1.00 ps       |
  |   Vbias prefactor (k)  :  0.0375 Eh       |
  |   Vbias exponent (α)   :  1.6180 bohr⁻²   |
*MTD   7 completed successfully ...        1 min, 23.250 sec
  ::::::::::::: starting MTD    8 :::::::::::::
  |   MD simulation time   :     7.0 ps       |
  |   target T             :   300.0 K        |
  |   timestep dt          :     5.0 fs       |
  |   dump interval(trj)   :   100.0 fs       |
  |   SHAKE algorithm      : true (all bonds) |
  |   dump interval(Vbias) :    1.00 ps       |
  |   Vbias prefactor (k)  :  0.0375 Eh       |
  |   Vbias exponent (α)   :  1.0000 bohr⁻²   |
*MTD  23 completed successfully ...        1 min, 23.360 sec
*MTD   9 completed successfully ...        1 min, 23.480 sec
  ::::::::::::: starting MTD   10 :::::::::::::
  |   MD simulation time   :     7.0 ps       |
  |   target T             :   300.0 K        |
  |   timestep dt          :     5.0 fs       |
  |   dump interval(trj)   :   100.0 fs       |
  |   SHAKE algorithm      : true (all bonds) |
  |   dump interval(Vbias) :    1.00 ps       |
  |   Vbias prefactor (k)  :  0.1500 Eh       |
  |   Vbias exponent (α)   :  0.6180 bohr⁻²   |
*MTD  13 completed successfully ...        1 min, 23.520 sec
  ::::::::::::: starting MTD   14 :::::::::::::
  |   MD simulation time   :     7.0 ps       |
  |   target T             :   300.0 K        |
  |   timestep dt          :     5.0 fs       |
  |   dump interval(trj)   :   100.0 fs       |
  |   SHAKE algorithm      : true (all bonds) |
  |   dump interval(Vbias) :    1.00 ps       |
  |   Vbias prefactor (k)  :  0.1500 Eh       |
  |   Vbias exponent (α)   :  0.3820 bohr⁻²   |
*MTD  19 completed successfully ...        1 min, 23.691 sec
*MTD  24 completed successfully ...        1 min, 23.788 sec
*MTD  17 completed successfully ...        1 min, 24.583 sec
*MTD  21 completed successfully ...        1 min, 26.995 sec
*MTD   6 completed successfully ...        1 min,  7.448 sec
*MTD  16 completed successfully ...        1 min,  6.851 sec
*MTD   8 completed successfully ...        1 min,  6.721 sec
*MTD   2 completed successfully ...        1 min,  6.833 sec
*MTD  10 completed successfully ...        1 min,  6.672 sec
*MTD  14 completed successfully ...        1 min,  6.893 sec
*MTD  12 completed successfully ...        1 min,  7.826 sec
*MTD   4 completed successfully ...        1 min,  7.552 sec

 ======================================
 |  Multilevel Ensemble Optimization  |
 ======================================
 Optimizing all 1656 structures from file "crest_dynamics.trj" ...
 ----------------------
 crude pre-optimization
 ----------------------
 Optimization engine: ANCOPT
 Hessian update type: BFGS
 E/G convergence criteria:  0.500E-03 Eh, 0.100E-01 Eh/a0
 maximum optimization steps: 200
 |>0.1% |>7.5% |>15.0% |>22.5% |>30.0% |>37.5% |>45.0% |>52.5% |>60.0% |>67.5% |>75.0% |>82.5% |>90.0% |>97.5% |>100.0%
 done.
> 1656 of 1656 structures successfully optimized (100.0% success)
> Total runtime for 1656 optimizations:
 * wall-time:     0 d,  0 h,  1 min, 27.197 sec
 *  cpu-time:     0 d,  0 h, 22 min, 52.958 sec
 * ratio c/w:    15.745 speedup
> Corresponding to approximately 0.053 sec per processed structure

CREGEN> running RMSDs ... done.
CREGEN> E lowest :   -81.50670
 1591 structures remain within    12.00 kcal/mol window
 ----------------------------------
 optimization with tight thresholds
 ----------------------------------
 Optimization engine: ANCOPT
 Hessian update type: BFGS
 E/G convergence criteria:  0.100E-05 Eh, 0.800E-03 Eh/a0
 maximum optimization steps: 200
 |>0.1% |>7.5% |>15.0% |>22.5% |>30.0% |>37.5% |>45.0% |>52.5% |>60.0% |>67.5% |>75.0% |>82.5% |>90.0% |>97.5% |>100.0%
 done.
> 1591 of 1591 structures successfully optimized (100.0% success)
> Total runtime for 1591 optimizations:
 * wall-time:     0 d,  0 h,  5 min, 40.615 sec
 *  cpu-time:     0 d,  1 h, 29 min, 36.229 sec
 * ratio c/w:    15.784 speedup
> Corresponding to approximately 0.214 sec per processed structure

CREGEN> running RMSDs ... done.
CREGEN> E lowest :   -81.50699
 335 structures remain within     6.00 kcal/mol window

========================================
           MTD Simulations done         
========================================
 Collecting ensmbles.
CREGEN> running RMSDs ... done.
CREGEN> E lowest :   -81.50699
 335 structures remain within     6.00 kcal/mol window
     H(298.15K)-H(0) (conf)      0.269798
                   Cp(conf)      0.974589
                    S(conf)      5.564198

********************************************************************************
**                     I T E R A T I O N    C Y C L E      1                  **
********************************************************************************
 -------------------------------------------
 determining bias structures via PCA/k-Means
 -------------------------------------------

 3 structures were selected
 done.

 -----------------------------------------------
 determining MTD seed structures via PCA/k-Means
 -----------------------------------------------

 15 structures were selected
 done.


 ===========================================================
 Static MTDs (umbrella sampling) on 15 selected conformer(s)
 ===========================================================
> Using 3 constant RMSD bias potentials per MTD
  :::::::::: starting static MTD   1 ::::::::::
  |   MD simulation time   :     3.5 ps       |
  |   target T             :   400.0 K        |
  |   timestep dt          :     5.0 fs       |
  |   dump interval(trj)   :   100.0 fs       |
  |   SHAKE algorithm      : true (all bonds) |
  |   Vbias prefactor (k)  :  0.0028 Eh       |
  |   Vbias exponent (α)   :  1.0000 bohr⁻²   |
  :::::::::: starting static MTD  11 ::::::::::
  |   MD simulation time   :     3.5 ps       |
  |   target T             :   400.0 K        |
  |   timestep dt          :     5.0 fs       |
  |   dump interval(trj)   :   100.0 fs       |
  |   SHAKE algorithm      : true (all bonds) |
  |   Vbias prefactor (k)  :  0.0028 Eh       |
  |   Vbias exponent (α)   :  1.0000 bohr⁻²   |
  :::::::::: starting static MTD  12 ::::::::::
  |   MD simulation time   :     3.5 ps       |
  |   target T             :   400.0 K        |
  |   timestep dt          :     5.0 fs       |
  |   dump interval(trj)   :   100.0 fs       |
  |   SHAKE algorithm      : true (all bonds) |
  |   Vbias prefactor (k)  :  0.0028 Eh       |
  |   Vbias exponent (α)   :  1.0000 bohr⁻²   |
  :::::::::: starting static MTD   8 ::::::::::
  |   MD simulation time   :     3.5 ps       |
  |   target T             :   400.0 K        |
  |   timestep dt          :     5.0 fs       |
  |   dump interval(trj)   :   100.0 fs       |
  |   SHAKE algorithm      : true (all bonds) |
  |   Vbias prefactor (k)  :  0.0028 Eh       |
  |   Vbias exponent (α)   :  1.0000 bohr⁻²   |
  :::::::::: starting static MTD  10 ::::::::::
  |   MD simulation time   :     3.5 ps       |
  |   target T             :   400.0 K        |
  |   timestep dt          :     5.0 fs       |
  |   dump interval(trj)   :   100.0 fs       |
  |   SHAKE algorithm      : true (all bonds) |
  |   Vbias prefactor (k)  :  0.0028 Eh       |
  |   Vbias exponent (α)   :  1.0000 bohr⁻²   |
  :::::::::: starting static MTD  14 ::::::::::
  |   MD simulation time   :     3.5 ps       |
  |   target T             :   400.0 K        |
  |   timestep dt          :     5.0 fs       |
  |   dump interval(trj)   :   100.0 fs       |
  |   SHAKE algorithm      : true (all bonds) |
  |   Vbias prefactor (k)  :  0.0028 Eh       |
  |   Vbias exponent (α)   :  1.0000 bohr⁻²   |
  :::::::::: starting static MTD  13 ::::::::::
  |   MD simulation time   :     3.5 ps       |
  |   target T             :   400.0 K        |
  |   timestep dt          :     5.0 fs       |
  |   dump interval(trj)   :   100.0 fs       |
  |   SHAKE algorithm      : true (all bonds) |
  |   Vbias prefactor (k)  :  0.0028 Eh       |
  |   Vbias exponent (α)   :  1.0000 bohr⁻²   |
  :::::::::: starting static MTD   4 ::::::::::
  |   MD simulation time   :     3.5 ps       |
  |   target T             :   400.0 K        |
  |   timestep dt          :     5.0 fs       |
  |   dump interval(trj)   :   100.0 fs       |
  |   SHAKE algorithm      : true (all bonds) |
  |   Vbias prefactor (k)  :  0.0028 Eh       |
  |   Vbias exponent (α)   :  1.0000 bohr⁻²   |
  :::::::::: starting static MTD  15 ::::::::::
  |   MD simulation time   :     3.5 ps       |
  |   target T             :   400.0 K        |
  |   timestep dt          :     5.0 fs       |
  |   dump interval(trj)   :   100.0 fs       |
  |   SHAKE algorithm      : true (all bonds) |
  |   Vbias prefactor (k)  :  0.0028 Eh       |
  |   Vbias exponent (α)   :  1.0000 bohr⁻²   |
  :::::::::: starting static MTD   6 ::::::::::
  |   MD simulation time   :     3.5 ps       |
  |   target T             :   400.0 K        |
  |   timestep dt          :     5.0 fs       |
  |   dump interval(trj)   :   100.0 fs       |
  |   SHAKE algorithm      : true (all bonds) |
  |   Vbias prefactor (k)  :  0.0028 Eh       |
  |   Vbias exponent (α)   :  1.0000 bohr⁻²   |
  :::::::::: starting static MTD   2 ::::::::::
  |   MD simulation time   :     3.5 ps       |
  |   target T             :   400.0 K        |
  |   timestep dt          :     5.0 fs       |
  |   dump interval(trj)   :   100.0 fs       |
  |   SHAKE algorithm      : true (all bonds) |
  |   Vbias prefactor (k)  :  0.0028 Eh       |
  |   Vbias exponent (α)   :  1.0000 bohr⁻²   |
  :::::::::: starting static MTD   5 ::::::::::
  |   MD simulation time   :     3.5 ps       |
  |   target T             :   400.0 K        |
  |   timestep dt          :     5.0 fs       |
  |   dump interval(trj)   :   100.0 fs       |
  |   SHAKE algorithm      : true (all bonds) |
  |   Vbias prefactor (k)  :  0.0028 Eh       |
  |   Vbias exponent (α)   :  1.0000 bohr⁻²   |
  :::::::::: starting static MTD   9 ::::::::::
  |   MD simulation time   :     3.5 ps       |
  |   target T             :   400.0 K        |
  |   timestep dt          :     5.0 fs       |
  |   dump interval(trj)   :   100.0 fs       |
  |   SHAKE algorithm      : true (all bonds) |
  |   Vbias prefactor (k)  :  0.0028 Eh       |
  |   Vbias exponent (α)   :  1.0000 bohr⁻²   |
  :::::::::: starting static MTD   3 ::::::::::
  |   MD simulation time   :     3.5 ps       |
  |   target T             :   400.0 K        |
  |   timestep dt          :     5.0 fs       |
  |   dump interval(trj)   :   100.0 fs       |
  |   SHAKE algorithm      : true (all bonds) |
  |   Vbias prefactor (k)  :  0.0028 Eh       |
  |   Vbias exponent (α)   :  1.0000 bohr⁻²   |
  :::::::::: starting static MTD   7 ::::::::::
  |   MD simulation time   :     3.5 ps       |
  |   target T             :   400.0 K        |
  |   timestep dt          :     5.0 fs       |
  |   dump interval(trj)   :   100.0 fs       |
  |   SHAKE algorithm      : true (all bonds) |
  |   Vbias prefactor (k)  :  0.0028 Eh       |
  |   Vbias exponent (α)   :  1.0000 bohr⁻²   |
*sMTD   1 completed successfully ...        0 min, 41.808 sec
*sMTD   2 completed successfully ...        0 min, 42.029 sec
*sMTD  10 completed successfully ...        0 min, 42.189 sec
*sMTD  11 completed successfully ...        0 min, 42.300 sec
*sMTD   5 completed successfully ...        0 min, 42.358 sec
*sMTD   3 completed successfully ...        0 min, 42.389 sec
*sMTD   9 completed successfully ...        0 min, 42.469 sec
*sMTD   8 completed successfully ...        0 min, 42.557 sec
*sMTD  15 completed successfully ...        0 min, 42.580 sec
*sMTD  14 completed successfully ...        0 min, 42.603 sec
*sMTD   6 completed successfully ...        0 min, 42.615 sec
*sMTD  13 completed successfully ...        0 min, 42.620 sec
*sMTD   7 completed successfully ...        0 min, 42.624 sec
*sMTD  12 completed successfully ...        0 min, 42.727 sec
*sMTD   4 completed successfully ...        0 min, 42.866 sec

 ======================================
 |  Multilevel Ensemble Optimization  |
 ======================================
 Optimizing all 510 structures from file "crest_rotamers_0.xyz" ...
 ----------------------
 crude pre-optimization
 ----------------------
 Optimization engine: ANCOPT
 Hessian update type: BFGS
 E/G convergence criteria:  0.500E-03 Eh, 0.100E-01 Eh/a0
 maximum optimization steps: 200
 |>0.2% |>10.0% |>20.0% |>30.0% |>40.0% |>50.0% |>60.0% |>70.2% |>80.0% |>90.2% |>100.0%
 done.
> 510 of 510 structures successfully optimized (100.0% success)
> Total runtime for 510 optimizations:
 * wall-time:     0 d,  0 h,  0 min, 16.879 sec
 *  cpu-time:     0 d,  0 h,  4 min, 23.167 sec
 * ratio c/w:    15.592 speedup
> Corresponding to approximately 0.033 sec per processed structure

CREGEN> running RMSDs ... done.
CREGEN> E lowest :   -81.50657
 492 structures remain within    12.00 kcal/mol window
 ---------------------------------------
 optimization with very tight thresholds
 ---------------------------------------
 Optimization engine: ANCOPT
 Hessian update type: BFGS
 E/G convergence criteria:  0.100E-06 Eh, 0.200E-03 Eh/a0
 maximum optimization steps: 200
 |>0.2% |>10.2% |>20.1% |>30.1% |>40.0% |>50.0% |>60.2% |>70.1% |>80.1% |>90.0% |>100.0%
 done.
> 492 of 492 structures successfully optimized (100.0% success)
> Total runtime for 492 optimizations:
 * wall-time:     0 d,  0 h,  2 min,  5.812 sec
 *  cpu-time:     0 d,  0 h, 32 min, 26.089 sec
 * ratio c/w:    15.468 speedup
> Corresponding to approximately 0.256 sec per processed structure

CREGEN> running RMSDs ... done.
CREGEN> E lowest :   -81.50699
 107 structures remain within     6.00 kcal/mol window
CREGEN> running RMSDs ... done.
CREGEN> E lowest :   -81.50699

 Static MTD simulation iteration 1 finished
 A total of 15 conformers (+ 0.00%) in crest_conformers.xyz
 S(approx.) =    4.187901 cal/molK (dS = 0.00%)
 Convergence w.r.t. conformers: T
 Convergence w.r.t. entropy   : T

     H(298.15K)-H(0) (conf)      0.269925
                   Cp(conf)      0.974763
                    S(conf)      5.564149


 --------------------------
 Final Ensemble Information
 --------------------------
 input  file name : crest_rotamers_2.xyz
 output file name : crest_rotamers_3.xyz
 number of atoms                :   40
 number of points on xyz files  :   442
 RMSD threshold                 :   0.1250
 Bconst threshold               :   0.0100
 population threshold           :   0.0500
 # fragment in coord            :     1
 # bonds in reference structure :    42
 number of reliable points      :   442
 sorting energy window (EWIN)   :    6.0000 / kcal*mol⁻¹
 reference state Etot           :  -81.506991589999998
 number of doubles removed by rot/RMSD         :          78
 total number unique points considered further :         364
       Erel/kcal        Etot weight/tot  conformer     set   degen     origin
       1   0.000   -81.50699    0.00544    0.51414       1      95
       2   0.055   -81.50690    0.00496    0.07122       2      15
       3   0.321   -81.50648    0.00317    0.32765       3     104
       4   0.391   -81.50637    0.00281    0.03859       4      14
       5   0.620   -81.50600    0.00191    0.00191       5       1
       6   0.875   -81.50560    0.00124    0.00124       6       1
       7   0.947   -81.50548    0.00110    0.00110       7       1
       8   1.207   -81.50507    0.00071    0.00141       8       2
       9   1.409   -81.50475    0.00051    0.02603       9      52
      10   1.488   -81.50462    0.00044    0.00175      10       4
      11   1.929   -81.50392    0.00021    0.01349      11      65
      12   1.998   -81.50381    0.00019    0.00129      12       7
      13   2.209   -81.50347    0.00013    0.00013      13       1
      14   3.375   -81.50161    0.00002    0.00002      14       1
      15   3.660   -81.50116    0.00001    0.00001      15       1
T /K                                  :   298.15
E lowest                              :   -81.50699
ensemble average energy (kcal)        :    0.203
ensemble entropy (J/mol K, cal/mol K) :   46.192   11.040
ensemble free energy (kcal/mol)       :   -3.292
population of lowest in %             :   51.414
 number of unique conformers for further calc           15
 list of relative energies saved as "crest.energies"
 compare nuclear equivalencies ...
::::::::::: conformer group all :::::::::::
 chemical equivalencies (mag.active nuclei):
reference atom   5 # : 2
reference atom  13 # : 2
reference atom  14 # : 2
reference atom  21 # : 3
reference atom  31 # : 2
reference atom  32 # : 2
reference atom  34 # : 3
 magnetic equivalencies:
reference atom  21 # : 3
reference atom  34 # : 3

******************************************************************************************
**                           ENSEMBLE ENTROPY CALCULATION                               **
******************************************************************************************
======================================================
 Containing 15 conformers :
     H(298.15K)-H(0) (conf)      0.269798
                   Cp(conf)      0.974589
                    S(conf)      5.564198
======================================================
 Containing 15 conformers :
     H(298.15K)-H(0) (conf)      0.269925
                   Cp(conf)      0.974763
                    S(conf)      5.564149
======================================================

 --------------------------------------
 FINAL CALCULATION OF MOLECULAR ENTROPY
 --------------------------------------

WARNING: Not enough blocks for extrapolation.
         Taking full ensemble entropy instead.

FINAL ENTROPY (max conf.)  :      5.56420

 ----------------------------------
 Frequency Calculation and Averages
 ----------------------------------
 Nconf on file      : 15
 Taken for Hessians : 5 (= 92.60% total population)
 T range  /K    :   278.15   378.15
 scaling factor :          1.000000     
 rotor cutoff   :         25.000000 cm⁻¹
 imag. cutoff   :        -50.000000 cm⁻¹

 Running 5 calculations ...
 |>20.0% |>40.0% |>60.0% |>80.0% |>100.0%
 done.
 calculating averages for G and S ...    done.
 calculating Boltzmann weights ...       done.
 calculating reference S (bhess) ... > bhess not implemented for calculator routines
    done.
 calculating δSrrho ...                  done.

 Coordinates for the bhess reference structure (Ångström):
 -----------------------------------------------------------
  40

 S          4.8021468790        1.0090848607        0.0106102824
 O          5.3786984360       -0.2678317368        0.3503837367
 O          5.1952793486        1.6890885146       -1.1978089965
 N          5.0861187992        2.0551229885        1.3017196233
 H          5.6836378486        1.5661481936        1.9537900196
 H          5.5360025237        2.8776712281        0.9243257530
 C          3.0451666268        0.8388549393        0.0045893226
 C          2.2807585490        1.7471547066       -0.7124787227
 C          0.9045597988        1.6040190941       -0.7246797277
 C          0.3138334477        0.5516056978       -0.0254859475
 C          1.0903379470       -0.3429256010        0.7096072490
 C          2.4679013361       -0.1995982128        0.7186925020
 H          3.0915730461       -0.8894754587        1.2734886831
 H          0.6224951400       -1.1388083818        1.2745103518
 N         -1.0873058301        0.4462643013       -0.0465057279
 C         -1.9036698086       -0.6414512308        0.0568902362
 C         -3.1944413847       -0.1503390353        0.1042153192
 C         -3.0579943899        1.2408237262        0.0134763320
 N         -1.7828953802        1.5910402700       -0.0780027017
 C         -4.1362350836        2.2748491971        0.0183572148
 F         -5.3448229358        1.6980011928       -0.0058293748
 F         -4.0595536096        3.0895416502       -1.0407886894
 F         -4.0875311644        3.0471705347        1.1132223959
 H         -4.1090227393       -0.7134549744        0.1663427464
 C         -1.4562343890       -2.0319862212       -0.0000717222
 C         -2.0727249440       -2.9924660126        0.8041796111
 C         -1.6888676560       -4.3216668690        0.7303919274
 C         -0.6914931442       -4.7263146804       -0.1527819082
 C         -0.0884211267       -3.7698733128       -0.9683572708
 C         -0.4653286128       -2.4400966002       -0.8983211420
 H         -0.0000110230       -1.7124945835       -1.5535454135
 H          0.6808558700       -4.0696967499       -1.6717842471
 C         -0.2592251768       -6.1639749966       -0.2228002020
 H          0.6798231430       -6.2958354370        0.3192488744
 H         -1.0069353140       -6.8191447930        0.2235940582
 H         -0.0952721724       -6.4670445572       -1.2573879270
 H         -2.1741011229       -5.0527218254        1.3680736652
 H         -2.8471177203       -2.6907063927        1.5006353916
 H          0.2749584459        2.2962313267       -1.2700303066
 H          2.7613139415        2.5466700694       -1.2624251661
 -----------------------------------------------------------
 as read from <coord>
 Heavy-atom RMSD between lowest conformer and this reference :
 RMSD(heavy) =        1.451813 Å

 msRRHO(bhess) reference entropies:
      278.15        167.562294
      288.15        170.594485
      298.15        173.610826
      308.15        176.611504
      318.15        179.596593
      328.15        182.566073
      338.15        185.519852
      348.15        188.457776
      358.15        191.379653
      368.15        194.285254
      378.15        197.174333

       T/K  |S(T)|/cal/molK       |G(T)|/Eh     G_lowest/Eh    (conf)
   -----------------------------------------------------------------
    278.15    0.168008E+03    0.229100E+00      -81.278091         1
    288.15    0.171039E+03    0.226460E+00      -81.280736         1
    298.15    0.174054E+03    0.223773E+00      -81.283430         1
    308.15    0.177053E+03    0.221038E+00      -81.286171         1
    318.15    0.180036E+03    0.218255E+00      -81.288960         1
    328.15    0.183005E+03    0.215424E+00      -81.291796         1
    338.15    0.185957E+03    0.212546E+00      -81.294680         1
    348.15    0.188893E+03    0.209622E+00      -81.297611         1
    358.15    0.191814E+03    0.206650E+00      -81.300588         1
    368.15    0.194718E+03    0.203632E+00      -81.303612         1
    378.15    0.197606E+03    0.200568E+00      -81.306682         1
   -----------------------------------------------------------------
   NOTE: if |G(T)| is the averaged contributrion to the free energy.
   |G(T)| used only for the higher-energetic structures (n > 5).
   All other structures use G(T) from the respective Hessian calculations.

 Quantities calculated on free energies:
       T/K          δSrrho           Cp(T)     [H(T)-H(0)]
   -------------------------------------------------------
    278.15    0.445599E+00    0.100078E+01        0.287910
    288.15    0.444171E+00    0.100083E+01        0.298764
    298.15    0.442740E+00    0.999552E+00        0.309589
    308.15    0.441313E+00    0.997030E+00        0.320373
    318.15    0.439893E+00    0.993347E+00        0.331107
    328.15    0.438485E+00    0.988595E+00        0.341783
    338.15    0.437093E+00    0.982869E+00        0.352391
    348.15    0.435721E+00    0.976266E+00        0.362925
    358.15    0.434370E+00    0.968878E+00        0.373378
    368.15    0.433043E+00    0.960796E+00        0.383745
    378.15    0.431741E+00    0.952104E+00        0.394020
   -------------------------------------------------------
   NOTE: δSrrho(T) = |S(T)| - Sref(T)

 ----------------------
 TEMPERATURE DEPENDENCE
 ----------------------

 Final CONFORMATIONAL quantities at given T:
       T/K        S(total)           Cp(T)     [H(T)-H(0)]        G(total)
   -----------------------------------------------------------------------
    278.15        5.915744        1.000780        0.287910       -1.357554
    288.15        5.962626        1.000827        0.298764       -1.419366
    298.15        6.006938        0.999552        0.309589       -1.481380
    308.15        6.048855        0.997030        0.320373       -1.543582
    318.15        6.088540        0.993347        0.331107       -1.605962
    328.15        6.126143        0.988595        0.341783       -1.668511
    338.15        6.161802        0.982869        0.352391       -1.731222
    348.15        6.195645        0.976266        0.362925       -1.794089
    358.15        6.227791        0.968878        0.373378       -1.857105
    368.15        6.258350        0.960796        0.383745       -1.920267
    378.15        6.287422        0.952104        0.394020       -1.983569
   -----------------------------------------------------------------------
   S and Cp in cal/mol*K; H and G in kcal/mol
   G(total) is the ensemble free energy (H-T*S) and S(total) = S(conf,extrapol.) + δSrrho

 ----------------------------------------------------
 |      FINAL MOLECULAR ENTROPY AT T= 298.15 K      |
 ----------------------------------------------------
     Sconf   =          5.564198
   + δSrrho  =          0.442740
 -----------------------------------------------------
 = S(total)  =          6.006938  (cal mol⁻¹ K⁻¹)

   H(T)-H(0) =          0.309589
   G         =         -1.790969   (-T*S)
 -----------------------------------------------------
 = G(total)  =         -1.481380  (H-T*S) (kcal mol⁻¹)

   Cp(total) =          0.999552  (cal mol⁻¹ K⁻¹)


 -----------------
 Wall Time Summary
 -----------------
 CREST runtime (total)               0 d,  0 h, 13 min, 13.085 sec
 ------------------------------------------------------------------
 Trial metadynamics (MTD)   ...        0 min,  8.690 sec (  1.096%)
 Metadynamics (MTD)         ...        2 min, 31.386 sec ( 19.088%)
 Geometry optimization      ...        9 min, 34.340 sec ( 72.418%)
 Static metadynamics (sMTD) ...        0 min, 42.904 sec (  5.410%)
 Conf. entropy evaluation   ...        0 min, 14.613 sec (  1.843%)
 I/O and setup              ...        0 min,  1.154 sec (  0.145%)
 ------------------------------------------------------------------
 * wall-time:     0 d,  0 h, 13 min, 13.085 sec
 *  cpu-time:     0 d,  3 h, 12 min, 38.349 sec
 * ratio c/w:    14.574 speedup
 ------------------------------------------------------------------
 * Total number of energy+grad calls: 222136

 CREST terminated normally.
