
       ╔════════════════════════════════════════════════╗
       ║                                                ║
       ║     ██████╗██████╗ ███████╗███████╗████████╗   ║
       ║    ██╔════╝██╔══██╗██╔════╝██╔════╝╚══██╔══╝   ║
       ║    ██║     ██████╔╝█████╗  ███████╗   ██║      ║
       ║    ██║     ██╔══██╗██╔══╝  ╚════██║   ██║      ║
       ║    ╚██████╗██║  ██║███████╗███████║   ██║      ║
       ║     ╚═════╝╚═╝  ╚═╝╚══════╝╚══════╝   ╚═╝      ║
       ║                                                ║
       ║    Conformer-Rotamer Ensemble Sampling Tool    ║
       ║            based on the xTB methods            ║
       ║                                                ║
       ╚════════════════════════════════════════════════╝
        Version 3.0.2, Mon, 29 September 16:25:59, 09/29/2025
        commit (c39758d) compiled by 'andrey@PC1'

   Cite work conducted with this code as

   • P.Pracht, F.Bohle, S.Grimme, PCCP, 2020, 22, 7169-7192.
   • S.Grimme, JCTC, 2019, 15, 2847-2862.
   • P.Pracht, S.Grimme, C.Bannwarth, F.Bohle, S.Ehlert,
     G.Feldmann, J.Gorges, M.Müller, T.Neudecker, C.Plett,
     S.Spicher, P.Steinbach, P.Wesołowski, F.Zeller,
     J. Chem. Phys., 2024, 160, 114110.

   for works involving QCG cite

   • S.Spicher, C.Plett, P.Pracht, A.Hansen, S.Grimme,
     JCTC, 2022, 18 (5), 3174-3189.
   • C.Plett, S. Grimme,
     Angew. Chem. Int. Ed. 2023, 62, e202214477.

   for works involving MECP screening cite

   • P.Pracht, C.Bannwarth, JCTC, 2022, 18 (10), 6370-6385.

   Original code
     P.Pracht, S.Grimme, Universität Bonn, MCTC
   with help from (alphabetical order):
     C.Bannwarth, F.Bohle, S.Ehlert, G.Feldmann, J.Gorges,
     S.Grimme, C.Plett, P.Pracht, S.Spicher, P.Steinbach,
     P.Wesolowski, F.Zeller

   Online documentation is available at
   https://crest-lab.github.io/crest-docs/

   This program is distributed in the hope that it will be useful,
   but WITHOUT ANY WARRANTY; without even the implied warranty of
   MERCHANTABILITY or FITNESS FOR A PARTICULAR PURPOSE. See the
   GNU Lesser General Public License (LGPL) for more details.

 Command line input:
 $ ./crest m1_00_Tenofovir-uni_best.xyz --T 16 --entropy --gfn1 --chrg 0

  --T 16 (CPUs/Threads selected)
  --entropy : enhanced ensemble entropy calculation
  --gfn1               : Use of GFN1-xTB requested.
  --chrg 0

> Setting up backup calculator ... done.
 ----------------
 Calculation info
 ----------------
> User-defined calculation level:
 : xTB calculation via tblite lib
 : GFN1-xTB level
 :   Molecular charge    : 0
 :   Fermi temperature   : 300.00000
 :   Accuracy            : 1.00000
 :   max SCC cycles      : 500


 -----------------------------
 Initial Geometry Optimization
 -----------------------------
 Geometry successfully optimized.

          ┍━━━━━━━━━━━━━━━━━━━━━━━━━━━━━━━━━━━━━━━━━━━━━━━━━┑
          │              CREST ENTROPY SAMPLING             │
          ┕━━━━━━━━━━━━━━━━━━━━━━━━━━━━━━━━━━━━━━━━━━━━━━━━━┙

 please cite:
 • P.Pracht, S.Grimme, Chem. Sci., 2021, 12, 6551-6568.
 • J.Gorges, S.Grimme, A.Hansen, P.Pracht, PCCP, 2022,24, 12249-12259.

 Input structure:
  33

 P          2.9493578635       -0.8182491142       -0.0611217089
 O          4.2346804841       -1.3777200576       -0.4829054240
 O          1.7721234278       -0.9923606428       -1.0822559414
 H          0.7147048560       -1.0044038069       -0.8317264494
 O          2.4752887732       -1.4728400553        1.3460381125
 H          1.6557798130       -1.2414871870        1.7818525984
 C          2.9488180758        0.9845751577        0.3269951687
 O          1.6086232359        1.2730412649        0.7377312907
 C          0.9675878393        2.3772624831        0.1404016905
 C          0.1255569345        3.0659732811        1.2124422954
 H         -0.5952969575        2.3647060646        1.6300144574
 H         -0.4024566195        3.9215968408        0.7935972557
 H          0.7809827415        3.4058697715        2.0126235184
 H          1.7239331820        3.0862238063       -0.2385236517
 C          0.1295532774        1.9341048908       -1.0864390830
 N         -1.1450656492        1.3454713154       -0.7114923974
 C         -1.4075671909        0.0420567925       -0.4266922856
 N         -0.6222665880       -1.0407745846       -0.4932985148
 C         -1.2134702749       -2.1878829554       -0.1590050878
 N         -2.4747392084       -2.3387103579        0.2163337898
 C         -3.2808039804       -1.2699630063        0.2760956917
 N         -4.5514897604       -1.4589548086        0.6798246544
 H         -4.8863111842       -2.4020344649        0.7570424165
 H         -5.2086924423       -0.7061208200        0.5859918942
 C         -2.7545884976       -0.0159310159       -0.0545309945
 N         -3.2934150639        1.2483818343       -0.1171116630
 C         -2.3213443173        2.0265777208       -0.5042297509
 H         -2.4062932011        3.0882192210       -0.6681460231
 H         -0.6017462824       -3.0835464201       -0.1999242080
 H          0.6953222828        1.1928730825       -1.6552451550
 H         -0.0729599194        2.7994652765       -1.7230101344
 H          3.6359075176        1.2317438523        1.1433833443
 H          3.2300950056        1.5792851589       -0.5484690766

 ------------------------------------------------
 Generating MTD length from a flexibility measure
 ------------------------------------------------
 Calculating GFN0-xTB WBOs   ... done.
 Calculating NCI flexibility ... done.
     covalent flexibility measure :   0.431
 non-covalent flexibility measure :   0.413
 flexibility measure :   0.351
 t(MTD) / ps    :    13.0
 Σ(t(MTD)) / ps :   312.0 (24 MTDs)

 -----------------------------------
 Starting trial MTD to test settings
 -----------------------------------
 Trial MTD 1 runtime (1.0 ps) ...        0 min,  6.680 sec
 Estimated runtime for one MTD (13.0 ps) on a single thread: 1 min 27 sec
 Estimated runtime for a batch of 24 MTDs on 16 threads: 2 min 54 sec

********************************************************************************
**                    N E W   I T E R A T I O N  C Y C L E                    **
********************************************************************************

 ------------------------------
 Meta-Dynamics Iteration 1
 ------------------------------
 list of applied metadynamics Vbias parameters:
$metadyn    0.24750   1.618
$metadyn    0.12375   1.618
$metadyn    0.06187   1.618
$metadyn    0.03094   1.618
$metadyn    0.24750   1.000
$metadyn    0.12375   1.000
$metadyn    0.06187   1.000
$metadyn    0.03094   1.000
$metadyn    0.24750   0.618
$metadyn    0.12375   0.618
$metadyn    0.06187   0.618
$metadyn    0.03094   0.618
$metadyn    0.24750   0.382
$metadyn    0.12375   0.382
$metadyn    0.06187   0.382
$metadyn    0.03094   0.382
$metadyn    0.24750   0.236
$metadyn    0.12375   0.236
$metadyn    0.06187   0.236
$metadyn    0.03094   0.236
$metadyn    0.24750   0.146
$metadyn    0.12375   0.146
$metadyn    0.06187   0.146
$metadyn    0.03094   0.146

  ::::::::::::: starting MTD    1 :::::::::::::
  |   MD simulation time   :    13.0 ps       |
  |   target T             :   300.0 K        |
  |   timestep dt          :     5.0 fs       |
  |   dump interval(trj)   :   100.0 fs       |
  |   SHAKE algorithm      : true (all bonds) |
  |   dump interval(Vbias) :    1.00 ps       |
  |   Vbias prefactor (k)  :  0.2475 Eh       |
  |   Vbias exponent (α)   :  1.6180 bohr⁻²   |
  ::::::::::::: starting MTD   20 :::::::::::::
  |   MD simulation time   :    13.0 ps       |
  |   target T             :   300.0 K        |
  |   timestep dt          :     5.0 fs       |
  |   dump interval(trj)   :   100.0 fs       |
  |   SHAKE algorithm      : true (all bonds) |
  |   dump interval(Vbias) :    1.00 ps       |
  |   Vbias prefactor (k)  :  0.0309 Eh       |
  |   Vbias exponent (α)   :  0.2361 bohr⁻²   |
  ::::::::::::: starting MTD   19 :::::::::::::
  |   MD simulation time   :    13.0 ps       |
  |   target T             :   300.0 K        |
  |   timestep dt          :     5.0 fs       |
  |   dump interval(trj)   :   100.0 fs       |
  |   SHAKE algorithm      : true (all bonds) |
  |   dump interval(Vbias) :    1.00 ps       |
  |   Vbias prefactor (k)  :  0.0619 Eh       |
  |   Vbias exponent (α)   :  0.2361 bohr⁻²   |
  ::::::::::::: starting MTD   21 :::::::::::::
  |   MD simulation time   :    13.0 ps       |
  |   target T             :   300.0 K        |
  |   timestep dt          :     5.0 fs       |
  |   dump interval(trj)   :   100.0 fs       |
  |   SHAKE algorithm      : true (all bonds) |
  |   dump interval(Vbias) :    1.00 ps       |
  |   Vbias prefactor (k)  :  0.2475 Eh       |
  |   Vbias exponent (α)   :  0.1459 bohr⁻²   |
  ::::::::::::: starting MTD   15 :::::::::::::
  |   MD simulation time   :    13.0 ps       |
  |   target T             :   300.0 K        |
  |   timestep dt          :     5.0 fs       |
  |   dump interval(trj)   :   100.0 fs       |
  |   SHAKE algorithm      : true (all bonds) |
  |   dump interval(Vbias) :    1.00 ps       |
  |   Vbias prefactor (k)  :  0.0619 Eh       |
  |   Vbias exponent (α)   :  0.3820 bohr⁻²   |
  ::::::::::::: starting MTD    9 :::::::::::::
  |   MD simulation time   :    13.0 ps       |
  |   target T             :   300.0 K        |
  |   timestep dt          :     5.0 fs       |
  |   dump interval(trj)   :   100.0 fs       |
  |   SHAKE algorithm      : true (all bonds) |
  |   dump interval(Vbias) :    1.00 ps       |
  |   Vbias prefactor (k)  :  0.2475 Eh       |
  |   Vbias exponent (α)   :  0.6180 bohr⁻²   |
  ::::::::::::: starting MTD    7 :::::::::::::
  |   MD simulation time   :    13.0 ps       |
  |   target T             :   300.0 K        |
  |   timestep dt          :     5.0 fs       |
  |   dump interval(trj)   :   100.0 fs       |
  |   SHAKE algorithm      : true (all bonds) |
  |   dump interval(Vbias) :    1.00 ps       |
  |   Vbias prefactor (k)  :  0.0619 Eh       |
  |   Vbias exponent (α)   :  1.0000 bohr⁻²   |
  ::::::::::::: starting MTD   11 :::::::::::::
  |   MD simulation time   :    13.0 ps       |
  |   target T             :   300.0 K        |
  |   timestep dt          :     5.0 fs       |
  |   dump interval(trj)   :   100.0 fs       |
  |   SHAKE algorithm      : true (all bonds) |
  |   dump interval(Vbias) :    1.00 ps       |
  |   Vbias prefactor (k)  :  0.0619 Eh       |
  |   Vbias exponent (α)   :  0.6180 bohr⁻²   |
  ::::::::::::: starting MTD   18 :::::::::::::
  |   MD simulation time   :    13.0 ps       |
  |   target T             :   300.0 K        |
  |   timestep dt          :     5.0 fs       |
  |   dump interval(trj)   :   100.0 fs       |
  |   SHAKE algorithm      : true (all bonds) |
  |   dump interval(Vbias) :    1.00 ps       |
  |   Vbias prefactor (k)  :  0.1237 Eh       |
  |   Vbias exponent (α)   :  0.2361 bohr⁻²   |
  ::::::::::::: starting MTD   24 :::::::::::::
  |   MD simulation time   :    13.0 ps       |
  |   target T             :   300.0 K        |
  |   timestep dt          :     5.0 fs       |
  |   dump interval(trj)   :   100.0 fs       |
  |   SHAKE algorithm      : true (all bonds) |
  |   dump interval(Vbias) :    1.00 ps       |
  |   Vbias prefactor (k)  :  0.0309 Eh       |
  |   Vbias exponent (α)   :  0.1459 bohr⁻²   |
  ::::::::::::: starting MTD   13 :::::::::::::
  |   MD simulation time   :    13.0 ps       |
  |   target T             :   300.0 K        |
  |   timestep dt          :     5.0 fs       |
  |   dump interval(trj)   :   100.0 fs       |
  |   SHAKE algorithm      : true (all bonds) |
  |   dump interval(Vbias) :    1.00 ps       |
  |   Vbias prefactor (k)  :  0.2475 Eh       |
  |   Vbias exponent (α)   :  0.3820 bohr⁻²   |
  ::::::::::::: starting MTD    3 :::::::::::::
  |   MD simulation time   :    13.0 ps       |
  |   target T             :   300.0 K        |
  |   timestep dt          :     5.0 fs       |
  |   dump interval(trj)   :   100.0 fs       |
  |   SHAKE algorithm      : true (all bonds) |
  |   dump interval(Vbias) :    1.00 ps       |
  |   Vbias prefactor (k)  :  0.0619 Eh       |
  |   Vbias exponent (α)   :  1.6180 bohr⁻²   |
  ::::::::::::: starting MTD   22 :::::::::::::
  |   MD simulation time   :    13.0 ps       |
  |   target T             :   300.0 K        |
  |   timestep dt          :     5.0 fs       |
  |   dump interval(trj)   :   100.0 fs       |
  |   SHAKE algorithm      : true (all bonds) |
  |   dump interval(Vbias) :    1.00 ps       |
  |   Vbias prefactor (k)  :  0.1237 Eh       |
  |   Vbias exponent (α)   :  0.1459 bohr⁻²   |
  ::::::::::::: starting MTD   23 :::::::::::::
  |   MD simulation time   :    13.0 ps       |
  |   target T             :   300.0 K        |
  |   timestep dt          :     5.0 fs       |
  |   dump interval(trj)   :   100.0 fs       |
  |   SHAKE algorithm      : true (all bonds) |
  |   dump interval(Vbias) :    1.00 ps       |
  |   Vbias prefactor (k)  :  0.0619 Eh       |
  |   Vbias exponent (α)   :  0.1459 bohr⁻²   |
  ::::::::::::: starting MTD    5 :::::::::::::
  |   MD simulation time   :    13.0 ps       |
  |   target T             :   300.0 K        |
  |   timestep dt          :     5.0 fs       |
  |   dump interval(trj)   :   100.0 fs       |
  |   SHAKE algorithm      : true (all bonds) |
  |   dump interval(Vbias) :    1.00 ps       |
  |   Vbias prefactor (k)  :  0.2475 Eh       |
  |   Vbias exponent (α)   :  1.0000 bohr⁻²   |
  ::::::::::::: starting MTD   17 :::::::::::::
  |   MD simulation time   :    13.0 ps       |
  |   target T             :   300.0 K        |
  |   timestep dt          :     5.0 fs       |
  |   dump interval(trj)   :   100.0 fs       |
  |   SHAKE algorithm      : true (all bonds) |
  |   dump interval(Vbias) :    1.00 ps       |
  |   Vbias prefactor (k)  :  0.2475 Eh       |
  |   Vbias exponent (α)   :  0.2361 bohr⁻²   |
*MTD  18 completed successfully ...        1 min, 58.050 sec
*MTD  22 completed successfully ...        1 min, 58.098 sec
*MTD  13 completed successfully ...        1 min, 58.312 sec
  ::::::::::::: starting MTD   14 :::::::::::::
  |   MD simulation time   :    13.0 ps       |
  |   target T             :   300.0 K        |
  |   timestep dt          :     5.0 fs       |
  |   dump interval(trj)   :   100.0 fs       |
  |   SHAKE algorithm      : true (all bonds) |
  |   dump interval(Vbias) :    1.00 ps       |
  |   Vbias prefactor (k)  :  0.1237 Eh       |
  |   Vbias exponent (α)   :  0.3820 bohr⁻²   |
*MTD  19 completed successfully ...        1 min, 58.811 sec
*MTD   9 completed successfully ...        1 min, 59.115 sec
  ::::::::::::: starting MTD   10 :::::::::::::
  |   MD simulation time   :    13.0 ps       |
  |   target T             :   300.0 K        |
  |   timestep dt          :     5.0 fs       |
  |   dump interval(trj)   :   100.0 fs       |
  |   SHAKE algorithm      : true (all bonds) |
  |   dump interval(Vbias) :    1.00 ps       |
  |   Vbias prefactor (k)  :  0.1237 Eh       |
  |   Vbias exponent (α)   :  0.6180 bohr⁻²   |
*MTD  24 completed successfully ...        1 min, 59.220 sec
*MTD  23 completed successfully ...        1 min, 59.370 sec
*MTD  17 completed successfully ...        1 min, 59.996 sec
*MTD  20 completed successfully ...        2 min,  0.001 sec
*MTD   5 completed successfully ...        2 min,  0.348 sec
  ::::::::::::: starting MTD    6 :::::::::::::
  |   MD simulation time   :    13.0 ps       |
  |   target T             :   300.0 K        |
  |   timestep dt          :     5.0 fs       |
  |   dump interval(trj)   :   100.0 fs       |
  |   SHAKE algorithm      : true (all bonds) |
  |   dump interval(Vbias) :    1.00 ps       |
  |   Vbias prefactor (k)  :  0.1237 Eh       |
  |   Vbias exponent (α)   :  1.0000 bohr⁻²   |
*MTD  21 completed successfully ...        2 min,  1.224 sec
*MTD  15 completed successfully ...        2 min,  1.318 sec
  ::::::::::::: starting MTD   16 :::::::::::::
  |   MD simulation time   :    13.0 ps       |
  |   target T             :   300.0 K        |
  |   timestep dt          :     5.0 fs       |
  |   dump interval(trj)   :   100.0 fs       |
  |   SHAKE algorithm      : true (all bonds) |
  |   dump interval(Vbias) :    1.00 ps       |
  |   Vbias prefactor (k)  :  0.0309 Eh       |
  |   Vbias exponent (α)   :  0.3820 bohr⁻²   |
*MTD  11 completed successfully ...        2 min,  1.355 sec
  ::::::::::::: starting MTD   12 :::::::::::::
  |   MD simulation time   :    13.0 ps       |
  |   target T             :   300.0 K        |
  |   timestep dt          :     5.0 fs       |
  |   dump interval(trj)   :   100.0 fs       |
  |   SHAKE algorithm      : true (all bonds) |
  |   dump interval(Vbias) :    1.00 ps       |
  |   Vbias prefactor (k)  :  0.0309 Eh       |
  |   Vbias exponent (α)   :  0.6180 bohr⁻²   |
*MTD   3 completed successfully ...        2 min,  1.416 sec
  ::::::::::::: starting MTD    4 :::::::::::::
  |   MD simulation time   :    13.0 ps       |
  |   target T             :   300.0 K        |
  |   timestep dt          :     5.0 fs       |
  |   dump interval(trj)   :   100.0 fs       |
  |   SHAKE algorithm      : true (all bonds) |
  |   dump interval(Vbias) :    1.00 ps       |
  |   Vbias prefactor (k)  :  0.0309 Eh       |
  |   Vbias exponent (α)   :  1.6180 bohr⁻²   |
*MTD   1 completed successfully ...        2 min,  1.933 sec
  ::::::::::::: starting MTD    2 :::::::::::::
  |   MD simulation time   :    13.0 ps       |
  |   target T             :   300.0 K        |
  |   timestep dt          :     5.0 fs       |
  |   dump interval(trj)   :   100.0 fs       |
  |   SHAKE algorithm      : true (all bonds) |
  |   dump interval(Vbias) :    1.00 ps       |
  |   Vbias prefactor (k)  :  0.1237 Eh       |
  |   Vbias exponent (α)   :  1.6180 bohr⁻²   |
*MTD   7 completed successfully ...        2 min,  2.066 sec
  ::::::::::::: starting MTD    8 :::::::::::::
  |   MD simulation time   :    13.0 ps       |
  |   target T             :   300.0 K        |
  |   timestep dt          :     5.0 fs       |
  |   dump interval(trj)   :   100.0 fs       |
  |   SHAKE algorithm      : true (all bonds) |
  |   dump interval(Vbias) :    1.00 ps       |
  |   Vbias prefactor (k)  :  0.0309 Eh       |
  |   Vbias exponent (α)   :  1.0000 bohr⁻²   |
*MTD  10 completed successfully ...        1 min, 32.018 sec
*MTD  14 completed successfully ...        1 min, 33.675 sec
*MTD  16 completed successfully ...        1 min, 32.511 sec
*MTD   6 completed successfully ...        1 min, 35.653 sec
*MTD  12 completed successfully ...        1 min, 34.903 sec
*MTD   4 completed successfully ...        1 min, 35.175 sec
*MTD   2 completed successfully ...        1 min, 35.230 sec
*MTD   8 completed successfully ...        1 min, 35.924 sec

 ======================================
 |  Multilevel Ensemble Optimization  |
 ======================================
 Optimizing all 3096 structures from file "crest_dynamics.trj" ...
 ----------------------
 crude pre-optimization
 ----------------------
 Optimization engine: ANCOPT
 Hessian update type: BFGS
 E/G convergence criteria:  0.500E-03 Eh, 0.100E-01 Eh/a0
 maximum optimization steps: 200
 |>0.0% |>7.5% |>15.0% |>22.5% |>30.0% |>37.5% |>45.0% |>52.5% |>60.0% |>67.5% |>75.0% |>82.5% |>90.0% |>97.5% |>100.0%
 done.
> 3096 of 3096 structures successfully optimized (100.0% success)
> Total runtime for 3096 optimizations:
 * wall-time:     0 d,  0 h,  2 min, 19.087 sec
 *  cpu-time:     0 d,  0 h, 36 min, 27.175 sec
 * ratio c/w:    15.725 speedup
> Corresponding to approximately 0.045 sec per processed structure

CREGEN> number of topology-based structure removals: 793
CREGEN> running RMSDs ... done.
CREGEN> E lowest :   -64.18036
 960 structures remain within    12.00 kcal/mol window
 ----------------------------------
 optimization with tight thresholds
 ----------------------------------
 Optimization engine: ANCOPT
 Hessian update type: BFGS
 E/G convergence criteria:  0.100E-05 Eh, 0.800E-03 Eh/a0
 maximum optimization steps: 200
 |>0.1% |>10.0% |>20.0% |>30.0% |>40.0% |>50.0% |>60.0% |>70.1% |>80.0% |>90.1% |>100.0%
 done.
> 960 of 960 structures successfully optimized (100.0% success)
> Total runtime for 960 optimizations:
 * wall-time:     0 d,  0 h,  2 min, 14.998 sec
 *  cpu-time:     0 d,  0 h, 35 min,  8.698 sec
 * ratio c/w:    15.620 speedup
> Corresponding to approximately 0.141 sec per processed structure

CREGEN> number of topology-based structure removals: 385
CREGEN> running RMSDs ... done.
CREGEN> E lowest :   -64.17733
 104 structures remain within     6.00 kcal/mol window

========================================
           MTD Simulations done         
========================================
 Collecting ensmbles.
CREGEN> running RMSDs ... done.
CREGEN> E lowest :   -64.17733
 104 structures remain within     6.00 kcal/mol window
     H(298.15K)-H(0) (conf)      0.582538
                   Cp(conf)      2.900807
                    S(conf)      3.735305

********************************************************************************
**                     I T E R A T I O N    C Y C L E      1                  **
********************************************************************************
 -------------------------------------------
 determining bias structures via PCA/k-Means
 -------------------------------------------

 4 structures were selected
 done.

 -----------------------------------------------
 determining MTD seed structures via PCA/k-Means
 -----------------------------------------------

 36 structures were selected
 done.


 ===========================================================
 Static MTDs (umbrella sampling) on 36 selected conformer(s)
 ===========================================================
> Using 4 constant RMSD bias potentials per MTD
  :::::::::: starting static MTD   1 ::::::::::
  |   MD simulation time   :     6.5 ps       |
  |   target T             :   400.0 K        |
  |   timestep dt          :     5.0 fs       |
  |   dump interval(trj)   :   100.0 fs       |
  |   SHAKE algorithm      : true (all bonds) |
  |   Vbias prefactor (k)  :  0.0021 Eh       |
  |   Vbias exponent (α)   :  1.0000 bohr⁻²   |
  :::::::::: starting static MTD   2 ::::::::::
  |   MD simulation time   :     6.5 ps       |
  |   target T             :   400.0 K        |
  |   timestep dt          :     5.0 fs       |
  |   dump interval(trj)   :   100.0 fs       |
  |   SHAKE algorithm      : true (all bonds) |
  |   Vbias prefactor (k)  :  0.0021 Eh       |
  |   Vbias exponent (α)   :  1.0000 bohr⁻²   |
  :::::::::: starting static MTD  14 ::::::::::
  |   MD simulation time   :     6.5 ps       |
  |   target T             :   400.0 K        |
  |   timestep dt          :     5.0 fs       |
  |   dump interval(trj)   :   100.0 fs       |
  |   SHAKE algorithm      : true (all bonds) |
  |   Vbias prefactor (k)  :  0.0021 Eh       |
  |   Vbias exponent (α)   :  1.0000 bohr⁻²   |
  :::::::::: starting static MTD   3 ::::::::::
  |   MD simulation time   :     6.5 ps       |
  |   target T             :   400.0 K        |
  |   timestep dt          :     5.0 fs       |
  |   dump interval(trj)   :   100.0 fs       |
  |   SHAKE algorithm      : true (all bonds) |
  |   Vbias prefactor (k)  :  0.0021 Eh       |
  |   Vbias exponent (α)   :  1.0000 bohr⁻²   |
  :::::::::: starting static MTD   9 ::::::::::
  |   MD simulation time   :     6.5 ps       |
  |   target T             :   400.0 K        |
  |   timestep dt          :     5.0 fs       |
  |   dump interval(trj)   :   100.0 fs       |
  |   SHAKE algorithm      : true (all bonds) |
  |   Vbias prefactor (k)  :  0.0021 Eh       |
  |   Vbias exponent (α)   :  1.0000 bohr⁻²   |
  :::::::::: starting static MTD   6 ::::::::::
  |   MD simulation time   :     6.5 ps       |
  |   target T             :   400.0 K        |
  |   timestep dt          :     5.0 fs       |
  |   dump interval(trj)   :   100.0 fs       |
  |   SHAKE algorithm      : true (all bonds) |
  |   Vbias prefactor (k)  :  0.0021 Eh       |
  |   Vbias exponent (α)   :  1.0000 bohr⁻²   |
  :::::::::: starting static MTD   8 ::::::::::
  |   MD simulation time   :     6.5 ps       |
  |   target T             :   400.0 K        |
  |   timestep dt          :     5.0 fs       |
  |   dump interval(trj)   :   100.0 fs       |
  |   SHAKE algorithm      : true (all bonds) |
  |   Vbias prefactor (k)  :  0.0021 Eh       |
  |   Vbias exponent (α)   :  1.0000 bohr⁻²   |
  :::::::::: starting static MTD  11 ::::::::::
  |   MD simulation time   :     6.5 ps       |
  |   target T             :   400.0 K        |
  |   timestep dt          :     5.0 fs       |
  |   dump interval(trj)   :   100.0 fs       |
  |   SHAKE algorithm      : true (all bonds) |
  |   Vbias prefactor (k)  :  0.0021 Eh       |
  |   Vbias exponent (α)   :  1.0000 bohr⁻²   |
  :::::::::: starting static MTD  12 ::::::::::
  |   MD simulation time   :     6.5 ps       |
  |   target T             :   400.0 K        |
  |   timestep dt          :     5.0 fs       |
  |   dump interval(trj)   :   100.0 fs       |
  |   SHAKE algorithm      : true (all bonds) |
  |   Vbias prefactor (k)  :  0.0021 Eh       |
  |   Vbias exponent (α)   :  1.0000 bohr⁻²   |
  :::::::::: starting static MTD   5 ::::::::::
  |   MD simulation time   :     6.5 ps       |
  |   target T             :   400.0 K        |
  |   timestep dt          :     5.0 fs       |
  |   dump interval(trj)   :   100.0 fs       |
  |   SHAKE algorithm      : true (all bonds) |
  |   Vbias prefactor (k)  :  0.0021 Eh       |
  |   Vbias exponent (α)   :  1.0000 bohr⁻²   |
  :::::::::: starting static MTD  36 ::::::::::
  |   MD simulation time   :     6.5 ps       |
  |   target T             :   400.0 K        |
  |   timestep dt          :     5.0 fs       |
  |   dump interval(trj)   :   100.0 fs       |
  |   SHAKE algorithm      : true (all bonds) |
  |   Vbias prefactor (k)  :  0.0021 Eh       |
  |   Vbias exponent (α)   :  1.0000 bohr⁻²   |
  :::::::::: starting static MTD   7 ::::::::::
  |   MD simulation time   :     6.5 ps       |
  |   target T             :   400.0 K        |
  |   timestep dt          :     5.0 fs       |
  |   dump interval(trj)   :   100.0 fs       |
  |   SHAKE algorithm      : true (all bonds) |
  |   Vbias prefactor (k)  :  0.0021 Eh       |
  |   Vbias exponent (α)   :  1.0000 bohr⁻²   |
  :::::::::: starting static MTD  10 ::::::::::
  |   MD simulation time   :     6.5 ps       |
  |   target T             :   400.0 K        |
  |   timestep dt          :     5.0 fs       |
  |   dump interval(trj)   :   100.0 fs       |
  |   SHAKE algorithm      : true (all bonds) |
  |   Vbias prefactor (k)  :  0.0021 Eh       |
  |   Vbias exponent (α)   :  1.0000 bohr⁻²   |
  :::::::::: starting static MTD  13 ::::::::::
  |   MD simulation time   :     6.5 ps       |
  |   target T             :   400.0 K        |
  |   timestep dt          :     5.0 fs       |
  |   dump interval(trj)   :   100.0 fs       |
  |   SHAKE algorithm      : true (all bonds) |
  |   Vbias prefactor (k)  :  0.0021 Eh       |
  |   Vbias exponent (α)   :  1.0000 bohr⁻²   |
  :::::::::: starting static MTD   4 ::::::::::
  |   MD simulation time   :     6.5 ps       |
  |   target T             :   400.0 K        |
  |   timestep dt          :     5.0 fs       |
  |   dump interval(trj)   :   100.0 fs       |
  |   SHAKE algorithm      : true (all bonds) |
  |   Vbias prefactor (k)  :  0.0021 Eh       |
  |   Vbias exponent (α)   :  1.0000 bohr⁻²   |
  :::::::::: starting static MTD  15 ::::::::::
  |   MD simulation time   :     6.5 ps       |
  |   target T             :   400.0 K        |
  |   timestep dt          :     5.0 fs       |
  |   dump interval(trj)   :   100.0 fs       |
  |   SHAKE algorithm      : true (all bonds) |
  |   Vbias prefactor (k)  :  0.0021 Eh       |
  |   Vbias exponent (α)   :  1.0000 bohr⁻²   |
*sMTD   8 completed successfully ...        1 min,  0.700 sec
  :::::::::: starting static MTD  16 ::::::::::
  |   MD simulation time   :     6.5 ps       |
  |   target T             :   400.0 K        |
  |   timestep dt          :     5.0 fs       |
  |   dump interval(trj)   :   100.0 fs       |
  |   SHAKE algorithm      : true (all bonds) |
  |   Vbias prefactor (k)  :  0.0021 Eh       |
  |   Vbias exponent (α)   :  1.0000 bohr⁻²   |
*sMTD   4 completed successfully ...        1 min,  0.949 sec
  :::::::::: starting static MTD  17 ::::::::::
  |   MD simulation time   :     6.5 ps       |
  |   target T             :   400.0 K        |
  |   timestep dt          :     5.0 fs       |
  |   dump interval(trj)   :   100.0 fs       |
  |   SHAKE algorithm      : true (all bonds) |
  |   Vbias prefactor (k)  :  0.0021 Eh       |
  |   Vbias exponent (α)   :  1.0000 bohr⁻²   |
*sMTD  13 completed successfully ...        1 min,  1.197 sec
  :::::::::: starting static MTD  18 ::::::::::
  |   MD simulation time   :     6.5 ps       |
  |   target T             :   400.0 K        |
  |   timestep dt          :     5.0 fs       |
  |   dump interval(trj)   :   100.0 fs       |
  |   SHAKE algorithm      : true (all bonds) |
  |   Vbias prefactor (k)  :  0.0021 Eh       |
  |   Vbias exponent (α)   :  1.0000 bohr⁻²   |
*sMTD  14 completed successfully ...        1 min,  1.623 sec
  :::::::::: starting static MTD  19 ::::::::::
  |   MD simulation time   :     6.5 ps       |
  |   target T             :   400.0 K        |
  |   timestep dt          :     5.0 fs       |
  |   dump interval(trj)   :   100.0 fs       |
  |   SHAKE algorithm      : true (all bonds) |
  |   Vbias prefactor (k)  :  0.0021 Eh       |
  |   Vbias exponent (α)   :  1.0000 bohr⁻²   |
*sMTD   1 completed successfully ...        1 min,  1.835 sec
  :::::::::: starting static MTD  20 ::::::::::
  |   MD simulation time   :     6.5 ps       |
  |   target T             :   400.0 K        |
  |   timestep dt          :     5.0 fs       |
  |   dump interval(trj)   :   100.0 fs       |
  |   SHAKE algorithm      : true (all bonds) |
  |   Vbias prefactor (k)  :  0.0021 Eh       |
  |   Vbias exponent (α)   :  1.0000 bohr⁻²   |
*sMTD   6 completed successfully ...        1 min,  1.982 sec
  :::::::::: starting static MTD  21 ::::::::::
  |   MD simulation time   :     6.5 ps       |
  |   target T             :   400.0 K        |
  |   timestep dt          :     5.0 fs       |
  |   dump interval(trj)   :   100.0 fs       |
  |   SHAKE algorithm      : true (all bonds) |
  |   Vbias prefactor (k)  :  0.0021 Eh       |
  |   Vbias exponent (α)   :  1.0000 bohr⁻²   |
*sMTD  10 completed successfully ...        1 min,  2.016 sec
  :::::::::: starting static MTD  22 ::::::::::
  |   MD simulation time   :     6.5 ps       |
  |   target T             :   400.0 K        |
  |   timestep dt          :     5.0 fs       |
  |   dump interval(trj)   :   100.0 fs       |
  |   SHAKE algorithm      : true (all bonds) |
  |   Vbias prefactor (k)  :  0.0021 Eh       |
  |   Vbias exponent (α)   :  1.0000 bohr⁻²   |
*sMTD   3 completed successfully ...        1 min,  2.018 sec
  :::::::::: starting static MTD  23 ::::::::::
  |   MD simulation time   :     6.5 ps       |
  |   target T             :   400.0 K        |
  |   timestep dt          :     5.0 fs       |
  |   dump interval(trj)   :   100.0 fs       |
  |   SHAKE algorithm      : true (all bonds) |
  |   Vbias prefactor (k)  :  0.0021 Eh       |
  |   Vbias exponent (α)   :  1.0000 bohr⁻²   |
*sMTD  11 completed successfully ...        1 min,  2.132 sec
  :::::::::: starting static MTD  24 ::::::::::
  |   MD simulation time   :     6.5 ps       |
  |   target T             :   400.0 K        |
  |   timestep dt          :     5.0 fs       |
  |   dump interval(trj)   :   100.0 fs       |
  |   SHAKE algorithm      : true (all bonds) |
  |   Vbias prefactor (k)  :  0.0021 Eh       |
  |   Vbias exponent (α)   :  1.0000 bohr⁻²   |
*sMTD  36 completed successfully ...        1 min,  2.199 sec
  :::::::::: starting static MTD  35 ::::::::::
  |   MD simulation time   :     6.5 ps       |
  |   target T             :   400.0 K        |
  |   timestep dt          :     5.0 fs       |
  |   dump interval(trj)   :   100.0 fs       |
  |   SHAKE algorithm      : true (all bonds) |
  |   Vbias prefactor (k)  :  0.0021 Eh       |
  |   Vbias exponent (α)   :  1.0000 bohr⁻²   |
*sMTD   2 completed successfully ...        1 min,  2.237 sec
  :::::::::: starting static MTD  25 ::::::::::
  |   MD simulation time   :     6.5 ps       |
  |   target T             :   400.0 K        |
  |   timestep dt          :     5.0 fs       |
  |   dump interval(trj)   :   100.0 fs       |
  |   SHAKE algorithm      : true (all bonds) |
  |   Vbias prefactor (k)  :  0.0021 Eh       |
  |   Vbias exponent (α)   :  1.0000 bohr⁻²   |
*sMTD  12 completed successfully ...        1 min,  2.540 sec
  :::::::::: starting static MTD  26 ::::::::::
  |   MD simulation time   :     6.5 ps       |
  |   target T             :   400.0 K        |
  |   timestep dt          :     5.0 fs       |
  |   dump interval(trj)   :   100.0 fs       |
  |   SHAKE algorithm      : true (all bonds) |
  |   Vbias prefactor (k)  :  0.0021 Eh       |
  |   Vbias exponent (α)   :  1.0000 bohr⁻²   |
*sMTD   5 completed successfully ...        1 min,  2.767 sec
  :::::::::: starting static MTD  27 ::::::::::
  |   MD simulation time   :     6.5 ps       |
  |   target T             :   400.0 K        |
  |   timestep dt          :     5.0 fs       |
  |   dump interval(trj)   :   100.0 fs       |
  |   SHAKE algorithm      : true (all bonds) |
  |   Vbias prefactor (k)  :  0.0021 Eh       |
  |   Vbias exponent (α)   :  1.0000 bohr⁻²   |
*sMTD  15 completed successfully ...        1 min,  3.619 sec
  :::::::::: starting static MTD  28 ::::::::::
  |   MD simulation time   :     6.5 ps       |
  |   target T             :   400.0 K        |
  |   timestep dt          :     5.0 fs       |
  |   dump interval(trj)   :   100.0 fs       |
  |   SHAKE algorithm      : true (all bonds) |
  |   Vbias prefactor (k)  :  0.0021 Eh       |
  |   Vbias exponent (α)   :  1.0000 bohr⁻²   |
*sMTD   7 completed successfully ...        1 min,  3.939 sec
  :::::::::: starting static MTD  29 ::::::::::
  |   MD simulation time   :     6.5 ps       |
  |   target T             :   400.0 K        |
  |   timestep dt          :     5.0 fs       |
  |   dump interval(trj)   :   100.0 fs       |
  |   SHAKE algorithm      : true (all bonds) |
  |   Vbias prefactor (k)  :  0.0021 Eh       |
  |   Vbias exponent (α)   :  1.0000 bohr⁻²   |
*sMTD   9 completed successfully ...        1 min,  4.064 sec
  :::::::::: starting static MTD  30 ::::::::::
  |   MD simulation time   :     6.5 ps       |
  |   target T             :   400.0 K        |
  |   timestep dt          :     5.0 fs       |
  |   dump interval(trj)   :   100.0 fs       |
  |   SHAKE algorithm      : true (all bonds) |
  |   Vbias prefactor (k)  :  0.0021 Eh       |
  |   Vbias exponent (α)   :  1.0000 bohr⁻²   |
*sMTD  18 completed successfully ...        1 min,  1.307 sec
  :::::::::: starting static MTD  31 ::::::::::
  |   MD simulation time   :     6.5 ps       |
  |   target T             :   400.0 K        |
  |   timestep dt          :     5.0 fs       |
  |   dump interval(trj)   :   100.0 fs       |
  |   SHAKE algorithm      : true (all bonds) |
  |   Vbias prefactor (k)  :  0.0021 Eh       |
  |   Vbias exponent (α)   :  1.0000 bohr⁻²   |
*sMTD  24 completed successfully ...        1 min,  0.403 sec
  :::::::::: starting static MTD  32 ::::::::::
  |   MD simulation time   :     6.5 ps       |
  |   target T             :   400.0 K        |
  |   timestep dt          :     5.0 fs       |
  |   dump interval(trj)   :   100.0 fs       |
  |   SHAKE algorithm      : true (all bonds) |
  |   Vbias prefactor (k)  :  0.0021 Eh       |
  |   Vbias exponent (α)   :  1.0000 bohr⁻²   |
*sMTD  16 completed successfully ...        1 min,  2.238 sec
  :::::::::: starting static MTD  33 ::::::::::
  |   MD simulation time   :     6.5 ps       |
  |   target T             :   400.0 K        |
  |   timestep dt          :     5.0 fs       |
  |   dump interval(trj)   :   100.0 fs       |
  |   SHAKE algorithm      : true (all bonds) |
  |   Vbias prefactor (k)  :  0.0021 Eh       |
  |   Vbias exponent (α)   :  1.0000 bohr⁻²   |
*sMTD  23 completed successfully ...        1 min,  1.009 sec
  :::::::::: starting static MTD  34 ::::::::::
  |   MD simulation time   :     6.5 ps       |
  |   target T             :   400.0 K        |
  |   timestep dt          :     5.0 fs       |
  |   dump interval(trj)   :   100.0 fs       |
  |   SHAKE algorithm      : true (all bonds) |
  |   Vbias prefactor (k)  :  0.0021 Eh       |
  |   Vbias exponent (α)   :  1.0000 bohr⁻²   |
*sMTD  22 completed successfully ...        1 min,  1.029 sec
*sMTD  21 completed successfully ...        1 min,  1.214 sec
*sMTD  20 completed successfully ...        1 min,  1.616 sec
*sMTD  17 completed successfully ...        1 min,  2.509 sec
*sMTD  25 completed successfully ...        1 min,  1.255 sec
*sMTD  26 completed successfully ...        1 min,  1.249 sec
*sMTD  35 completed successfully ...        1 min,  1.643 sec
*sMTD  27 completed successfully ...        1 min,  1.246 sec
*sMTD  19 completed successfully ...        1 min,  2.804 sec
*sMTD  30 completed successfully ...        1 min,  0.509 sec
*sMTD  28 completed successfully ...        1 min,  1.056 sec
*sMTD  29 completed successfully ...        1 min,  0.855 sec
*sMTD  34 completed successfully ...        0 min, 45.780 sec
*sMTD  32 completed successfully ...        0 min, 46.775 sec
*sMTD  31 completed successfully ...        0 min, 47.074 sec
*sMTD  33 completed successfully ...        0 min, 46.950 sec

 ======================================
 |  Multilevel Ensemble Optimization  |
 ======================================
 Optimizing all 2304 structures from file "crest_rotamers_0.xyz" ...
 ----------------------
 crude pre-optimization
 ----------------------
 Optimization engine: ANCOPT
 Hessian update type: BFGS
 E/G convergence criteria:  0.500E-03 Eh, 0.100E-01 Eh/a0
 maximum optimization steps: 200
 |>0.0% |>7.5% |>15.0% |>22.5% |>30.0% |>37.5% |>45.0% |>52.5% |>60.0% |>67.5% |>75.0% |>82.5% |>90.0% |>97.5% |>100.0%
 done.
> 2304 of 2304 structures successfully optimized (100.0% success)
> Total runtime for 2304 optimizations:
 * wall-time:     0 d,  0 h,  1 min, 17.147 sec
 *  cpu-time:     0 d,  0 h, 20 min, 11.125 sec
 * ratio c/w:    15.699 speedup
> Corresponding to approximately 0.033 sec per processed structure

CREGEN> number of topology-based structure removals: 716
CREGEN> running RMSDs ... done.
CREGEN> E lowest :   -64.17964
 802 structures remain within    12.00 kcal/mol window
 ---------------------------------------
 optimization with very tight thresholds
 ---------------------------------------
 Optimization engine: ANCOPT
 Hessian update type: BFGS
 E/G convergence criteria:  0.100E-06 Eh, 0.200E-03 Eh/a0
 maximum optimization steps: 200
 |>0.1% |>10.1% |>20.1% |>30.0% |>40.0% |>50.0% |>60.1% |>70.1% |>80.0% |>90.0% |>100.0%
 done.
> 802 of 802 structures successfully optimized (100.0% success)
> Total runtime for 802 optimizations:
 * wall-time:     0 d,  0 h,  1 min, 40.397 sec
 *  cpu-time:     0 d,  0 h, 25 min, 33.784 sec
 * ratio c/w:    15.277 speedup
> Corresponding to approximately 0.125 sec per processed structure

CREGEN> number of topology-based structure removals: 178
CREGEN> running RMSDs ... done.
CREGEN> E lowest :   -64.17652
 102 structures remain within     6.00 kcal/mol window
CREGEN> running RMSDs ... done.
CREGEN> E lowest :   -64.17733

 Static MTD simulation iteration 1 finished
 A total of 60 conformers (+15.00%) in crest_conformers.xyz
 S(approx.) =    3.933418 cal/molK (dS = 4.97%)
 Convergence w.r.t. conformers: F
 Convergence w.r.t. entropy   : F

     H(298.15K)-H(0) (conf)      0.624110
                   Cp(conf)      3.261219
                    S(conf)      3.930609

********************************************************************************
**                     I T E R A T I O N    C Y C L E      2                  **
********************************************************************************
 -------------------------------------------
 determining bias structures via PCA/k-Means
 -------------------------------------------

 5 structures were selected
 done.

 -----------------------------------------------
 determining MTD seed structures via PCA/k-Means
 -----------------------------------------------

 36 structures were selected
 done.


 ===========================================================
 Static MTDs (umbrella sampling) on 36 selected conformer(s)
 ===========================================================
> Using 5 constant RMSD bias potentials per MTD
  :::::::::: starting static MTD   1 ::::::::::
  |   MD simulation time   :     6.5 ps       |
  |   target T             :   400.0 K        |
  |   timestep dt          :     5.0 fs       |
  |   dump interval(trj)   :   100.0 fs       |
  |   SHAKE algorithm      : true (all bonds) |
  |   Vbias prefactor (k)  :  0.0021 Eh       |
  |   Vbias exponent (α)   :  1.0000 bohr⁻²   |
  :::::::::: starting static MTD   7 ::::::::::
  |   MD simulation time   :     6.5 ps       |
  |   target T             :   400.0 K        |
  |   timestep dt          :     5.0 fs       |
  |   dump interval(trj)   :   100.0 fs       |
  |   SHAKE algorithm      : true (all bonds) |
  |   Vbias prefactor (k)  :  0.0021 Eh       |
  |   Vbias exponent (α)   :  1.0000 bohr⁻²   |
  :::::::::: starting static MTD  13 ::::::::::
  |   MD simulation time   :     6.5 ps       |
  |   target T             :   400.0 K        |
  |   timestep dt          :     5.0 fs       |
  |   dump interval(trj)   :   100.0 fs       |
  |   SHAKE algorithm      : true (all bonds) |
  |   Vbias prefactor (k)  :  0.0021 Eh       |
  |   Vbias exponent (α)   :  1.0000 bohr⁻²   |
  :::::::::: starting static MTD  11 ::::::::::
  |   MD simulation time   :     6.5 ps       |
  |   target T             :   400.0 K        |
  |   timestep dt          :     5.0 fs       |
  |   dump interval(trj)   :   100.0 fs       |
  |   SHAKE algorithm      : true (all bonds) |
  |   Vbias prefactor (k)  :  0.0021 Eh       |
  |   Vbias exponent (α)   :  1.0000 bohr⁻²   |
  :::::::::: starting static MTD  12 ::::::::::
  |   MD simulation time   :     6.5 ps       |
  |   target T             :   400.0 K        |
  |   timestep dt          :     5.0 fs       |
  |   dump interval(trj)   :   100.0 fs       |
  |   SHAKE algorithm      : true (all bonds) |
  |   Vbias prefactor (k)  :  0.0021 Eh       |
  |   Vbias exponent (α)   :  1.0000 bohr⁻²   |
  :::::::::: starting static MTD   3 ::::::::::
  |   MD simulation time   :     6.5 ps       |
  |   target T             :   400.0 K        |
  |   timestep dt          :     5.0 fs       |
  |   dump interval(trj)   :   100.0 fs       |
  |   SHAKE algorithm      : true (all bonds) |
  |   Vbias prefactor (k)  :  0.0021 Eh       |
  |   Vbias exponent (α)   :  1.0000 bohr⁻²   |
  :::::::::: starting static MTD   8 ::::::::::
  |   MD simulation time   :     6.5 ps       |
  |   target T             :   400.0 K        |
  |   timestep dt          :     5.0 fs       |
  |   dump interval(trj)   :   100.0 fs       |
  |   SHAKE algorithm      : true (all bonds) |
  |   Vbias prefactor (k)  :  0.0021 Eh       |
  |   Vbias exponent (α)   :  1.0000 bohr⁻²   |
  :::::::::: starting static MTD   2 ::::::::::
  |   MD simulation time   :     6.5 ps       |
  |   target T             :   400.0 K        |
  |   timestep dt          :     5.0 fs       |
  |   dump interval(trj)   :   100.0 fs       |
  |   SHAKE algorithm      : true (all bonds) |
  |   Vbias prefactor (k)  :  0.0021 Eh       |
  |   Vbias exponent (α)   :  1.0000 bohr⁻²   |
  :::::::::: starting static MTD   9 ::::::::::
  |   MD simulation time   :     6.5 ps       |
  |   target T             :   400.0 K        |
  |   timestep dt          :     5.0 fs       |
  |   dump interval(trj)   :   100.0 fs       |
  |   SHAKE algorithm      : true (all bonds) |
  |   Vbias prefactor (k)  :  0.0021 Eh       |
  |   Vbias exponent (α)   :  1.0000 bohr⁻²   |
  :::::::::: starting static MTD  36 ::::::::::
  |   MD simulation time   :     6.5 ps       |
  |   target T             :   400.0 K        |
  |   timestep dt          :     5.0 fs       |
  |   dump interval(trj)   :   100.0 fs       |
  |   SHAKE algorithm      : true (all bonds) |
  |   Vbias prefactor (k)  :  0.0021 Eh       |
  |   Vbias exponent (α)   :  1.0000 bohr⁻²   |
  :::::::::: starting static MTD  10 ::::::::::
  |   MD simulation time   :     6.5 ps       |
  |   target T             :   400.0 K        |
  |   timestep dt          :     5.0 fs       |
  |   dump interval(trj)   :   100.0 fs       |
  |   SHAKE algorithm      : true (all bonds) |
  |   Vbias prefactor (k)  :  0.0021 Eh       |
  |   Vbias exponent (α)   :  1.0000 bohr⁻²   |
  :::::::::: starting static MTD   6 ::::::::::
  |   MD simulation time   :     6.5 ps       |
  |   target T             :   400.0 K        |
  |   timestep dt          :     5.0 fs       |
  |   dump interval(trj)   :   100.0 fs       |
  |   SHAKE algorithm      : true (all bonds) |
  |   Vbias prefactor (k)  :  0.0021 Eh       |
  |   Vbias exponent (α)   :  1.0000 bohr⁻²   |
  :::::::::: starting static MTD   4 ::::::::::
  |   MD simulation time   :     6.5 ps       |
  |   target T             :   400.0 K        |
  |   timestep dt          :     5.0 fs       |
  |   dump interval(trj)   :   100.0 fs       |
  |   SHAKE algorithm      : true (all bonds) |
  |   Vbias prefactor (k)  :  0.0021 Eh       |
  |   Vbias exponent (α)   :  1.0000 bohr⁻²   |
  :::::::::: starting static MTD  15 ::::::::::
  |   MD simulation time   :     6.5 ps       |
  |   target T             :   400.0 K        |
  |   timestep dt          :     5.0 fs       |
  |   dump interval(trj)   :   100.0 fs       |
  |   SHAKE algorithm      : true (all bonds) |
  |   Vbias prefactor (k)  :  0.0021 Eh       |
  |   Vbias exponent (α)   :  1.0000 bohr⁻²   |
  :::::::::: starting static MTD   5 ::::::::::
  |   MD simulation time   :     6.5 ps       |
  |   target T             :   400.0 K        |
  |   timestep dt          :     5.0 fs       |
  |   dump interval(trj)   :   100.0 fs       |
  |   SHAKE algorithm      : true (all bonds) |
  |   Vbias prefactor (k)  :  0.0021 Eh       |
  |   Vbias exponent (α)   :  1.0000 bohr⁻²   |
  :::::::::: starting static MTD  14 ::::::::::
  |   MD simulation time   :     6.5 ps       |
  |   target T             :   400.0 K        |
  |   timestep dt          :     5.0 fs       |
  |   dump interval(trj)   :   100.0 fs       |
  |   SHAKE algorithm      : true (all bonds) |
  |   Vbias prefactor (k)  :  0.0021 Eh       |
  |   Vbias exponent (α)   :  1.0000 bohr⁻²   |
*sMTD   8 completed successfully ...        1 min,  0.118 sec
  :::::::::: starting static MTD  16 ::::::::::
  |   MD simulation time   :     6.5 ps       |
  |   target T             :   400.0 K        |
  |   timestep dt          :     5.0 fs       |
  |   dump interval(trj)   :   100.0 fs       |
  |   SHAKE algorithm      : true (all bonds) |
  |   Vbias prefactor (k)  :  0.0021 Eh       |
  |   Vbias exponent (α)   :  1.0000 bohr⁻²   |
*sMTD   1 completed successfully ...        1 min,  1.264 sec
  :::::::::: starting static MTD  17 ::::::::::
  |   MD simulation time   :     6.5 ps       |
  |   target T             :   400.0 K        |
  |   timestep dt          :     5.0 fs       |
  |   dump interval(trj)   :   100.0 fs       |
  |   SHAKE algorithm      : true (all bonds) |
  |   Vbias prefactor (k)  :  0.0021 Eh       |
  |   Vbias exponent (α)   :  1.0000 bohr⁻²   |
*sMTD   6 completed successfully ...        1 min,  1.606 sec
  :::::::::: starting static MTD  18 ::::::::::
  |   MD simulation time   :     6.5 ps       |
  |   target T             :   400.0 K        |
  |   timestep dt          :     5.0 fs       |
  |   dump interval(trj)   :   100.0 fs       |
  |   SHAKE algorithm      : true (all bonds) |
  |   Vbias prefactor (k)  :  0.0021 Eh       |
  |   Vbias exponent (α)   :  1.0000 bohr⁻²   |
*sMTD  11 completed successfully ...        1 min,  1.725 sec
  :::::::::: starting static MTD  19 ::::::::::
  |   MD simulation time   :     6.5 ps       |
  |   target T             :   400.0 K        |
  |   timestep dt          :     5.0 fs       |
  |   dump interval(trj)   :   100.0 fs       |
  |   SHAKE algorithm      : true (all bonds) |
  |   Vbias prefactor (k)  :  0.0021 Eh       |
  |   Vbias exponent (α)   :  1.0000 bohr⁻²   |
*sMTD   3 completed successfully ...        1 min,  1.727 sec
  :::::::::: starting static MTD  20 ::::::::::
  |   MD simulation time   :     6.5 ps       |
  |   target T             :   400.0 K        |
  |   timestep dt          :     5.0 fs       |
  |   dump interval(trj)   :   100.0 fs       |
  |   SHAKE algorithm      : true (all bonds) |
  |   Vbias prefactor (k)  :  0.0021 Eh       |
  |   Vbias exponent (α)   :  1.0000 bohr⁻²   |
*sMTD   5 completed successfully ...        1 min,  1.822 sec
  :::::::::: starting static MTD  21 ::::::::::
  |   MD simulation time   :     6.5 ps       |
  |   target T             :   400.0 K        |
  |   timestep dt          :     5.0 fs       |
  |   dump interval(trj)   :   100.0 fs       |
  |   SHAKE algorithm      : true (all bonds) |
  |   Vbias prefactor (k)  :  0.0021 Eh       |
  |   Vbias exponent (α)   :  1.0000 bohr⁻²   |
*sMTD  12 completed successfully ...        1 min,  1.834 sec
  :::::::::: starting static MTD  22 ::::::::::
  |   MD simulation time   :     6.5 ps       |
  |   target T             :   400.0 K        |
  |   timestep dt          :     5.0 fs       |
  |   dump interval(trj)   :   100.0 fs       |
  |   SHAKE algorithm      : true (all bonds) |
  |   Vbias prefactor (k)  :  0.0021 Eh       |
  |   Vbias exponent (α)   :  1.0000 bohr⁻²   |
*sMTD   4 completed successfully ...        1 min,  1.841 sec
  :::::::::: starting static MTD  23 ::::::::::
  |   MD simulation time   :     6.5 ps       |
  |   target T             :   400.0 K        |
  |   timestep dt          :     5.0 fs       |
  |   dump interval(trj)   :   100.0 fs       |
  |   SHAKE algorithm      : true (all bonds) |
  |   Vbias prefactor (k)  :  0.0021 Eh       |
  |   Vbias exponent (α)   :  1.0000 bohr⁻²   |
*sMTD  36 completed successfully ...        1 min,  2.040 sec
  :::::::::: starting static MTD  35 ::::::::::
  |   MD simulation time   :     6.5 ps       |
  |   target T             :   400.0 K        |
  |   timestep dt          :     5.0 fs       |
  |   dump interval(trj)   :   100.0 fs       |
  |   SHAKE algorithm      : true (all bonds) |
  |   Vbias prefactor (k)  :  0.0021 Eh       |
  |   Vbias exponent (α)   :  1.0000 bohr⁻²   |
*sMTD  14 completed successfully ...        1 min,  2.045 sec
  :::::::::: starting static MTD  24 ::::::::::
  |   MD simulation time   :     6.5 ps       |
  |   target T             :   400.0 K        |
  |   timestep dt          :     5.0 fs       |
  |   dump interval(trj)   :   100.0 fs       |
  |   SHAKE algorithm      : true (all bonds) |
  |   Vbias prefactor (k)  :  0.0021 Eh       |
  |   Vbias exponent (α)   :  1.0000 bohr⁻²   |
*sMTD  13 completed successfully ...        1 min,  2.046 sec
  :::::::::: starting static MTD  25 ::::::::::
  |   MD simulation time   :     6.5 ps       |
  |   target T             :   400.0 K        |
  |   timestep dt          :     5.0 fs       |
  |   dump interval(trj)   :   100.0 fs       |
  |   SHAKE algorithm      : true (all bonds) |
  |   Vbias prefactor (k)  :  0.0021 Eh       |
  |   Vbias exponent (α)   :  1.0000 bohr⁻²   |
*sMTD  10 completed successfully ...        1 min,  2.094 sec
  :::::::::: starting static MTD  26 ::::::::::
  |   MD simulation time   :     6.5 ps       |
  |   target T             :   400.0 K        |
  |   timestep dt          :     5.0 fs       |
  |   dump interval(trj)   :   100.0 fs       |
  |   SHAKE algorithm      : true (all bonds) |
  |   Vbias prefactor (k)  :  0.0021 Eh       |
  |   Vbias exponent (α)   :  1.0000 bohr⁻²   |
*sMTD   7 completed successfully ...        1 min,  3.376 sec
  :::::::::: starting static MTD  27 ::::::::::
  |   MD simulation time   :     6.5 ps       |
  |   target T             :   400.0 K        |
  |   timestep dt          :     5.0 fs       |
  |   dump interval(trj)   :   100.0 fs       |
  |   SHAKE algorithm      : true (all bonds) |
  |   Vbias prefactor (k)  :  0.0021 Eh       |
  |   Vbias exponent (α)   :  1.0000 bohr⁻²   |
*sMTD   9 completed successfully ...        1 min,  3.518 sec
  :::::::::: starting static MTD  28 ::::::::::
  |   MD simulation time   :     6.5 ps       |
  |   target T             :   400.0 K        |
  |   timestep dt          :     5.0 fs       |
  |   dump interval(trj)   :   100.0 fs       |
  |   SHAKE algorithm      : true (all bonds) |
  |   Vbias prefactor (k)  :  0.0021 Eh       |
  |   Vbias exponent (α)   :  1.0000 bohr⁻²   |
*sMTD   2 completed successfully ...        1 min,  3.690 sec
  :::::::::: starting static MTD  29 ::::::::::
  |   MD simulation time   :     6.5 ps       |
  |   target T             :   400.0 K        |
  |   timestep dt          :     5.0 fs       |
  |   dump interval(trj)   :   100.0 fs       |
  |   SHAKE algorithm      : true (all bonds) |
  |   Vbias prefactor (k)  :  0.0021 Eh       |
  |   Vbias exponent (α)   :  1.0000 bohr⁻²   |
*sMTD  15 completed successfully ...        1 min,  4.780 sec
  :::::::::: starting static MTD  30 ::::::::::
  |   MD simulation time   :     6.5 ps       |
  |   target T             :   400.0 K        |
  |   timestep dt          :     5.0 fs       |
  |   dump interval(trj)   :   100.0 fs       |
  |   SHAKE algorithm      : true (all bonds) |
  |   Vbias prefactor (k)  :  0.0021 Eh       |
  |   Vbias exponent (α)   :  1.0000 bohr⁻²   |
*sMTD  23 completed successfully ...        0 min, 59.199 sec
  :::::::::: starting static MTD  31 ::::::::::
  |   MD simulation time   :     6.5 ps       |
  |   target T             :   400.0 K        |
  |   timestep dt          :     5.0 fs       |
  |   dump interval(trj)   :   100.0 fs       |
  |   SHAKE algorithm      : true (all bonds) |
  |   Vbias prefactor (k)  :  0.0021 Eh       |
  |   Vbias exponent (α)   :  1.0000 bohr⁻²   |
*sMTD  16 completed successfully ...        1 min,  2.387 sec
  :::::::::: starting static MTD  32 ::::::::::
  |   MD simulation time   :     6.5 ps       |
  |   target T             :   400.0 K        |
  |   timestep dt          :     5.0 fs       |
  |   dump interval(trj)   :   100.0 fs       |
  |   SHAKE algorithm      : true (all bonds) |
  |   Vbias prefactor (k)  :  0.0021 Eh       |
  |   Vbias exponent (α)   :  1.0000 bohr⁻²   |
*sMTD  18 completed successfully ...        1 min,  1.119 sec
  :::::::::: starting static MTD  33 ::::::::::
  |   MD simulation time   :     6.5 ps       |
  |   target T             :   400.0 K        |
  |   timestep dt          :     5.0 fs       |
  |   dump interval(trj)   :   100.0 fs       |
  |   SHAKE algorithm      : true (all bonds) |
  |   Vbias prefactor (k)  :  0.0021 Eh       |
  |   Vbias exponent (α)   :  1.0000 bohr⁻²   |
*sMTD  24 completed successfully ...        1 min,  0.927 sec
  :::::::::: starting static MTD  34 ::::::::::
  |   MD simulation time   :     6.5 ps       |
  |   target T             :   400.0 K        |
  |   timestep dt          :     5.0 fs       |
  |   dump interval(trj)   :   100.0 fs       |
  |   SHAKE algorithm      : true (all bonds) |
  |   Vbias prefactor (k)  :  0.0021 Eh       |
  |   Vbias exponent (α)   :  1.0000 bohr⁻²   |
*sMTD  20 completed successfully ...        1 min,  1.487 sec
*sMTD  22 completed successfully ...        1 min,  1.704 sec
*sMTD  21 completed successfully ...        1 min,  1.718 sec
*sMTD  26 completed successfully ...        1 min,  1.597 sec
*sMTD  17 completed successfully ...        1 min,  2.771 sec
*sMTD  28 completed successfully ...        1 min,  1.039 sec
*sMTD  35 completed successfully ...        1 min,  2.631 sec
*sMTD  27 completed successfully ...        1 min,  1.352 sec
*sMTD  19 completed successfully ...        1 min,  3.257 sec
*sMTD  25 completed successfully ...        1 min,  2.976 sec
*sMTD  29 completed successfully ...        1 min,  2.212 sec
*sMTD  30 completed successfully ...        1 min,  2.837 sec
*sMTD  31 completed successfully ...        0 min, 46.314 sec
*sMTD  34 completed successfully ...        0 min, 45.546 sec
*sMTD  32 completed successfully ...        0 min, 47.110 sec
*sMTD  33 completed successfully ...        0 min, 47.823 sec

 ======================================
 |  Multilevel Ensemble Optimization  |
 ======================================
 Optimizing all 2304 structures from file "crest_rotamers_0.xyz" ...
 ----------------------
 crude pre-optimization
 ----------------------
 Optimization engine: ANCOPT
 Hessian update type: BFGS
 E/G convergence criteria:  0.500E-03 Eh, 0.100E-01 Eh/a0
 maximum optimization steps: 200
 |>0.0% |>7.5% |>15.0% |>22.5% |>30.0% |>37.5% |>45.0% |>52.5% |>60.0% |>67.5% |>75.0% |>82.5% |>90.0% |>97.5% |>100.0%
 done.
> 2304 of 2304 structures successfully optimized (100.0% success)
> Total runtime for 2304 optimizations:
 * wall-time:     0 d,  0 h,  1 min, 16.998 sec
 *  cpu-time:     0 d,  0 h, 20 min, 10.612 sec
 * ratio c/w:    15.723 speedup
> Corresponding to approximately 0.033 sec per processed structure

CREGEN> number of topology-based structure removals: 695
CREGEN> running RMSDs ... done.
CREGEN> E lowest :   -64.18019
 773 structures remain within    12.00 kcal/mol window
 ---------------------------------------
 optimization with very tight thresholds
 ---------------------------------------
 Optimization engine: ANCOPT
 Hessian update type: BFGS
 E/G convergence criteria:  0.100E-06 Eh, 0.200E-03 Eh/a0
 maximum optimization steps: 200
 |>0.1% |>10.1% |>20.1% |>30.0% |>40.1% |>50.1% |>60.0% |>70.1% |>80.1% |>90.0% |>100.0%
 done.
> 773 of 773 structures successfully optimized (100.0% success)
> Total runtime for 773 optimizations:
 * wall-time:     0 d,  0 h,  1 min, 33.843 sec
 *  cpu-time:     0 d,  0 h, 24 min, 36.283 sec
 * ratio c/w:    15.731 speedup
> Corresponding to approximately 0.121 sec per processed structure

CREGEN> number of topology-based structure removals: 154
CREGEN> running RMSDs ... done.
CREGEN> E lowest :   -64.17652
 106 structures remain within     6.00 kcal/mol window
CREGEN> running RMSDs ... done.
CREGEN> E lowest :   -64.17733

 Static MTD simulation iteration 2 finished
 A total of 61 conformers (+ 1.64%) in crest_conformers.xyz
 S(approx.) =    3.926507 cal/molK (dS = 0.18%)
 Convergence w.r.t. conformers: T
 Convergence w.r.t. entropy   : T

     H(298.15K)-H(0) (conf)      0.622366
                   Cp(conf)      3.235247
                    S(conf)      3.923721


 --------------------------
 Final Ensemble Information
 --------------------------
 input  file name : crest_rotamers_2.xyz
 output file name : crest_rotamers_3.xyz
 number of atoms                :   33
 number of points on xyz files  :   237
 RMSD threshold                 :   0.1250
 Bconst threshold               :   0.0100
 population threshold           :   0.0500
 # fragment in coord            :     1
 # bonds in reference structure :    34
 number of reliable points      :   237
 sorting energy window (EWIN)   :    6.0000 / kcal*mol⁻¹
 number of removed by energy    :   10
 number of remaining points     :   227
 reference state Etot           :  -64.177325030000006
 number of doubles removed by rot/RMSD         :          79
 total number unique points considered further :         148
       Erel/kcal        Etot weight/tot  conformer     set   degen     origin
       1   0.000   -64.17733    0.19461    0.19461       1       1
       2   0.504   -64.17652    0.08322    0.24967       2       3
       3   0.743   -64.17614    0.05559    0.16659       3       3
       4   0.779   -64.17608    0.05232    0.15696       4       3
       5   0.976   -64.17577    0.03753    0.03753       5       1
       6   1.245   -64.17534    0.02385    0.07155       6       3
       7   1.981   -64.17417    0.00690    0.02069       7       3
       8   1.986   -64.17416    0.00683    0.02050       8       3
       9   2.272   -64.17370    0.00422    0.01266       9       3
      10   2.286   -64.17368    0.00412    0.00412      10       1
      11   2.312   -64.17364    0.00394    0.01183      11       3
      12   2.359   -64.17357    0.00364    0.01093      12       3
      13   2.391   -64.17352    0.00345    0.01036      13       3
      14   2.719   -64.17299    0.00199    0.00596      14       3
      15   2.816   -64.17284    0.00168    0.00505      15       3
      16   2.925   -64.17266    0.00140    0.00280      16       2
      17   2.979   -64.17258    0.00128    0.00256      17       2
      18   3.232   -64.17217    0.00084    0.00250      18       3
      19   3.409   -64.17189    0.00062    0.00124      19       2
      20   3.452   -64.17182    0.00058    0.00173      20       3
      21   3.589   -64.17161    0.00046    0.00137      21       3
      22   3.712   -64.17141    0.00037    0.00037      22       1
      23   3.717   -64.17140    0.00037    0.00037      23       1
      24   3.737   -64.17137    0.00036    0.00107      24       3
      25   3.740   -64.17136    0.00035    0.00106      25       3
      26   4.065   -64.17085    0.00021    0.00041      26       2
      27   4.076   -64.17083    0.00020    0.00060      27       3
      28   4.138   -64.17073    0.00018    0.00018      28       1
      29   4.173   -64.17068    0.00017    0.00066      29       4
      30   4.207   -64.17062    0.00016    0.00016      30       1
      31   4.315   -64.17045    0.00013    0.00027      31       2
      32   4.463   -64.17021    0.00010    0.00031      32       3
      33   4.494   -64.17016    0.00010    0.00030      33       3
      34   4.496   -64.17016    0.00010    0.00030      34       3
      35   4.510   -64.17014    0.00010    0.00019      35       2
      36   4.592   -64.17001    0.00008    0.00025      36       3
      37   4.600   -64.17000    0.00008    0.00017      37       2
      38   4.601   -64.16999    0.00008    0.00008      38       1
      39   4.659   -64.16990    0.00008    0.00015      39       2
      40   4.701   -64.16983    0.00007    0.00021      40       3
      41   4.759   -64.16974    0.00006    0.00019      41       3
      42   4.843   -64.16961    0.00006    0.00011      42       2
      43   4.847   -64.16960    0.00005    0.00016      43       3
      44   4.856   -64.16959    0.00005    0.00005      44       1
      45   4.866   -64.16957    0.00005    0.00016      45       3
      46   4.878   -64.16955    0.00005    0.00016      46       3
      47   4.884   -64.16954    0.00005    0.00015      47       3
      48   4.885   -64.16954    0.00005    0.00005      48       1
      49   5.005   -64.16935    0.00004    0.00013      49       3
      50   5.184   -64.16906    0.00003    0.00003      50       1
      51   5.228   -64.16899    0.00003    0.00009      51       3
      52   5.295   -64.16889    0.00003    0.00008      52       3
      53   5.560   -64.16846    0.00002    0.00005      53       3
      54   5.562   -64.16846    0.00002    0.00005      54       3
      55   5.563   -64.16846    0.00002    0.00003      55       2
      56   5.597   -64.16841    0.00002    0.00005      56       3
      57   5.626   -64.16836    0.00001    0.00003      57       2
      58   5.724   -64.16820    0.00001    0.00004      58       3
      59   5.792   -64.16809    0.00001    0.00002      59       2
      60   5.836   -64.16802    0.00001    0.00001      60       1
      61   5.932   -64.16787    0.00001    0.00003      61       3
T /K                                  :   298.15
E lowest                              :   -64.17733
ensemble average energy (kcal)        :    0.802
ensemble entropy (J/mol K, cal/mol K) :   24.860    5.942
ensemble free energy (kcal/mol)       :   -1.772
population of lowest in %             :   19.461
 number of unique conformers for further calc           61
 list of relative energies saved as "crest.energies"
 compare nuclear equivalencies ...
::::::::::: conformer group all :::::::::::
 chemical equivalencies (mag.active nuclei):
reference atom  11 # : 3
 magnetic equivalencies:
reference atom  11 # : 3

******************************************************************************************
**                           ENSEMBLE ENTROPY CALCULATION                               **
******************************************************************************************
======================================================
 Containing 51 conformers :
     H(298.15K)-H(0) (conf)      0.582538
                   Cp(conf)      2.900807
                    S(conf)      3.735305
======================================================
 Containing 60 conformers :
     H(298.15K)-H(0) (conf)      0.624110
                   Cp(conf)      3.261219
                    S(conf)      3.930609
======================================================
 Containing 61 conformers :
     H(298.15K)-H(0) (conf)      0.622366
                   Cp(conf)      3.235247
                    S(conf)      3.923721
======================================================

 --------------------------------------
 FINAL CALCULATION OF MOLECULAR ENTROPY
 --------------------------------------

WARNING: Not enough blocks for extrapolation.
         Taking full ensemble entropy instead.

FINAL ENTROPY (max conf.)  :      3.93061

 ----------------------------------
 Frequency Calculation and Averages
 ----------------------------------
 Nconf on file      : 61
 Taken for Hessians : 6 (= 90.64% total population)
 T range  /K    :   278.15   378.15
 scaling factor :          1.000000     
 rotor cutoff   :         25.000000 cm⁻¹
 imag. cutoff   :        -50.000000 cm⁻¹

 Running 6 calculations ...
 |>16.7% |>33.3% |>50.0% |>66.7% |>83.3% |>100.0%
 done.
 calculating averages for G and S ...    done.
 calculating Boltzmann weights ...       done.
 calculating reference S (bhess) ... > bhess not implemented for calculator routines
    done.
 calculating δSrrho ...                  done.

 Coordinates for the bhess reference structure (Ångström):
 -----------------------------------------------------------
  33

 P          2.9493488025       -0.8182606897       -0.0611199229
 O          4.2346845280       -1.3777189042       -0.4829031361
 O          1.7721253819       -0.9923754672       -1.0822771295
 H          0.7147334721       -1.0043884792       -0.8317157670
 O          2.4752833512       -1.4728395440        1.3460364857
 H          1.6557774097       -1.2414840712        1.7818501364
 C          2.9488130403        0.9845496017        0.3270112569
 O          1.6086409585        1.2730267979        0.7377323930
 C          0.9677006346        2.3773029501        0.1403711669
 C          0.1255121085        3.0659190949        1.2123836132
 H         -0.5953427082        2.3646933395        1.6300518609
 H         -0.4024590534        3.9216068827        0.7935917533
 H          0.7810086967        3.4058568188        2.0126052148
 H          1.7239653726        3.0862377922       -0.2385279931
 C          0.1295173243        1.9341060584       -1.0863639668
 N         -1.1450894621        1.3454525966       -0.7114963551
 C         -1.4075767118        0.0420624875       -0.4266903746
 N         -0.6222886217       -1.0408016527       -0.4933012234
 C         -1.2134539972       -2.1878978766       -0.1590310437
 N         -2.4747218351       -2.3387295906        0.2163520694
 C         -3.2808428328       -1.2699465926        0.2761006029
 N         -4.5514727769       -1.4589345837        0.6798228382
 H         -4.8863110915       -2.4020387574        0.7570446971
 H         -5.2086936572       -0.7061220342        0.5859982107
 C         -2.7545957422       -0.0159311736       -0.0545424888
 N         -3.2934208890        1.2483956606       -0.1170765134
 C         -2.3213549911        2.0265946382       -0.5042768846
 H         -2.4062917133        3.0882169216       -0.6681473894
 H         -0.6017325545       -3.0835493366       -0.1999239251
 H          0.6953258766        1.1928929486       -1.6552192466
 H         -0.0729525531        2.7994767545       -1.7230133472
 H          3.6358884499        1.2317679227        1.1433796047
 H          3.2300839560        1.5793080044       -0.5484645678
 -----------------------------------------------------------
 as read from <coord>
 Heavy-atom RMSD between lowest conformer and this reference :
 RMSD(heavy) =        1.214160 Å

 msRRHO(bhess) reference entropies:
      278.15        135.533781
      288.15        137.999136
      298.15        140.449007
      308.15        142.883835
      318.15        145.303962
      328.15        147.709643
      338.15        150.101053
      348.15        152.478305
      358.15        154.841456
      368.15        157.190520
      378.15        159.525476

       T/K  |S(T)|/cal/molK       |G(T)|/Eh     G_lowest/Eh    (conf)
   -----------------------------------------------------------------
    278.15    0.136734E+03    0.200882E+00      -63.976775         1
    288.15    0.139217E+03    0.198708E+00      -63.978951         1
    298.15    0.141684E+03    0.196495E+00      -63.981166         1
    308.15    0.144134E+03    0.194242E+00      -63.983420         1
    318.15    0.146568E+03    0.191951E+00      -63.985713         1
    328.15    0.148987E+03    0.189621E+00      -63.988044         1
    338.15    0.151391E+03    0.187253E+00      -63.990414         1
    348.15    0.153779E+03    0.184846E+00      -63.992821         1
    358.15    0.156152E+03    0.182402E+00      -63.995267         1
    368.15    0.158510E+03    0.179919E+00      -63.997750         1
    378.15    0.160854E+03    0.177400E+00      -64.000270         1
   -----------------------------------------------------------------
   NOTE: if |G(T)| is the averaged contributrion to the free energy.
   |G(T)| used only for the higher-energetic structures (n > 6).
   All other structures use G(T) from the respective Hessian calculations.

 Quantities calculated on free energies:
       T/K          δSrrho           Cp(T)     [H(T)-H(0)]
   -------------------------------------------------------
    278.15    0.119992E+01    0.343530E+01        0.460084
    288.15    0.121812E+01    0.353980E+01        0.486001
    298.15    0.123487E+01    0.364396E+01        0.512377
    308.15    0.125030E+01    0.374677E+01        0.539221
    318.15    0.126448E+01    0.384729E+01        0.566536
    328.15    0.127753E+01    0.394466E+01        0.594314
    338.15    0.128951E+01    0.403810E+01        0.622541
    348.15    0.130052E+01    0.412694E+01        0.651198
    358.15    0.131061E+01    0.421060E+01        0.680255
    368.15    0.131986E+01    0.428859E+01        0.709682
    378.15    0.132833E+01    0.436055E+01        0.739442
   -------------------------------------------------------
   NOTE: δSrrho(T) = |S(T)| - Sref(T)

 ----------------------
 TEMPERATURE DEPENDENCE
 ----------------------

 Final CONFORMATIONAL quantities at given T:
       T/K        S(total)           Cp(T)     [H(T)-H(0)]        G(total)
   -----------------------------------------------------------------------
    278.15        4.911986        3.435303        0.460084       -0.906185
    288.15        5.040355        3.539799        0.486001       -0.966377
    298.15        5.165483        3.643956        0.512377       -1.027712
    308.15        5.287544        3.746769        0.539221       -1.090136
    318.15        5.406673        3.847292        0.566536       -1.153597
    328.15        5.522966        3.944663        0.594314       -1.218047
    338.15        5.636495        4.038105        0.622541       -1.283439
    348.15        5.747311        4.126942        0.651198       -1.349729
    358.15        5.855450        4.210596        0.680255       -1.416874
    368.15        5.960936        4.288590        0.709682       -1.484836
    378.15        6.063786        4.360549        0.739442       -1.553578
   -----------------------------------------------------------------------
   S and Cp in cal/mol*K; H and G in kcal/mol
   G(total) is the ensemble free energy (H-T*S) and S(total) = S(conf,extrapol.) + δSrrho

 ----------------------------------------------------
 |      FINAL MOLECULAR ENTROPY AT T= 298.15 K      |
 ----------------------------------------------------
     Sconf   =          3.930609
   + δSrrho  =          1.234874
 -----------------------------------------------------
 = S(total)  =          5.165483  (cal mol⁻¹ K⁻¹)

   H(T)-H(0) =          0.512377
   G         =         -1.540089   (-T*S)
 -----------------------------------------------------
 = G(total)  =         -1.027712  (H-T*S) (kcal mol⁻¹)

   Cp(total) =          3.643956  (cal mol⁻¹ K⁻¹)


 -----------------
 Wall Time Summary
 -----------------
 CREST runtime (total)               0 d,  0 h, 20 min,  4.522 sec
 ------------------------------------------------------------------
 Trial metadynamics (MTD)   ...        0 min,  6.681 sec (  0.555%)
 Metadynamics (MTD)         ...        3 min, 38.457 sec ( 18.136%)
 Geometry optimization      ...       10 min, 28.998 sec ( 52.220%)
 Static metadynamics (sMTD) ...        5 min, 40.593 sec ( 28.276%)
 Conf. entropy evaluation   ...        0 min,  8.963 sec (  0.744%)
 I/O and setup              ...        0 min,  0.829 sec (  0.069%)
 ------------------------------------------------------------------
 * wall-time:     0 d,  0 h, 20 min,  4.522 sec
 *  cpu-time:     0 d,  4 h, 38 min, 50.428 sec
 * ratio c/w:    13.890 speedup
 ------------------------------------------------------------------
 * Total number of energy+grad calls: 390657

 CREST terminated normally.
