  33
 Etot=         -64.1765223162
 P          2.9493488025       -0.8182606897       -0.0611199229
 O          4.2346845280       -1.3777189042       -0.4829031361
 O          1.7721253819       -0.9923754672       -1.0822771295
 H          0.7147334721       -1.0043884792       -0.8317157670
 O          2.4752833512       -1.4728395440        1.3460364857
 H          1.6557774097       -1.2414840712        1.7818501364
 C          2.9488130403        0.9845496017        0.3270112569
 O          1.6086409585        1.2730267979        0.7377323930
 C          0.9677006346        2.3773029501        0.1403711669
 C          0.1255121085        3.0659190949        1.2123836132
 H         -0.5953427082        2.3646933395        1.6300518609
 H         -0.4024590534        3.9216068827        0.7935917533
 H          0.7810086967        3.4058568188        2.0126052148
 H          1.7239653726        3.0862377922       -0.2385279931
 C          0.1295173243        1.9341060584       -1.0863639668
 N         -1.1450894621        1.3454525966       -0.7114963551
 C         -1.4075767118        0.0420624875       -0.4266903746
 N         -0.6222886217       -1.0408016527       -0.4933012234
 C         -1.2134539972       -2.1878978766       -0.1590310437
 N         -2.4747218351       -2.3387295906        0.2163520694
 C         -3.2808428328       -1.2699465926        0.2761006029
 N         -4.5514727769       -1.4589345837        0.6798228382
 H         -4.8863110915       -2.4020387574        0.7570446971
 H         -5.2086936572       -0.7061220342        0.5859982107
 C         -2.7545957422       -0.0159311736       -0.0545424888
 N         -3.2934208890        1.2483956606       -0.1170765134
 C         -2.3213549911        2.0265946382       -0.5042768846
 H         -2.4062917133        3.0882169216       -0.6681473894
 H         -0.6017325545       -3.0835493366       -0.1999239251
 H          0.6953258766        1.1928929486       -1.6552192466
 H         -0.0729525531        2.7994767545       -1.7230133472
 H          3.6358884499        1.2317679227        1.1433796047
 H          3.2300839560        1.5793080044       -0.5484645678
  33
 Etot=         -64.1765223246
 P          2.9493533330       -0.8182549020       -0.0611208159
 O          4.2346825061       -1.3777194809       -0.4829042800
 O          1.7721244049       -0.9923680550       -1.0822665354
 H          0.7147191641       -1.0043961430       -0.8317211082
 O          2.4752860622       -1.4728397997        1.3460372991
 H          1.6557786114       -1.2414856291        1.7818513674
 C          2.9488155580        0.9845623797        0.3270032128
 O          1.6086320972        1.2730340314        0.7377318418
 C          0.9676442369        2.3772827166        0.1403864287
 C          0.1255345215        3.0659461880        1.2124129543
 H         -0.5953198328        2.3646997020        1.6300331591
 H         -0.4024578365        3.9216018617        0.7935945045
 H          0.7809957191        3.4058632952        2.0126143666
 H          1.7239492773        3.0862307992       -0.2385258224
 C          0.1295353008        1.9341054746       -1.0864015249
 N         -1.1450775556        1.3454619560       -0.7114943762
 C         -1.4075719513        0.0420596400       -0.4266913301
 N         -0.6222776049       -1.0407881187       -0.4932998691
 C         -1.2134621360       -2.1878904160       -0.1590180658
 N         -2.4747305218       -2.3387199742        0.2163429296
 C         -3.2808234066       -1.2699547995        0.2760981473
 N         -4.5514812686       -1.4589446961        0.6798237463
 H         -4.8863111379       -2.4020366111        0.7570435568
 H         -5.2086930498       -0.7061214271        0.5859950524
 C         -2.7545921199       -0.0159310948       -0.0545367416
 N         -3.2934179764        1.2483887475       -0.1170940882
 C         -2.3213496542        2.0265861795       -0.5042533178
 H         -2.4062924572        3.0882180713       -0.6681467063
 H         -0.6017394184       -3.0835478784       -0.1999240665
 H          0.6953240797        1.1928830156       -1.6552322008
 H         -0.0729562362        2.7994710155       -1.7230117408
 H          3.6358979837        1.2317558875        1.1433814745
 H          3.2300894808        1.5792965816       -0.5484668222
