  40
 Etot=         -59.8795855139
 S          1.8064627639       -0.6495135739        1.3642420964
 C          3.0508596150       -1.7930061444        1.6719977664
 C          3.7031066252       -2.1678187245        0.5400786120
 C          3.1924993018       -1.5209962949       -0.6151260181
 C          2.1630010836       -0.6752529452       -0.3244967967
 C          1.4125944249        0.2036987569       -1.2886670234
 C          2.1501169464        1.5293283082       -1.5588148684
 H          3.0293217967        1.2990844841       -2.1673469611
 H          1.4867210840        2.1637250118       -2.1509796143
 C          2.6221243916        2.2747760150       -0.2967322949
 N          1.5526129682        2.7101719076        0.5920314005
 H          0.9435937781        1.9116797178        0.7708864050
 C          0.7358071781        3.7869792824        0.0326696292
 H          0.0107092090        4.0879595368        0.7899940355
 H          0.1983474184        3.4781132782       -0.8720541180
 H          1.3729987830        4.6408161971       -0.2035173788
 H          3.2833109867        1.6211706471        0.2824098080
 H          3.1999732472        3.1522933589       -0.6043598177
 O          0.1118305333        0.5253044447       -0.8037802384
 C         -0.8442678075       -0.4380177275       -0.6900659210
 C         -0.6585898156       -1.7579830547       -1.0328785449
 C         -1.7104186728       -2.6798041189       -0.8827877957
 C         -2.9282943498       -2.2909974636       -0.3946189537
 C         -3.1509865177       -0.9417181491       -0.0295763054
 C         -4.3945493124       -0.5020249181        0.4826648883
 C         -4.5868594445        0.8088227412        0.8317977195
 C         -3.5452523773        1.7423443935        0.6844591159
 C         -2.3295409253        1.3481192434        0.1901882639
 C         -2.1009844361        0.0030971372       -0.1772510164
 H         -1.5269195459        2.0659722653        0.0748058358
 H         -3.7117134409        2.7764472887        0.9649137047
 H         -5.5436261477        1.1356411439        1.2242730639
 H         -5.1961308603       -1.2245887884        0.5950834674
 H         -3.7333579772       -3.0080020000       -0.2795935354
 H         -1.5364973475       -3.7137246735       -1.1605248832
 H          0.2914793323       -2.1121570160       -1.4108787351
 H          1.3183816543       -0.3242314246       -2.2539411289
 H          3.5760666081       -1.6864868042       -1.6121738722
 H          4.5166823043       -2.8789467253        0.5135951388
 H          3.2323373427       -2.1343119080        2.6777494610
  40
 Etot=         -59.8795853911
 S          1.8067157272       -0.6491370827        1.3642948475
 C          3.0504734923       -1.7933325276        1.6720297812
 C          3.7036326825       -2.1671872635        0.5402884957
 C          3.1926132442       -1.5208796944       -0.6150604289
 C          2.1630471058       -0.6751907317       -0.3244854662
 C          1.4125200839        0.2036418619       -1.2886996269
 C          2.1500443407        1.5292812265       -1.5589096159
 H          3.0292029586        1.2990035252       -2.1675464264
 H          1.4866404659        2.1637554170       -2.1509952342
 C          2.6221206687        2.2746912396       -0.2968095183
 N          1.5527705590        2.7101390345        0.5920554377
 H          0.9436832057        1.9115951441        0.7708512026
 C          0.7358642841        3.7869263133        0.0327298027
 H          0.0108765814        4.0880039799        0.7901625685
 H          0.1984021032        3.4783209360       -0.8721317721
 H          1.3731300783        4.6406612033       -0.2035325677
 H          3.2832875011        1.6209847911        0.2823118891
 H          3.1998659405        3.1523295694       -0.6044157502
 O          0.1117597523        0.5253449793       -0.8038440740
 C         -0.8442998033       -0.4380032815       -0.6900722656
 C         -0.6586245074       -1.7579390789       -1.0329155120
 C         -1.7104496629       -2.6797530673       -0.8828941810
 C         -2.9283054712       -2.2909798182       -0.3946524862
 C         -3.1510276014       -0.9416805012       -0.0296693767
 C         -4.3944716071       -0.5020339915        0.4828413827
 C         -4.5867732865        0.8087429229        0.8319395797
 C         -3.5452646412        1.7422879403        0.6844515259
 C         -2.3295801793        1.3481070195        0.1901678402
 C         -2.1010407289        0.0031332810       -0.1773689242
 H         -1.5269467085        2.0659142901        0.0749281966
 H         -3.7117374125        2.7763972087        0.9649401728
 H         -5.5436069356        1.1356061065        1.2241799516
 H         -5.1960946051       -1.2245441822        0.5950885672
 H         -3.7333314837       -3.0080388635       -0.2794894519
 H         -1.5364938339       -3.7136936859       -1.1605567401
 H          0.2914224441       -2.1120852485       -1.4109738528
 H          1.3182573107       -0.3243310541       -2.2539732774
 H          3.5758780486       -1.6867726879       -1.6121939952
 H          4.5171999012       -2.8783355167        0.5138433312
 H          3.2315903871       -2.1349870074        2.6777605618
  40
 Etot=         -59.8795855417
 S          1.8063283865       -0.6495383757        1.3642135689
 C          3.0506858841       -1.7930525932        1.6720602133
 C          3.7033005297       -2.1675311382        0.5402308501
 C          3.1926364545       -1.5208485523       -0.6150463374
 C          2.1630181847       -0.6752131789       -0.3244972311
 C          1.4125551475        0.2036728657       -1.2887018515
 C          2.1500650584        1.5293151888       -1.5588955238
 H          3.0292198216        1.2990755950       -2.1675230107
 H          1.4866472183        2.1637622600       -2.1509862282
 C          2.6221580780        2.2747230618       -0.2968109876
 N          1.5527266780        2.7101032002        0.5920336504
 H          0.9436725386        1.9115906488        0.7708247210
 C          0.7359059434        3.7869501620        0.0327315096
 H          0.0109039367        4.0879880919        0.7901406252
 H          0.1983994498        3.4782542096       -0.8720464283
 H          1.3731614321        4.6407156287       -0.2035140734
 H          3.2833389226        1.6210472858        0.2822840924
 H          3.1999393002        3.1523101373       -0.6044205764
 O          0.1117804699        0.5253193766       -0.8038523280
 C         -0.8443085359       -0.4380077429       -0.6901190286
 C         -0.6586355765       -1.7579609006       -1.0329480330
 C         -1.7104542189       -2.6797838868       -0.8828573093
 C         -2.9283115976       -2.2909957669       -0.3946317228
 C         -3.1510133311       -0.9417079850       -0.0296228553
 C         -4.3945258350       -0.5020446072        0.4827317680
 C         -4.5868399703        0.8087754767        0.8318505881
 C         -3.5452710247        1.7423053935        0.6844703332
 C         -2.3295713540        1.3481061005        0.1901842621
 C         -2.1010259253        0.0031110309       -0.1773248430
 H         -1.5269540726        2.0659467080        0.0748556274
 H         -3.7117397125        2.7763995030        0.9649603387
 H         -5.5436045032        1.1355857735        1.2243058122
 H         -5.1960921709       -1.2246020401        0.5951574982
 H         -3.7333589745       -3.0080225751       -0.2795462313
 H         -1.5365264544       -3.7137087575       -1.1605782761
 H          0.2914215231       -2.1121248621       -1.4109716583
 H          1.3183389596       -0.3242913172       -2.2539688615
 H          3.5760806619       -1.6865542025       -1.6121230946
 H          4.5169537538       -2.8785818962        0.5138157421
 H          3.2319453226       -2.1345246141        2.6778098801
