
       ╔════════════════════════════════════════════════╗
       ║                                                ║
       ║     ██████╗██████╗ ███████╗███████╗████████╗   ║
       ║    ██╔════╝██╔══██╗██╔════╝██╔════╝╚══██╔══╝   ║
       ║    ██║     ██████╔╝█████╗  ███████╗   ██║      ║
       ║    ██║     ██╔══██╗██╔══╝  ╚════██║   ██║      ║
       ║    ╚██████╗██║  ██║███████╗███████║   ██║      ║
       ║     ╚═════╝╚═╝  ╚═╝╚══════╝╚══════╝   ╚═╝      ║
       ║                                                ║
       ║    Conformer-Rotamer Ensemble Sampling Tool    ║
       ║            based on the xTB methods            ║
       ║                                                ║
       ╚════════════════════════════════════════════════╝
        Version 3.0.2, Mon, 29 September 16:25:59, 09/29/2025
        commit (c39758d) compiled by 'andrey@PC1'

   Cite work conducted with this code as

   • P.Pracht, F.Bohle, S.Grimme, PCCP, 2020, 22, 7169-7192.
   • S.Grimme, JCTC, 2019, 15, 2847-2862.
   • P.Pracht, S.Grimme, C.Bannwarth, F.Bohle, S.Ehlert,
     G.Feldmann, J.Gorges, M.Müller, T.Neudecker, C.Plett,
     S.Spicher, P.Steinbach, P.Wesołowski, F.Zeller,
     J. Chem. Phys., 2024, 160, 114110.

   for works involving QCG cite

   • S.Spicher, C.Plett, P.Pracht, A.Hansen, S.Grimme,
     JCTC, 2022, 18 (5), 3174-3189.
   • C.Plett, S. Grimme,
     Angew. Chem. Int. Ed. 2023, 62, e202214477.

   for works involving MECP screening cite

   • P.Pracht, C.Bannwarth, JCTC, 2022, 18 (10), 6370-6385.

   Original code
     P.Pracht, S.Grimme, Universität Bonn, MCTC
   with help from (alphabetical order):
     C.Bannwarth, F.Bohle, S.Ehlert, G.Feldmann, J.Gorges,
     S.Grimme, C.Plett, P.Pracht, S.Spicher, P.Steinbach,
     P.Wesolowski, F.Zeller

   Online documentation is available at
   https://crest-lab.github.io/crest-docs/

   This program is distributed in the hope that it will be useful,
   but WITHOUT ANY WARRANTY; without even the implied warranty of
   MERCHANTABILITY or FITNESS FOR A PARTICULAR PURPOSE. See the
   GNU Lesser General Public License (LGPL) for more details.

 Command line input:
 $ ./crest m1_00_Ibuprofen_best.xyz --T 16 --entropy --gfn2 --chrg 0

  --T 16 (CPUs/Threads selected)
  --entropy : enhanced ensemble entropy calculation
  --gfn2               : Use of GFN2-xTB requested.
  --chrg 0

> Setting up backup calculator ... done.
 ----------------
 Calculation info
 ----------------
> User-defined calculation level:
 : xTB calculation via tblite lib
 : GFN2-xTB level
 :   Molecular charge    : 0
 :   Fermi temperature   : 300.00000
 :   Accuracy            : 1.00000
 :   max SCC cycles      : 500


 -----------------------------
 Initial Geometry Optimization
 -----------------------------
 Geometry successfully optimized.

          ┍━━━━━━━━━━━━━━━━━━━━━━━━━━━━━━━━━━━━━━━━━━━━━━━━━┑
          │              CREST ENTROPY SAMPLING             │
          ┕━━━━━━━━━━━━━━━━━━━━━━━━━━━━━━━━━━━━━━━━━━━━━━━━━┙

 please cite:
 • P.Pracht, S.Grimme, Chem. Sci., 2021, 12, 6551-6568.
 • J.Gorges, S.Grimme, A.Hansen, P.Pracht, PCCP, 2022,24, 12249-12259.

 Input structure:
  33

 O          3.8464179295        0.7471632364        1.2152718884
 C          3.4458857192        0.3919197714       -0.0131188417
 O          3.7238534406        1.0306242848       -0.9917040896
 C          2.5897254053       -0.8553503008        0.0222089222
 C          1.1530717925       -0.3975688766        0.1657908744
 C          0.5886037913        0.4620431522       -0.7690095697
 C         -0.7263217036        0.8664225824       -0.6439921496
 C         -1.5131635116        0.4255992278        0.4141177053
 C         -0.9418344841       -0.4270641695        1.3487401150
 C          0.3760229343       -0.8314390910        1.2296591441
 H          0.8017070793       -1.4928896492        1.9708026535
 H         -1.5324612007       -0.7780945733        2.1829334186
 C         -2.9503483475        0.8445675081        0.5160376920
 H         -3.3196768994        0.6665288698        1.5280413477
 H         -3.0304627777        1.9143174859        0.3078354234
 C         -3.8397735090        0.0822226671       -0.4816514841
 C         -5.2591969828        0.6428454082       -0.4534828893
 H         -5.2628756582        1.7005139432       -0.7080356229
 H         -5.6930880185        0.5271307503        0.5377704703
 H         -5.8903480299        0.1172165878       -1.1665335087
 C         -3.8502456244       -1.4107500308       -0.1671046931
 H         -2.8422694528       -1.8174401036       -0.2040386328
 H         -4.4641535817       -1.9465461042       -0.8876628820
 H         -4.2576471568       -1.5861430471        0.8266712603
 H         -3.4259754752        0.2224519680       -1.4864196439
 H         -1.1488686744        1.5399029816       -1.3760169130
 H          1.1879000859        0.8257293855       -1.5902456858
 C          2.7862715309       -1.6885091552       -1.2443697616
 H          3.7958707033       -2.0914086208       -1.2792804374
 H          2.0764344071       -2.5117996751       -1.2608682222
 H          2.6325873501       -1.0709301764       -2.1247729787
 H          2.8688390757       -1.4319353241        0.9080250969
 H          4.3526848907        1.5744081457        1.1815777869

 ------------------------------------------------
 Generating MTD length from a flexibility measure
 ------------------------------------------------
 Calculating GFN0-xTB WBOs   ... done.
 Calculating NCI flexibility ... done.
     covalent flexibility measure :   0.278
 non-covalent flexibility measure :   0.764
 flexibility measure :   0.341
 t(MTD) / ps    :    12.0
 Σ(t(MTD)) / ps :   288.0 (24 MTDs)

 -----------------------------------
 Starting trial MTD to test settings
 -----------------------------------
 Trial MTD 1 runtime (1.0 ps) ...        0 min,  2.735 sec
 Estimated runtime for one MTD (12.0 ps) on a single thread: 33 sec
 Estimated runtime for a batch of 24 MTDs on 16 threads: 1 min 6 sec

********************************************************************************
**                    N E W   I T E R A T I O N  C Y C L E                    **
********************************************************************************

 ------------------------------
 Meta-Dynamics Iteration 1
 ------------------------------
 list of applied metadynamics Vbias parameters:
$metadyn    0.24750   1.618
$metadyn    0.12375   1.618
$metadyn    0.06187   1.618
$metadyn    0.03094   1.618
$metadyn    0.24750   1.000
$metadyn    0.12375   1.000
$metadyn    0.06187   1.000
$metadyn    0.03094   1.000
$metadyn    0.24750   0.618
$metadyn    0.12375   0.618
$metadyn    0.06187   0.618
$metadyn    0.03094   0.618
$metadyn    0.24750   0.382
$metadyn    0.12375   0.382
$metadyn    0.06187   0.382
$metadyn    0.03094   0.382
$metadyn    0.24750   0.236
$metadyn    0.12375   0.236
$metadyn    0.06187   0.236
$metadyn    0.03094   0.236
$metadyn    0.24750   0.146
$metadyn    0.12375   0.146
$metadyn    0.06187   0.146
$metadyn    0.03094   0.146

  ::::::::::::: starting MTD   19 :::::::::::::
  |   MD simulation time   :    12.0 ps       |
  |   target T             :   300.0 K        |
  |   timestep dt          :     5.0 fs       |
  |   dump interval(trj)   :   100.0 fs       |
  |   SHAKE algorithm      : true (all bonds) |
  |   dump interval(Vbias) :    1.00 ps       |
  |   Vbias prefactor (k)  :  0.0619 Eh       |
  |   Vbias exponent (α)   :  0.2361 bohr⁻²   |
  ::::::::::::: starting MTD    1 :::::::::::::
  |   MD simulation time   :    12.0 ps       |
  |   target T             :   300.0 K        |
  |   timestep dt          :     5.0 fs       |
  |   dump interval(trj)   :   100.0 fs       |
  |   SHAKE algorithm      : true (all bonds) |
  |   dump interval(Vbias) :    1.00 ps       |
  |   Vbias prefactor (k)  :  0.2475 Eh       |
  |   Vbias exponent (α)   :  1.6180 bohr⁻²   |
  ::::::::::::: starting MTD   11 :::::::::::::
  |   MD simulation time   :    12.0 ps       |
  |   target T             :   300.0 K        |
  |   timestep dt          :     5.0 fs       |
  |   dump interval(trj)   :   100.0 fs       |
  |   SHAKE algorithm      : true (all bonds) |
  |   dump interval(Vbias) :    1.00 ps       |
  |   Vbias prefactor (k)  :  0.0619 Eh       |
  |   Vbias exponent (α)   :  0.6180 bohr⁻²   |
  ::::::::::::: starting MTD    9 :::::::::::::
  |   MD simulation time   :    12.0 ps       |
  |   target T             :   300.0 K        |
  |   timestep dt          :     5.0 fs       |
  |   dump interval(trj)   :   100.0 fs       |
  |   SHAKE algorithm      : true (all bonds) |
  |   dump interval(Vbias) :    1.00 ps       |
  |   Vbias prefactor (k)  :  0.2475 Eh       |
  |   Vbias exponent (α)   :  0.6180 bohr⁻²   |
  ::::::::::::: starting MTD   21 :::::::::::::
  |   MD simulation time   :    12.0 ps       |
  |   target T             :   300.0 K        |
  |   timestep dt          :     5.0 fs       |
  |   dump interval(trj)   :   100.0 fs       |
  |   SHAKE algorithm      : true (all bonds) |
  |   dump interval(Vbias) :    1.00 ps       |
  |   Vbias prefactor (k)  :  0.2475 Eh       |
  |   Vbias exponent (α)   :  0.1459 bohr⁻²   |
  ::::::::::::: starting MTD    7 :::::::::::::
  |   MD simulation time   :    12.0 ps       |
  |   target T             :   300.0 K        |
  |   timestep dt          :     5.0 fs       |
  |   dump interval(trj)   :   100.0 fs       |
  |   SHAKE algorithm      : true (all bonds) |
  |   dump interval(Vbias) :    1.00 ps       |
  |   Vbias prefactor (k)  :  0.0619 Eh       |
  |   Vbias exponent (α)   :  1.0000 bohr⁻²   |
  ::::::::::::: starting MTD    3 :::::::::::::
  |   MD simulation time   :    12.0 ps       |
  |   target T             :   300.0 K        |
  |   timestep dt          :     5.0 fs       |
  |   dump interval(trj)   :   100.0 fs       |
  |   SHAKE algorithm      : true (all bonds) |
  |   dump interval(Vbias) :    1.00 ps       |
  |   Vbias prefactor (k)  :  0.0619 Eh       |
  |   Vbias exponent (α)   :  1.6180 bohr⁻²   |
  ::::::::::::: starting MTD   22 :::::::::::::
  |   MD simulation time   :    12.0 ps       |
  |   target T             :   300.0 K        |
  |   timestep dt          :     5.0 fs       |
  |   dump interval(trj)   :   100.0 fs       |
  |   SHAKE algorithm      : true (all bonds) |
  |   dump interval(Vbias) :    1.00 ps       |
  |   Vbias prefactor (k)  :  0.1237 Eh       |
  |   Vbias exponent (α)   :  0.1459 bohr⁻²   |
  ::::::::::::: starting MTD   20 :::::::::::::
  |   MD simulation time   :    12.0 ps       |
  |   target T             :   300.0 K        |
  |   timestep dt          :     5.0 fs       |
  |   dump interval(trj)   :   100.0 fs       |
  |   SHAKE algorithm      : true (all bonds) |
  |   dump interval(Vbias) :    1.00 ps       |
  |   Vbias prefactor (k)  :  0.0309 Eh       |
  |   Vbias exponent (α)   :  0.2361 bohr⁻²   |
  ::::::::::::: starting MTD   17 :::::::::::::
  |   MD simulation time   :    12.0 ps       |
  |   target T             :   300.0 K        |
  |   timestep dt          :     5.0 fs       |
  |   dump interval(trj)   :   100.0 fs       |
  |   SHAKE algorithm      : true (all bonds) |
  |   dump interval(Vbias) :    1.00 ps       |
  |   Vbias prefactor (k)  :  0.2475 Eh       |
  |   Vbias exponent (α)   :  0.2361 bohr⁻²   |
  ::::::::::::: starting MTD   23 :::::::::::::
  |   MD simulation time   :    12.0 ps       |
  |   target T             :   300.0 K        |
  |   timestep dt          :     5.0 fs       |
  |   dump interval(trj)   :   100.0 fs       |
  |   SHAKE algorithm      : true (all bonds) |
  |   dump interval(Vbias) :    1.00 ps       |
  |   Vbias prefactor (k)  :  0.0619 Eh       |
  |   Vbias exponent (α)   :  0.1459 bohr⁻²   |
  ::::::::::::: starting MTD    5 :::::::::::::
  |   MD simulation time   :    12.0 ps       |
  |   target T             :   300.0 K        |
  |   timestep dt          :     5.0 fs       |
  |   dump interval(trj)   :   100.0 fs       |
  |   SHAKE algorithm      : true (all bonds) |
  |   dump interval(Vbias) :    1.00 ps       |
  |   Vbias prefactor (k)  :  0.2475 Eh       |
  |   Vbias exponent (α)   :  1.0000 bohr⁻²   |
  ::::::::::::: starting MTD   15 :::::::::::::
  |   MD simulation time   :    12.0 ps       |
  |   target T             :   300.0 K        |
  |   timestep dt          :     5.0 fs       |
  |   dump interval(trj)   :   100.0 fs       |
  |   SHAKE algorithm      : true (all bonds) |
  |   dump interval(Vbias) :    1.00 ps       |
  |   Vbias prefactor (k)  :  0.0619 Eh       |
  |   Vbias exponent (α)   :  0.3820 bohr⁻²   |
  ::::::::::::: starting MTD   18 :::::::::::::
  |   MD simulation time   :    12.0 ps       |
  |   target T             :   300.0 K        |
  |   timestep dt          :     5.0 fs       |
  |   dump interval(trj)   :   100.0 fs       |
  |   SHAKE algorithm      : true (all bonds) |
  |   dump interval(Vbias) :    1.00 ps       |
  |   Vbias prefactor (k)  :  0.1237 Eh       |
  |   Vbias exponent (α)   :  0.2361 bohr⁻²   |
  ::::::::::::: starting MTD   13 :::::::::::::
  |   MD simulation time   :    12.0 ps       |
  |   target T             :   300.0 K        |
  |   timestep dt          :     5.0 fs       |
  |   dump interval(trj)   :   100.0 fs       |
  |   SHAKE algorithm      : true (all bonds) |
  |   dump interval(Vbias) :    1.00 ps       |
  |   Vbias prefactor (k)  :  0.2475 Eh       |
  |   Vbias exponent (α)   :  0.3820 bohr⁻²   |
  ::::::::::::: starting MTD   24 :::::::::::::
  |   MD simulation time   :    12.0 ps       |
  |   target T             :   300.0 K        |
  |   timestep dt          :     5.0 fs       |
  |   dump interval(trj)   :   100.0 fs       |
  |   SHAKE algorithm      : true (all bonds) |
  |   dump interval(Vbias) :    1.00 ps       |
  |   Vbias prefactor (k)  :  0.0309 Eh       |
  |   Vbias exponent (α)   :  0.1459 bohr⁻²   |
*MTD   1 completed successfully ...        1 min,  7.017 sec
  ::::::::::::: starting MTD    2 :::::::::::::
  |   MD simulation time   :    12.0 ps       |
  |   target T             :   300.0 K        |
  |   timestep dt          :     5.0 fs       |
  |   dump interval(trj)   :   100.0 fs       |
  |   SHAKE algorithm      : true (all bonds) |
  |   dump interval(Vbias) :    1.00 ps       |
  |   Vbias prefactor (k)  :  0.1237 Eh       |
  |   Vbias exponent (α)   :  1.6180 bohr⁻²   |
*MTD   7 completed successfully ...        1 min,  7.122 sec
  ::::::::::::: starting MTD    8 :::::::::::::
  |   MD simulation time   :    12.0 ps       |
  |   target T             :   300.0 K        |
  |   timestep dt          :     5.0 fs       |
  |   dump interval(trj)   :   100.0 fs       |
  |   SHAKE algorithm      : true (all bonds) |
  |   dump interval(Vbias) :    1.00 ps       |
  |   Vbias prefactor (k)  :  0.0309 Eh       |
  |   Vbias exponent (α)   :  1.0000 bohr⁻²   |
*MTD  24 completed successfully ...        1 min,  7.438 sec
*MTD  11 completed successfully ...        1 min,  7.662 sec
  ::::::::::::: starting MTD   12 :::::::::::::
  |   MD simulation time   :    12.0 ps       |
  |   target T             :   300.0 K        |
  |   timestep dt          :     5.0 fs       |
  |   dump interval(trj)   :   100.0 fs       |
  |   SHAKE algorithm      : true (all bonds) |
  |   dump interval(Vbias) :    1.00 ps       |
  |   Vbias prefactor (k)  :  0.0309 Eh       |
  |   Vbias exponent (α)   :  0.6180 bohr⁻²   |
*MTD  20 completed successfully ...        1 min,  7.791 sec
*MTD   5 completed successfully ...        1 min,  7.890 sec
  ::::::::::::: starting MTD    6 :::::::::::::
  |   MD simulation time   :    12.0 ps       |
  |   target T             :   300.0 K        |
  |   timestep dt          :     5.0 fs       |
  |   dump interval(trj)   :   100.0 fs       |
  |   SHAKE algorithm      : true (all bonds) |
  |   dump interval(Vbias) :    1.00 ps       |
  |   Vbias prefactor (k)  :  0.1237 Eh       |
  |   Vbias exponent (α)   :  1.0000 bohr⁻²   |
*MTD  15 completed successfully ...        1 min,  7.915 sec
  ::::::::::::: starting MTD   16 :::::::::::::
  |   MD simulation time   :    12.0 ps       |
  |   target T             :   300.0 K        |
  |   timestep dt          :     5.0 fs       |
  |   dump interval(trj)   :   100.0 fs       |
  |   SHAKE algorithm      : true (all bonds) |
  |   dump interval(Vbias) :    1.00 ps       |
  |   Vbias prefactor (k)  :  0.0309 Eh       |
  |   Vbias exponent (α)   :  0.3820 bohr⁻²   |
*MTD   3 completed successfully ...        1 min,  7.951 sec
  ::::::::::::: starting MTD    4 :::::::::::::
  |   MD simulation time   :    12.0 ps       |
  |   target T             :   300.0 K        |
  |   timestep dt          :     5.0 fs       |
  |   dump interval(trj)   :   100.0 fs       |
  |   SHAKE algorithm      : true (all bonds) |
  |   dump interval(Vbias) :    1.00 ps       |
  |   Vbias prefactor (k)  :  0.0309 Eh       |
  |   Vbias exponent (α)   :  1.6180 bohr⁻²   |
*MTD   9 completed successfully ...        1 min,  8.226 sec
  ::::::::::::: starting MTD   10 :::::::::::::
  |   MD simulation time   :    12.0 ps       |
  |   target T             :   300.0 K        |
  |   timestep dt          :     5.0 fs       |
  |   dump interval(trj)   :   100.0 fs       |
  |   SHAKE algorithm      : true (all bonds) |
  |   dump interval(Vbias) :    1.00 ps       |
  |   Vbias prefactor (k)  :  0.1237 Eh       |
  |   Vbias exponent (α)   :  0.6180 bohr⁻²   |
*MTD  19 completed successfully ...        1 min,  8.252 sec
*MTD  18 completed successfully ...        1 min,  8.321 sec
*MTD  23 completed successfully ...        1 min,  8.507 sec
*MTD  13 completed successfully ...        1 min,  8.937 sec
  ::::::::::::: starting MTD   14 :::::::::::::
  |   MD simulation time   :    12.0 ps       |
  |   target T             :   300.0 K        |
  |   timestep dt          :     5.0 fs       |
  |   dump interval(trj)   :   100.0 fs       |
  |   SHAKE algorithm      : true (all bonds) |
  |   dump interval(Vbias) :    1.00 ps       |
  |   Vbias prefactor (k)  :  0.1237 Eh       |
  |   Vbias exponent (α)   :  0.3820 bohr⁻²   |
*MTD  22 completed successfully ...        1 min,  9.495 sec
*MTD  17 completed successfully ...        1 min,  9.653 sec
*MTD  21 completed successfully ...        1 min, 10.065 sec
*MTD   6 completed successfully ...        0 min, 36.290 sec
*MTD   2 completed successfully ...        0 min, 37.290 sec
*MTD   8 completed successfully ...        0 min, 37.285 sec
*MTD  16 completed successfully ...        0 min, 36.740 sec
*MTD  12 completed successfully ...        0 min, 37.035 sec
*MTD   4 completed successfully ...        0 min, 36.829 sec
*MTD  10 completed successfully ...        0 min, 36.566 sec
*MTD  14 completed successfully ...        0 min, 36.700 sec

 ======================================
 |  Multilevel Ensemble Optimization  |
 ======================================
 Optimizing all 2856 structures from file "crest_dynamics.trj" ...
 ----------------------
 crude pre-optimization
 ----------------------
 Optimization engine: ANCOPT
 Hessian update type: BFGS
 E/G convergence criteria:  0.500E-03 Eh, 0.100E-01 Eh/a0
 maximum optimization steps: 200
 |>0.0% |>7.5% |>15.0% |>22.5% |>30.0% |>37.5% |>45.0% |>52.5% |>60.0% |>67.5% |>75.0% |>82.5% |>90.0% |>97.5% |>100.0%
 done.
> 2856 of 2856 structures successfully optimized (100.0% success)
> Total runtime for 2856 optimizations:
 * wall-time:     0 d,  0 h,  1 min,  9.463 sec
 *  cpu-time:     0 d,  0 h, 17 min, 33.638 sec
 * ratio c/w:    15.168 speedup
> Corresponding to approximately 0.024 sec per processed structure

CREGEN> running RMSDs ... done.
CREGEN> E lowest :   -45.17169
 2667 structures remain within    12.00 kcal/mol window
 ----------------------------------
 optimization with tight thresholds
 ----------------------------------
 Optimization engine: ANCOPT
 Hessian update type: BFGS
 E/G convergence criteria:  0.100E-05 Eh, 0.800E-03 Eh/a0
 maximum optimization steps: 200
 |>0.0% |>7.5% |>15.0% |>22.5% |>30.0% |>37.5% |>45.0% |>52.5% |>60.0% |>67.5% |>75.0% |>82.5% |>90.0% |>97.5% |>100.0%
 done.
> 2667 of 2667 structures successfully optimized (100.0% success)
> Total runtime for 2667 optimizations:
 * wall-time:     0 d,  0 h,  3 min,  1.631 sec
 *  cpu-time:     0 d,  0 h, 46 min, 23.515 sec
 * ratio c/w:    15.325 speedup
> Corresponding to approximately 0.068 sec per processed structure

CREGEN> running RMSDs ... done.
CREGEN> E lowest :   -45.17192
 530 structures remain within     6.00 kcal/mol window

========================================
           MTD Simulations done         
========================================
 Collecting ensmbles.
CREGEN> running RMSDs ... done.
CREGEN> E lowest :   -45.17192
 530 structures remain within     6.00 kcal/mol window
     H(298.15K)-H(0) (conf)      0.232491
                   Cp(conf)      0.668327
                    S(conf)      4.519189

********************************************************************************
**                     I T E R A T I O N    C Y C L E      1                  **
********************************************************************************
 -------------------------------------------
 determining bias structures via PCA/k-Means
 -------------------------------------------

 4 structures were selected
 done.

 -----------------------------------------------
 determining MTD seed structures via PCA/k-Means
 -----------------------------------------------

 13 structures were selected
 done.


 ===========================================================
 Static MTDs (umbrella sampling) on 13 selected conformer(s)
 ===========================================================
> Using 4 constant RMSD bias potentials per MTD
  :::::::::: starting static MTD   1 ::::::::::
  |   MD simulation time   :     6.0 ps       |
  |   target T             :   400.0 K        |
  |   timestep dt          :     5.0 fs       |
  |   dump interval(trj)   :   100.0 fs       |
  |   SHAKE algorithm      : true (all bonds) |
  |   Vbias prefactor (k)  :  0.0017 Eh       |
  |   Vbias exponent (α)   :  1.0000 bohr⁻²   |
  :::::::::: starting static MTD   5 ::::::::::
  |   MD simulation time   :     6.0 ps       |
  |   target T             :   400.0 K        |
  |   timestep dt          :     5.0 fs       |
  |   dump interval(trj)   :   100.0 fs       |
  |   SHAKE algorithm      : true (all bonds) |
  |   Vbias prefactor (k)  :  0.0017 Eh       |
  |   Vbias exponent (α)   :  1.0000 bohr⁻²   |
  :::::::::: starting static MTD   8 ::::::::::
  |   MD simulation time   :     6.0 ps       |
  |   target T             :   400.0 K        |
  |   timestep dt          :     5.0 fs       |
  |   dump interval(trj)   :   100.0 fs       |
  |   SHAKE algorithm      : true (all bonds) |
  |   Vbias prefactor (k)  :  0.0017 Eh       |
  |   Vbias exponent (α)   :  1.0000 bohr⁻²   |
  :::::::::: starting static MTD   6 ::::::::::
  |   MD simulation time   :     6.0 ps       |
  |   target T             :   400.0 K        |
  |   timestep dt          :     5.0 fs       |
  |   dump interval(trj)   :   100.0 fs       |
  |   SHAKE algorithm      : true (all bonds) |
  |   Vbias prefactor (k)  :  0.0017 Eh       |
  |   Vbias exponent (α)   :  1.0000 bohr⁻²   |
  :::::::::: starting static MTD   3 ::::::::::
  |   MD simulation time   :     6.0 ps       |
  |   target T             :   400.0 K        |
  |   timestep dt          :     5.0 fs       |
  |   dump interval(trj)   :   100.0 fs       |
  |   SHAKE algorithm      : true (all bonds) |
  |   Vbias prefactor (k)  :  0.0017 Eh       |
  |   Vbias exponent (α)   :  1.0000 bohr⁻²   |
  :::::::::: starting static MTD  13 ::::::::::
  |   MD simulation time   :     6.0 ps       |
  |   target T             :   400.0 K        |
  |   timestep dt          :     5.0 fs       |
  |   dump interval(trj)   :   100.0 fs       |
  |   SHAKE algorithm      : true (all bonds) |
  |   Vbias prefactor (k)  :  0.0017 Eh       |
  |   Vbias exponent (α)   :  1.0000 bohr⁻²   |
  :::::::::: starting static MTD  10 ::::::::::
  |   MD simulation time   :     6.0 ps       |
  |   target T             :   400.0 K        |
  |   timestep dt          :     5.0 fs       |
  |   dump interval(trj)   :   100.0 fs       |
  |   SHAKE algorithm      : true (all bonds) |
  |   Vbias prefactor (k)  :  0.0017 Eh       |
  |   Vbias exponent (α)   :  1.0000 bohr⁻²   |
  :::::::::: starting static MTD   7 ::::::::::
  |   MD simulation time   :     6.0 ps       |
  |   target T             :   400.0 K        |
  |   timestep dt          :     5.0 fs       |
  |   dump interval(trj)   :   100.0 fs       |
  |   SHAKE algorithm      : true (all bonds) |
  |   Vbias prefactor (k)  :  0.0017 Eh       |
  |   Vbias exponent (α)   :  1.0000 bohr⁻²   |
  :::::::::: starting static MTD  11 ::::::::::
  |   MD simulation time   :     6.0 ps       |
  |   target T             :   400.0 K        |
  |   timestep dt          :     5.0 fs       |
  |   dump interval(trj)   :   100.0 fs       |
  |   SHAKE algorithm      : true (all bonds) |
  |   Vbias prefactor (k)  :  0.0017 Eh       |
  |   Vbias exponent (α)   :  1.0000 bohr⁻²   |
  :::::::::: starting static MTD   9 ::::::::::
  |   MD simulation time   :     6.0 ps       |
  |   target T             :   400.0 K        |
  |   timestep dt          :     5.0 fs       |
  |   dump interval(trj)   :   100.0 fs       |
  |   SHAKE algorithm      : true (all bonds) |
  |   Vbias prefactor (k)  :  0.0017 Eh       |
  |   Vbias exponent (α)   :  1.0000 bohr⁻²   |
  :::::::::: starting static MTD  12 ::::::::::
  |   MD simulation time   :     6.0 ps       |
  |   target T             :   400.0 K        |
  |   timestep dt          :     5.0 fs       |
  |   dump interval(trj)   :   100.0 fs       |
  |   SHAKE algorithm      : true (all bonds) |
  |   Vbias prefactor (k)  :  0.0017 Eh       |
  |   Vbias exponent (α)   :  1.0000 bohr⁻²   |
  :::::::::: starting static MTD   2 ::::::::::
  |   MD simulation time   :     6.0 ps       |
  |   target T             :   400.0 K        |
  |   timestep dt          :     5.0 fs       |
  |   dump interval(trj)   :   100.0 fs       |
  |   SHAKE algorithm      : true (all bonds) |
  |   Vbias prefactor (k)  :  0.0017 Eh       |
  |   Vbias exponent (α)   :  1.0000 bohr⁻²   |
  :::::::::: starting static MTD   4 ::::::::::
  |   MD simulation time   :     6.0 ps       |
  |   target T             :   400.0 K        |
  |   timestep dt          :     5.0 fs       |
  |   dump interval(trj)   :   100.0 fs       |
  |   SHAKE algorithm      : true (all bonds) |
  |   Vbias prefactor (k)  :  0.0017 Eh       |
  |   Vbias exponent (α)   :  1.0000 bohr⁻²   |
*sMTD   2 completed successfully ...        0 min, 27.261 sec
*sMTD   1 completed successfully ...        0 min, 27.360 sec
*sMTD   3 completed successfully ...        0 min, 27.373 sec
*sMTD  13 completed successfully ...        0 min, 27.399 sec
*sMTD  10 completed successfully ...        0 min, 27.426 sec
*sMTD   7 completed successfully ...        0 min, 27.459 sec
*sMTD   8 completed successfully ...        0 min, 27.511 sec
*sMTD   6 completed successfully ...        0 min, 27.543 sec
*sMTD   4 completed successfully ...        0 min, 27.554 sec
*sMTD  12 completed successfully ...        0 min, 27.575 sec
*sMTD   5 completed successfully ...        0 min, 27.577 sec
*sMTD  11 completed successfully ...        0 min, 27.594 sec
*sMTD   9 completed successfully ...        0 min, 27.639 sec

 ======================================
 |  Multilevel Ensemble Optimization  |
 ======================================
 Optimizing all 767 structures from file "crest_rotamers_0.xyz" ...
 ----------------------
 crude pre-optimization
 ----------------------
 Optimization engine: ANCOPT
 Hessian update type: BFGS
 E/G convergence criteria:  0.500E-03 Eh, 0.100E-01 Eh/a0
 maximum optimization steps: 200
 |>0.1% |>10.0% |>20.1% |>30.1% |>40.0% |>50.1% |>60.1% |>70.0% |>80.1% |>90.1% |>100.0%
 done.
> 767 of 767 structures successfully optimized (100.0% success)
> Total runtime for 767 optimizations:
 * wall-time:     0 d,  0 h,  0 min, 11.939 sec
 *  cpu-time:     0 d,  0 h,  2 min, 58.485 sec
 * ratio c/w:    14.950 speedup
> Corresponding to approximately 0.016 sec per processed structure

CREGEN> running RMSDs ... done.
CREGEN> E lowest :   -45.17164
 633 structures remain within    12.00 kcal/mol window
 ---------------------------------------
 optimization with very tight thresholds
 ---------------------------------------
 Optimization engine: ANCOPT
 Hessian update type: BFGS
 E/G convergence criteria:  0.100E-06 Eh, 0.200E-03 Eh/a0
 maximum optimization steps: 200
 |>0.2% |>10.1% |>20.1% |>30.0% |>40.1% |>50.1% |>60.0% |>70.1% |>80.1% |>90.0% |>100.0%
 done.
> 633 of 633 structures successfully optimized (100.0% success)
> Total runtime for 633 optimizations:
 * wall-time:     0 d,  0 h,  0 min, 41.462 sec
 *  cpu-time:     0 d,  0 h, 10 min, 31.962 sec
 * ratio c/w:    15.242 speedup
> Corresponding to approximately 0.066 sec per processed structure

CREGEN> running RMSDs ... done.
CREGEN> E lowest :   -45.17192
 69 structures remain within     6.00 kcal/mol window
CREGEN> running RMSDs ... done.
CREGEN> E lowest :   -45.17192

 Static MTD simulation iteration 1 finished
 A total of 13 conformers (+ 0.00%) in crest_conformers.xyz
 S(approx.) =    4.520132 cal/molK (dS = 0.01%)
 Convergence w.r.t. conformers: T
 Convergence w.r.t. entropy   : T

     H(298.15K)-H(0) (conf)      0.232765
                   Cp(conf)      0.667827
                    S(conf)      4.519475


 --------------------------
 Final Ensemble Information
 --------------------------
 input  file name : crest_rotamers_2.xyz
 output file name : crest_rotamers_3.xyz
 number of atoms                :   33
 number of points on xyz files  :   599
 RMSD threshold                 :   0.1250
 Bconst threshold               :   0.0100
 population threshold           :   0.0500
 # fragment in coord            :     1
 # bonds in reference structure :    33
 number of reliable points      :   599
 sorting energy window (EWIN)   :    6.0000 / kcal*mol⁻¹
 reference state Etot           :  -45.171917290000003
 number of doubles removed by rot/RMSD         :          60
 total number unique points considered further :         539
       Erel/kcal        Etot weight/tot  conformer     set   degen     origin
       1   0.000   -45.17192    0.00341    0.16346       1      48
       2   0.003   -45.17191    0.00340    0.15620       2      46
       3   0.011   -45.17190    0.00335    0.16358       3      49
       4   0.016   -45.17189    0.00333    0.16921       4      51
       5   0.451   -45.17120    0.00160    0.06687       5      42
       6   0.473   -45.17116    0.00154    0.07820       6      51
       7   0.734   -45.17075    0.00099    0.04046       7      41
       8   0.742   -45.17073    0.00098    0.04185       8      43
       9   0.747   -45.17073    0.00097    0.05406       9      56
      10   0.748   -45.17072    0.00097    0.02893      10      30
      11   1.180   -45.17004    0.00047    0.01816      11      39
      12   1.197   -45.17001    0.00045    0.01901      12      42
      13   3.905   -45.16569    0.00000    0.00000      13       1
T /K                                  :   298.15
E lowest                              :   -45.17192
ensemble average energy (kcal)        :    0.240
ensemble entropy (J/mol K, cal/mol K) :   50.597   12.093
ensemble free energy (kcal/mol)       :   -3.606
population of lowest in %             :   16.346
 number of unique conformers for further calc           13
 list of relative energies saved as "crest.energies"
 compare nuclear equivalencies ...
::::::::::: conformer group all :::::::::::
 chemical equivalencies (mag.active nuclei):
reference atom  11 # : 2
reference atom  12 # : 2
reference atom  18 # : 3
reference atom  22 # : 3
reference atom  29 # : 3
 magnetic equivalencies:
reference atom  18 # : 3
reference atom  22 # : 3
reference atom  29 # : 3

******************************************************************************************
**                           ENSEMBLE ENTROPY CALCULATION                               **
******************************************************************************************
======================================================
 Containing 13 conformers :
     H(298.15K)-H(0) (conf)      0.232491
                   Cp(conf)      0.668327
                    S(conf)      4.519189
======================================================
 Containing 13 conformers :
     H(298.15K)-H(0) (conf)      0.232765
                   Cp(conf)      0.667827
                    S(conf)      4.519475
======================================================

 --------------------------------------
 FINAL CALCULATION OF MOLECULAR ENTROPY
 --------------------------------------

WARNING: Not enough blocks for extrapolation.
         Taking full ensemble entropy instead.

FINAL ENTROPY (max conf.)  :      4.51947

 ----------------------------------
 Frequency Calculation and Averages
 ----------------------------------
 Nconf on file      : 13
 Taken for Hessians : 8 (= 90.10% total population)
 T range  /K    :   278.15   378.15
 scaling factor :          1.000000     
 rotor cutoff   :         25.000000 cm⁻¹
 imag. cutoff   :        -50.000000 cm⁻¹

 Running 8 calculations ...
 |>12.5% |>25.0% |>37.5% |>50.0% |>62.5% |>75.0% |>87.5% |>100.0%
 done.
 calculating averages for G and S ...    done.
 calculating Boltzmann weights ...       done.
 calculating reference S (bhess) ... > bhess not implemented for calculator routines
    done.
 calculating δSrrho ...                  done.

 Coordinates for the bhess reference structure (Ångström):
 -----------------------------------------------------------
  33

 O          3.8463286413        0.7472762463        1.2152241382
 C          3.4457717346        0.3919975393       -0.0131485519
 O          3.7239393770        1.0305114876       -0.9917759546
 C          2.5897108397       -0.8553346345        0.0222088883
 C          1.1530639017       -0.3975437949        0.1658030137
 C          0.5885697547        0.4620018700       -0.7690465244
 C         -0.7263511983        0.8663917148       -0.6440172741
 C         -1.5131669377        0.4255899717        0.4141186641
 C         -0.9418246116       -0.4270166946        1.3487814503
 C          0.3760444841       -0.8313500294        1.2297267670
 H          0.8016368835       -1.4930361225        1.9707152255
 H         -1.5324814028       -0.7781122941        2.1829340074
 C         -2.9503440125        0.8445707328        0.5160607046
 H         -3.3196611008        0.6665118927        1.5280628839
 H         -3.0304660461        1.9143236737        0.3078705176
 C         -3.8397648772        0.0822436349       -0.4816413651
 C         -5.2591971975        0.6428409487       -0.4534206902
 H         -5.2628909490        1.7005290657       -0.7079003510
 H         -5.6930929720        0.5270534795        0.5378205976
 H         -5.8903398456        0.1172488345       -1.1665038965
 C         -3.8501917969       -1.4107445413       -0.1671985040
 H         -2.8421977342       -1.8173929479       -0.2041852156
 H         -4.4640993845       -1.9465051398       -0.8877923332
 H         -4.2575691994       -1.5861981463        0.8265800304
 H         -3.4259761132        0.2225458159       -1.4864021079
 H         -1.1488844517        1.5399291381       -1.3760041653
 H          1.1878993244        0.8257549705       -1.5902267236
 C          2.7862768934       -1.6885898531       -1.2443160016
 H          3.7958880430       -2.0914645195       -1.2792371752
 H          2.0764506250       -2.5118926101       -1.2607693493
 H          2.6325682599       -1.0710440571       -2.1247413417
 H          2.8688036039       -1.4318039904        0.9081048643
 H          4.3527125119        1.5744474177        1.1814915652
 -----------------------------------------------------------
 as read from <coord>
 Heavy-atom RMSD between lowest conformer and this reference :
 RMSD(heavy) =        1.233079 Å

 msRRHO(bhess) reference entropies:
      278.15        126.008468
      288.15        128.070337
      298.15        130.123646
      308.15        132.169117
      318.15        134.207293
      328.15        136.238561
      338.15        138.263179
      348.15        140.281294
      358.15        142.292958
      368.15        144.298150
      378.15        146.296787

       T/K  |S(T)|/cal/molK       |G(T)|/Eh     G_lowest/Eh    (conf)
   -----------------------------------------------------------------
    278.15    0.125846E+03    0.238032E+00      -44.934174         1
    288.15    0.127901E+03    0.236028E+00      -44.936185         1
    298.15    0.129948E+03    0.233991E+00      -44.938229         1
    308.15    0.131987E+03    0.231922E+00      -44.940306         1
    318.15    0.134019E+03    0.229820E+00      -44.942416         1
    328.15    0.136045E+03    0.227686E+00      -44.944557         1
    338.15    0.138064E+03    0.225519E+00      -44.946731         1
    348.15    0.140076E+03    0.223321E+00      -44.948938         1
    358.15    0.142083E+03    0.221090E+00      -44.951176         1
    368.15    0.144083E+03    0.218827E+00      -44.953446         1
    378.15    0.146077E+03    0.216533E+00      -44.955748         1
   -----------------------------------------------------------------
   NOTE: if |G(T)| is the averaged contributrion to the free energy.
   |G(T)| used only for the higher-energetic structures (n > 8).
   All other structures use G(T) from the respective Hessian calculations.

 Quantities calculated on free energies:
       T/K          δSrrho           Cp(T)     [H(T)-H(0)]
   -------------------------------------------------------
    278.15   -0.162136E+00    0.104587E+01        0.232188
    288.15   -0.169075E+00    0.101886E+01        0.242477
    298.15   -0.175719E+00    0.992149E+00        0.252544
    308.15   -0.182081E+00    0.965909E+00        0.262395
    318.15   -0.188177E+00    0.940259E+00        0.272033
    328.15   -0.194020E+00    0.915287E+00        0.281467
    338.15   -0.199623E+00    0.891053E+00        0.290702
    348.15   -0.204999E+00    0.867596E+00        0.299746
    358.15   -0.210161E+00    0.844937E+00        0.308606
    368.15   -0.215119E+00    0.823084E+00        0.317289
    378.15   -0.219885E+00    0.802035E+00        0.325803
   -------------------------------------------------------
   NOTE: δSrrho(T) = |S(T)| - Sref(T)

 ----------------------
 TEMPERATURE DEPENDENCE
 ----------------------

 Final CONFORMATIONAL quantities at given T:
       T/K        S(total)           Cp(T)     [H(T)-H(0)]        G(total)
   -----------------------------------------------------------------------
    278.15        4.304641        1.045867        0.232188       -0.965148
    288.15        4.325071        1.018857        0.242477       -1.003792
    298.15        4.343756        0.992149        0.252544       -1.042547
    308.15        4.360878        0.965909        0.262395       -1.081410
    318.15        4.376600        0.940259        0.272033       -1.120382
    328.15        4.391064        0.915287        0.281467       -1.159461
    338.15        4.404398        0.891053        0.290702       -1.198645
    348.15        4.416714        0.867596        0.299746       -1.237933
    358.15        4.428113        0.844937        0.308606       -1.277322
    368.15        4.438683        0.823084        0.317289       -1.316812
    378.15        4.448504        0.802035        0.325803       -1.356399
   -----------------------------------------------------------------------
   S and Cp in cal/mol*K; H and G in kcal/mol
   G(total) is the ensemble free energy (H-T*S) and S(total) = S(conf,extrapol.) + δSrrho

 ----------------------------------------------------
 |      FINAL MOLECULAR ENTROPY AT T= 298.15 K      |
 ----------------------------------------------------
     Sconf   =          4.519475
   + δSrrho  =         -0.175719
 -----------------------------------------------------
 = S(total)  =          4.343756  (cal mol⁻¹ K⁻¹)

   H(T)-H(0) =          0.252544
   G         =         -1.295091   (-T*S)
 -----------------------------------------------------
 = G(total)  =         -1.042547  (H-T*S) (kcal mol⁻¹)

   Cp(total) =          0.992149  (cal mol⁻¹ K⁻¹)


 -----------------
 Wall Time Summary
 -----------------
 CREST runtime (total)               0 d,  0 h,  7 min, 30.291 sec
 ------------------------------------------------------------------
 Trial metadynamics (MTD)   ...        0 min,  2.737 sec (  0.608%)
 Metadynamics (MTD)         ...        1 min, 45.999 sec ( 23.540%)
 Geometry optimization      ...        5 min,  9.588 sec ( 68.753%)
 Static metadynamics (sMTD) ...        0 min, 27.673 sec (  6.146%)
 Conf. entropy evaluation   ...        0 min,  3.560 sec (  0.791%)
 I/O and setup              ...        0 min,  0.735 sec (  0.163%)
 ------------------------------------------------------------------
 * wall-time:     0 d,  0 h,  7 min, 30.291 sec
 *  cpu-time:     0 d,  1 h, 46 min, 14.193 sec
 * ratio c/w:    14.156 speedup
 ------------------------------------------------------------------
 * Total number of energy+grad calls: 309555

 CREST terminated normally.
