  33
 Etot=         -45.1719173945
 O          3.8463286413        0.7472762463        1.2152241382
 C          3.4457717346        0.3919975393       -0.0131485519
 O          3.7239393770        1.0305114876       -0.9917759546
 C          2.5897108397       -0.8553346345        0.0222088883
 C          1.1530639017       -0.3975437949        0.1658030137
 C          0.5885697547        0.4620018700       -0.7690465244
 C         -0.7263511983        0.8663917148       -0.6440172741
 C         -1.5131669377        0.4255899717        0.4141186641
 C         -0.9418246116       -0.4270166946        1.3487814503
 C          0.3760444841       -0.8313500294        1.2297267670
 H          0.8016368835       -1.4930361225        1.9707152255
 H         -1.5324814028       -0.7781122941        2.1829340074
 C         -2.9503440125        0.8445707328        0.5160607046
 H         -3.3196611008        0.6665118927        1.5280628839
 H         -3.0304660461        1.9143236737        0.3078705176
 C         -3.8397648772        0.0822436349       -0.4816413651
 C         -5.2591971975        0.6428409487       -0.4534206902
 H         -5.2628909490        1.7005290657       -0.7079003510
 H         -5.6930929720        0.5270534795        0.5378205976
 H         -5.8903398456        0.1172488345       -1.1665038965
 C         -3.8501917969       -1.4107445413       -0.1671985040
 H         -2.8421977342       -1.8173929479       -0.2041852156
 H         -4.4640993845       -1.9465051398       -0.8877923332
 H         -4.2575691994       -1.5861981463        0.8265800304
 H         -3.4259761132        0.2225458159       -1.4864021079
 H         -1.1488844517        1.5399291381       -1.3760041653
 H          1.1878993244        0.8257549705       -1.5902267236
 C          2.7862768934       -1.6885898531       -1.2443160016
 H          3.7958880430       -2.0914645195       -1.2792371752
 H          2.0764506250       -2.5118926101       -1.2607693493
 H          2.6325682599       -1.0710440571       -2.1247413417
 H          2.8688036039       -1.4318039904        0.9081048643
 H          4.3527125119        1.5744474177        1.1814915652
  33
 Etot=         -45.1719173326
 O          3.8463857929        0.7471918068        1.2152418983
 C          3.4461569672        0.3916848375       -0.0131269261
 O          3.7237726829        1.0305380082       -0.9915944173
 C          2.5897745405       -0.8553795324        0.0221816351
 C          1.1531126925       -0.3975094137        0.1658571009
 C          0.5886067448        0.4621261859       -0.7689476807
 C         -0.7263260924        0.8664631632       -0.6439184010
 C         -1.5131301446        0.4255639678        0.4141408655
 C         -0.9418196869       -0.4270689370        1.3487406402
 C          0.3759868361       -0.8315080307        1.2296443899
 H          0.8017451172       -1.4926914802        1.9709833561
 H         -1.5324893583       -0.7781759203        2.1828683864
 C         -2.9503261371        0.8444680930        0.5160099498
 H         -3.3197316882        0.6664477404        1.5279559754
 H         -3.0305672621        1.9141924647        0.3078144969
 C         -3.8397992993        0.0822159727       -0.4816450791
 C         -5.2592206656        0.6428263832       -0.4534538850
 H         -5.2629202530        1.7005203782       -0.7079446680
 H         -5.6930984250        0.5270511631        0.5377797763
 H         -5.8903391265        0.1171600821       -1.1664946502
 C         -3.8502349462       -1.4106672628       -0.1670918983
 H         -2.8421585038       -1.8171197873       -0.2041510922
 H         -4.4641446516       -1.9462575378       -0.8878395411
 H         -4.2576160076       -1.5860141406        0.8267357049
 H         -3.4259278369        0.2224177404       -1.4863682410
 H         -1.1489599420        1.5397824029       -1.3760409536
 H          1.1878380388        0.8257291220       -1.5902507399
 C          2.7862972419       -1.6885656928       -1.2443923016
 H          3.7958640960       -2.0914898689       -1.2793469224
 H          2.0764659044       -2.5118304578       -1.2608719819
 H          2.6325966706       -1.0710489459       -2.1248064996
 H          2.8689862244       -1.4319065467        0.9079746121
 H          4.3523855242        1.5745931014        1.1815328843
  33
 Etot=         -45.1719174183
 O          3.8463863483        0.7472225793        1.2152383264
 C          3.4458445968        0.3919373855       -0.0131083788
 O          3.7238581379        1.0305306270       -0.9916520824
 C          2.5897390788       -0.8553443706        0.0221970292
 C          1.1530953188       -0.3974951664        0.1658399586
 C          0.5885708957        0.4620430815       -0.7690306280
 C         -0.7263560629        0.8664036509       -0.6439912987
 C         -1.5131549423        0.4255558999        0.4141073453
 C         -0.9418135766       -0.4270141523        1.3487647088
 C          0.3760398846       -0.8313450920        1.2297350189
 H          0.8016559446       -1.4929537632        1.9707797671
 H         -1.5325044877       -0.7781951532        2.1828564598
 C         -2.9503347880        0.8445216376        0.5160195841
 H         -3.3196994835        0.6664975605        1.5279924034
 H         -3.0305160890        1.9142602113        0.3078198678
 C         -3.8397829478        0.0822060790       -0.4816392935
 C         -5.2591991002        0.6428335203       -0.4534504403
 H         -5.2629026696        1.7005194575       -0.7079615446
 H         -5.6930835544        0.5270721338        0.5377863558
 H         -5.8903234654        0.1171797355       -1.1664957473
 C         -3.8502379727       -1.4107163797       -0.1671126412
 H         -2.8422014470       -1.8172557236       -0.2041171307
 H         -4.4641499033       -1.9464029724       -0.8877737867
 H         -4.2576175051       -1.5860819261        0.8266934936
 H         -3.4259516496        0.2224250093       -1.4863835358
 H         -1.1489157539        1.5398912626       -1.3760066195
 H          1.1878803557        0.8258066818       -1.5902064485
 C          2.7862918235       -1.6885740383       -1.2443584514
 H          3.7958812023       -2.0914638702       -1.2792951528
 H          2.0764707740       -2.5118633334       -1.2608478727
 H          2.6325870467       -1.0710377519       -2.1247705335
 H          2.8688848079       -1.4318394329        0.9080464128
 H          4.3527242307        1.5744156714        1.1815006478
