  44
 Etot=         -57.7069053857
 O          2.1167122603        2.5019111325        0.6334906149
 C          1.7370103772        1.4594710938        0.1319176576
 N          0.5315448056        1.2855378143       -0.4368569091
 H          0.2776723608        0.3596638878       -0.7861445741
 C         -0.4623914212        2.3307692657       -0.5237414292
 C         -1.0619349325        2.3367766731       -1.9260748411
 H         -1.5497461527        1.3868919001       -2.1322082354
 H         -1.7899747996        3.1375863431       -2.0252223028
 H         -0.2775810842        2.4902081071       -2.6634777339
 H          0.0651351568        3.2748048442       -0.3432553740
 C         -1.5411443665        2.1803803399        0.5762993308
 C         -2.1421599097        0.8071502760        0.6087672483
 C         -1.6193263814       -0.1615671010        1.4577679312
 C         -2.1328565207       -1.4460505429        1.4712956204
 C         -3.1807064612       -1.7834330333        0.6309657097
 C         -3.7220155124       -0.8219881558       -0.2062708480
 C         -3.2094806271        0.4641481615       -0.2132684861
 H         -3.6531523432        1.2116988443       -0.8550410471
 H         -4.5513088952       -1.0737291804       -0.8521347488
 H         -3.5819915615       -2.7863947018        0.6366787182
 H         -1.7193815834       -2.1845100875        2.1431911398
 H         -0.8097981149        0.1013356881        2.1231259301
 H         -1.0675320330        2.3906125133        1.5365653714
 H         -2.3139620707        2.9304114495        0.4005195748
 C          2.6312435230        0.2104352390        0.0512837780
 N          3.9920956351        0.4700567531        0.4894642315
 H          4.4089240173        1.1822089790       -0.1025756934
 H          3.9640969154        0.8644013611        1.4263620906
 C          2.0281846950       -0.9355620703        0.8748971308
 H          0.9419619612       -0.8733983709        0.8575231086
 H          2.3597039073       -0.8152492061        1.9084001708
 C          2.4569166586       -2.3132801354        0.3761007876
 H          3.5441744641       -2.3319668695        0.2890671220
 C          1.8441926572       -2.7107285463       -0.9690907412
 H          2.1754785634       -3.7247912246       -1.2014917487
 H          2.2209670414       -2.0588693084       -1.7587104028
 C          0.3113948957       -2.6738696459       -0.9948322441
 N         -0.1846348878       -1.3738179244       -1.4484801410
 H         -1.1957176298       -1.3443081120       -1.3560653896
 H          0.0389043245       -1.2518641956       -2.4323558941
 H         -0.0833366473       -2.8437390533        0.0093965101
 H         -0.0587293671       -3.4883446404       -1.6372101864
 H          2.1657904731       -3.0578066488        1.1210128527
 H          2.6741988824       -0.0821823230       -1.0033136891
  44
 Etot=         -57.7069054059
 O          2.1167216939        2.5019238973        0.6334861139
 C          1.7369823150        1.4594415683        0.1319440647
 N          0.5315522062        1.2855418865       -0.4368460974
 H          0.2776719363        0.3596643252       -0.7861429703
 C         -0.4623803009        2.3307783533       -0.5237586263
 C         -1.0619456319        2.3367832145       -1.9260724517
 H         -1.5497463969        1.3868920018       -2.1322089274
 H         -1.7899803344        3.1375876309       -2.0252273971
 H         -0.2775795979        2.4902079848       -2.6634731346
 H          0.0651391201        3.2748081282       -0.3432570450
 C         -1.5411365211        2.1803720066        0.5762891631
 C         -2.1421675649        0.8071507869        0.6087759246
 C         -1.6193291758       -0.1615684301        1.4577735466
 C         -2.1328420148       -1.4460605424        1.4712786038
 C         -3.1806821592       -1.7834432839        0.6309471018
 C         -3.7220189614       -0.8219804210       -0.2062665144
 C         -3.2094852211        0.4641526222       -0.2132538676
 H         -3.6531485814        1.2116993258       -0.8550470396
 H         -4.5513076112       -1.0737302712       -0.8521387452
 H         -3.5820027602       -2.7863926841        0.6366921116
 H         -1.7193887666       -2.1845082183        2.1432042324
 H         -0.8097989351        0.1013357484        2.1231276762
 H         -1.0675390695        2.3906026185        1.5365696000
 H         -2.3139554316        2.9304135861        0.4005119850
 C          2.6312478326        0.2104326786        0.0512653593
 N          3.9920951821        0.4700592413        0.4894701165
 H          4.4089242152        1.1822067369       -0.1025746105
 H          3.9640989712        0.8644028078        1.4263608947
 C          2.0281756554       -0.9355524083        0.8749057533
 H          0.9419573905       -0.8733893058        0.8575256737
 H          2.3597027258       -0.8152472262        1.9084016305
 C          2.4569319772       -2.3132741533        0.3760908266
 H          3.5441795099       -2.3319711084        0.2890710392
 C          1.8441875784       -2.7107274256       -0.9690855089
 H          2.1754746598       -3.7247930078       -1.2014922912
 H          2.2209686375       -2.0588692685       -1.7587068686
 C          0.3113924754       -2.6738750746       -0.9948346561
 N         -0.1846351169       -1.3738163497       -1.4484830635
 H         -1.1957186946       -1.3443061109       -1.3560655081
 H          0.0389041675       -1.2518616010       -2.4323575776
 H         -0.0833354109       -2.8437396547        0.0093963430
 H         -0.0587311074       -3.4883480100       -1.6372095203
 H          2.1657885281       -3.0578075025        1.1210077527
 H          2.6741988602       -0.0821855027       -1.0033231218
