  48
 Etot=         -99.4639234038
 S          0.0621035628       -1.2913168760       -0.0091387448
 C         -0.0241019147        0.3328615597        0.0839418380
 N         -1.1262368276        1.1013389525        0.3575091666
 C         -2.4479568339        0.6038796958        0.3029328649
 C         -2.8080918943       -0.2991643480       -0.6957538487
 C         -4.1054133513       -0.7722497050       -0.7377543752
 C         -5.0863653328       -0.3857720852        0.1687965785
 C         -4.6965254369        0.5275793692        1.1531451824
 C         -3.4049707549        1.0139415139        1.2318675983
 H         -3.1407517105        1.6966832784        2.0271966810
 H         -5.4416747126        0.8469294242        1.8739034241
 C         -6.5227905337       -0.8290925481        0.2022958480
 O         -7.3149830414       -0.2885826619        0.9538856228
 N         -6.8567737699       -1.8409865320       -0.6214236660
 H         -6.1789263915       -2.2739091691       -1.2260591048
 C         -8.2150429847       -2.3539376773       -0.6592947890
 H         -8.2221876121       -3.4106460976       -0.3814710553
 H         -8.6268459848       -2.2433397337       -1.6652812713
 H         -8.8177361380       -1.7848028253        0.0482175282
 F         -4.3979051183       -1.6271842079       -1.7280678484
 H         -2.0935932012       -0.6411144268       -1.4318615168
 C         -0.8309038930        2.5337940936        0.3461680727
 C          0.6445066341        2.5362004636       -0.0216250335
 O          1.3351455455        3.5094106025       -0.1785112195
 N          1.0468625752        1.2247533575       -0.0962957580
 C          2.3864749876        0.8498947578       -0.3467675517
 C          3.1443951373        1.5715686460       -1.2668319573
 C          4.4598044982        1.2153788192       -1.5026817039
 C          5.0385042031        0.1350719601       -0.8300589382
 C          4.2676525111       -0.5781425450        0.0995609175
 C          2.9505371857       -0.2211422039        0.3434539272
 H          2.3639146025       -0.7787465554        1.0614723550
 C          4.8829864801       -1.7380192685        0.8438570985
 F          4.0240369744       -2.2827648271        1.7099436435
 F          5.2724804932       -2.7040184959        0.0047648285
 F          5.9600593280       -1.3541039421        1.5383631513
 C          6.3932633673       -0.2130721304       -1.1029663241
 N          7.4873787747       -0.4636839791       -1.3522477044
 H          5.0513053065        1.7729989115       -2.2187848763
 H          2.7092382238        2.4086247116       -1.7961037580
 C         -0.9661501655        3.1949147278        1.7236505262
 H         -0.5783228155        2.5327869158        2.4959090954
 H         -2.0025745303        3.4401107332        1.9447674097
 H         -0.3845351490        4.1170044949        1.7219295607
 C         -1.6478588013        3.2663922575       -0.7194105828
 H         -2.6997072828        3.2976467415       -0.4392939477
 H         -1.5507420184        2.7614197306       -1.6798635306
 H         -1.2707643440        4.2839748589       -0.8135687987
