  28
 Etot=         -36.8689936804
 O         -0.2299161903       -2.6674999366        0.9278576863
 C         -0.5350394541       -1.7135020949        0.0333421208
 O         -0.4315627136       -1.8957421513       -1.1513802684
 C         -1.0348742295       -0.4628411626        0.6942964152
 H         -0.6825028684       -0.4319637539        1.7247288084
 C         -0.6630616515        0.8074185845       -0.0786916754
 C          0.6981473875        1.3648831280        0.3446009992
 H          0.8711301938        2.3051227396       -0.1856103752
 C          1.8922608575        0.4387026656        0.0883356126
 C          2.1289195024        0.2163610107       -1.4032459384
 H          3.0423767827       -0.3540843452       -1.5569425689
 H          2.2304623334        1.1693720982       -1.9185407392
 H          1.3091733901       -0.3385508896       -1.8502466714
 C          3.1433102176        1.0355035637        0.7330673324
 H          3.3720047869        2.0026577581        0.2900262377
 H          3.9989975560        0.3808193721        0.5850542517
 H          2.9999920560        1.1735148704        1.8026489326
 H          1.6958824581       -0.5306602821        0.5584227468
 H          0.6566072838        1.5963761444        1.4126737110
 H         -0.6420190688        0.5538671066       -1.1428353456
 C         -1.7502809028        1.8684846356        0.1337410743
 N         -3.0516443745        1.3338128427       -0.2369811795
 H         -3.0519101178        1.0721828140       -1.2178849642
 H         -3.7745441736        2.0312206797       -0.1004987334
 H         -1.7963875312        2.1373244918        1.1936545518
 H         -1.4768998878        2.7747147042       -0.4318891802
 H         -2.1277895834       -0.5286214179        0.7046985118
 H          0.0549028424       -3.4763569223        0.4741742065
