  41
 Etot=         -72.4513241264
 S         -0.3904064180       -0.5941406796       -0.9307138898
 O         -1.1894762746        2.0969987723        2.2533218006
 O         -4.7463051733       -0.9104260224        0.0072217110
 O         -3.7354811585        0.2282604766       -1.6214590167
 O          2.3281374926        3.0201967302       -1.1034044672
 N         -1.9253656267        1.2125807134        0.1979208891
 N          1.2758848641        1.6100240151        0.3243187928
 C         -0.9155757693        1.1354842481       -0.8551393419
 C         -1.5487990980       -1.1568653406        0.3728851052
 C         -2.6078711643       -0.0261753972        0.5055922585
 C         -0.0347845433        2.0954971527       -0.0087810207
 C         -1.0837121169        1.8735435433        1.0846664684
 C         -2.1627814338       -2.4846213405       -0.0667101696
 C         -0.7999412840       -1.3362587545        1.6940389441
 C         -3.7372229613       -0.1983668702       -0.5025827897
 C          2.3564211763        2.0537451619       -0.3801328979
 C          3.6262905142        1.2447608653       -0.1160415588
 C          3.3365131304       -0.2293563630       -0.0231036640
 C          3.1745297584       -0.8458915306        1.2165916445
 C          3.1611959741       -0.9817397830       -1.1833388604
 C          2.8429954166       -2.1923282439        1.2934380121
 C          2.8310385857       -2.3261630009       -1.1043790209
 C          2.6672028280       -2.9339032661        0.1333985745
 H         -1.2612907977        1.4883886353       -1.8274310629
 H         -3.0162211528        0.0265655720        1.5191701390
 H          0.0474771437        3.1121977698       -0.4034076530
 H         -1.3927303712       -3.2551447423       -0.0891286723
 H         -2.9444019421       -2.7902041769        0.6297839896
 H         -2.5917583056       -2.3964845536       -1.0637468192
 H         -0.3961488500       -0.3859497442        2.0383704526
 H         -1.4677334967       -1.7324235886        2.4603562332
 H          0.0278111685       -2.0311452211        1.5545426258
 H          1.3098159651        0.6693281601        0.6979391615
 H         -5.4476357598       -0.9999071959       -0.6595268961
 H          4.0564828436        1.6134441030        0.8190084263
 H          4.3257589400        1.4643880273       -0.9248031241
 H          3.3154764883       -0.2726463152        2.1267267346
 H          3.2803298250       -0.5099104227       -2.1524589722
 H          2.7249521675       -2.6625275999        2.2633559179
 H          2.6952957988       -2.9012855474       -2.0134064720
 H          2.4052896454       -3.9840616046        0.1937986907
