  28
 Etot=         -38.7354715002
 O          1.8859169192        1.0857545558        0.7529469236
 C          1.0586836135        1.4223098862       -0.2152342264
 O          0.5561317298        2.5092690781       -0.3208523733
 C          0.7858541638        0.3300269976       -1.2622559133
 H          1.7238877310        0.1432063419       -1.7931992337
 C          0.2314066014       -0.9998226169       -0.7128459127
 C         -0.7547987677       -0.8004785881        0.4506387614
 H         -1.1061911923       -1.7852952224        0.7799946574
 C         -1.9701063238        0.0777172888        0.1039525751
 C         -2.8650736250       -0.5789749523       -0.9510429653
 H         -2.3349734617       -0.6943413325       -1.8968008291
 H         -3.7437875733        0.0414696555       -1.1297298091
 H         -3.1987690086       -1.5629009031       -0.6165620980
 C         -2.7739903348        0.3512653396        1.3791228208
 H         -3.6291177620        0.9890752431        1.1540994567
 H         -2.1513126919        0.8571250313        2.1174210319
 H         -3.1404433490       -0.5811371784        1.8122219461
 H         -1.6156734062        1.0398397411       -0.2863224389
 H         -0.2290799482       -0.3426747558        1.2944367048
 H         -0.2998175736       -1.4935522093       -1.5376566823
 C          1.3595348936       -1.9636587813       -0.3157428678
 N          2.1433310510       -1.4494561244        0.8165449340
 H          3.0679944043       -1.8594751424        0.8113099506
 H          1.6875193391       -1.6925449114        1.6873735186
 H          0.9378611056       -2.9450162846       -0.0620494168
 H          2.0408174009       -2.0901562647       -1.1624475630
 H          0.0791059395        0.7510232751       -1.9805996183
 H          2.0924167856        0.0604674358        0.7558185071
