  33
 Etot=         -59.9925435108
 P          2.8704274623       -0.6675744140       -0.1577604149
 O          3.2936152775        0.2448884919       -1.2339955670
 O          1.7946657845       -1.7395691381       -0.5726736364
 H          0.8223717594       -1.4967101738       -0.4589953009
 O          4.0904326694       -1.5631750833        0.3754516730
 H          4.7650212557       -1.5753642653       -0.3043850386
 C          2.2857523597        0.1143990543        1.4147805555
 O          1.0914956062        0.8244024357        1.2439741754
 C          1.1649045693        1.9299036918        0.3523872177
 C          0.5487892010        3.1441241087        1.0437788664
 H         -0.4830243799        2.9351851654        1.3158057009
 H          0.5836787653        4.0109445693        0.3897152172
 H          1.1007731850        3.3662039137        1.9531010654
 H          2.2108038476        2.1352320964        0.0977383553
 C          0.4375656553        1.5925305978       -0.9674948289
 N         -0.9270553091        1.2106510187       -0.7365794509
 C         -1.3908411284       -0.0163482764       -0.3747746362
 N         -0.7450880909       -1.1825032434       -0.2629067989
 C         -1.5290838361       -2.1842681862        0.1018057233
 N         -2.8234855796       -2.1588339480        0.3479612494
 C         -3.4896114208       -1.0045353391        0.2283041282
 N         -4.8075272163       -0.9920333692        0.4728270492
 H         -5.2654017561       -1.8461119424        0.7352296426
 H         -5.3168198712       -0.1321521253        0.3812061987
 C         -2.7710455175        0.1428147735       -0.1512786743
 N         -3.1240823938        1.4487501757       -0.3711991303
 C         -2.0155694899        2.0366721599       -0.7043443594
 H         -1.9446705028        3.0766727299       -0.9568070966
 H         -1.0461355972       -3.1459385186        0.2079529835
 H          0.9600418847        0.7704866182       -1.4599943206
 H          0.4557178407        2.4679188210       -1.6201869080
 H          2.0778436392       -0.6749109772        2.1375561428
 H          3.0855810420        0.7566972391        1.8048982767
  33
 Etot=         -59.9925435135
 P          2.8704192350       -0.6675780511       -0.1577560301
 O          3.2936153936        0.2448874390       -1.2339886945
 O          1.7946664599       -1.7395711554       -0.5726790297
 H          0.8223713945       -1.4967105904       -0.4589936463
 O          4.0904303516       -1.5631763874        0.3754524265
 H          4.7650235015       -1.5753614029       -0.3043849037
 C          2.2857516411        0.1143985966        1.4147847326
 O          1.0915082148        0.8244034050        1.2439682782
 C          1.1648832983        1.9299088049        0.3523898607
 C          0.5488024944        3.1441301245        1.0437821815
 H         -0.4830188313        2.9351879633        1.3158009692
 H          0.5836714218        4.0109426276        0.3897076612
 H          1.1007744276        3.3662047412        1.9531173992
 H          2.2108027418        2.1352323128        0.0977416743
 C          0.4375727550        1.5925224883       -0.9674982035
 N         -0.9270510862        1.2106641996       -0.7365788526
 C         -1.3908425125       -0.0163503677       -0.3747842453
 N         -0.7450858890       -1.1825047687       -0.2629083517
 C         -1.5290876197       -2.1842776332        0.1017733462
 N         -2.8234894329       -2.1588342432        0.3479583573
 C         -3.4896006931       -1.0045297309        0.2283327431
 N         -4.8075391089       -0.9920356083        0.4728228215
 H         -5.2654041165       -1.8461136571        0.7352303327
 H         -5.3168215334       -0.1321523092        0.3812061904
 C         -2.7710401934        0.1428203565       -0.1512504659
 N         -3.1240877557        1.4487444606       -0.3712366103
 C         -2.0155683471        2.0366578694       -0.7043419681
 H         -1.9446673197        3.0766786904       -0.9567915180
 H         -1.0461319082       -3.1459332801        0.2079684191
 H          0.9600395955        0.7704832991       -1.4600021219
 H          0.4557175742        2.4679199615       -1.6201912392
 H          2.0778445103       -0.6749142556        2.1375453700
 H          3.0855810523        0.7567047618        1.8049011763
