
       ╔════════════════════════════════════════════════╗
       ║                                                ║
       ║     ██████╗██████╗ ███████╗███████╗████████╗   ║
       ║    ██╔════╝██╔══██╗██╔════╝██╔════╝╚══██╔══╝   ║
       ║    ██║     ██████╔╝█████╗  ███████╗   ██║      ║
       ║    ██║     ██╔══██╗██╔══╝  ╚════██║   ██║      ║
       ║    ╚██████╗██║  ██║███████╗███████║   ██║      ║
       ║     ╚═════╝╚═╝  ╚═╝╚══════╝╚══════╝   ╚═╝      ║
       ║                                                ║
       ║    Conformer-Rotamer Ensemble Sampling Tool    ║
       ║            based on the xTB methods            ║
       ║                                                ║
       ╚════════════════════════════════════════════════╝
        Version 3.0.2, Mon, 29 September 16:25:59, 09/29/2025
        commit (c39758d) compiled by 'andrey@PC1'

   Cite work conducted with this code as

   • P.Pracht, F.Bohle, S.Grimme, PCCP, 2020, 22, 7169-7192.
   • S.Grimme, JCTC, 2019, 15, 2847-2862.
   • P.Pracht, S.Grimme, C.Bannwarth, F.Bohle, S.Ehlert,
     G.Feldmann, J.Gorges, M.Müller, T.Neudecker, C.Plett,
     S.Spicher, P.Steinbach, P.Wesołowski, F.Zeller,
     J. Chem. Phys., 2024, 160, 114110.

   for works involving QCG cite

   • S.Spicher, C.Plett, P.Pracht, A.Hansen, S.Grimme,
     JCTC, 2022, 18 (5), 3174-3189.
   • C.Plett, S. Grimme,
     Angew. Chem. Int. Ed. 2023, 62, e202214477.

   for works involving MECP screening cite

   • P.Pracht, C.Bannwarth, JCTC, 2022, 18 (10), 6370-6385.

   Original code
     P.Pracht, S.Grimme, Universität Bonn, MCTC
   with help from (alphabetical order):
     C.Bannwarth, F.Bohle, S.Ehlert, G.Feldmann, J.Gorges,
     S.Grimme, C.Plett, P.Pracht, S.Spicher, P.Steinbach,
     P.Wesolowski, F.Zeller

   Online documentation is available at
   https://crest-lab.github.io/crest-docs/

   This program is distributed in the hope that it will be useful,
   but WITHOUT ANY WARRANTY; without even the implied warranty of
   MERCHANTABILITY or FITNESS FOR A PARTICULAR PURPOSE. See the
   GNU Lesser General Public License (LGPL) for more details.

 Command line input:
 $ ./crest m1_00_Tenofovir-uni_best.xyz --T 16 --entropy --gfn2 --chrg 0

  --T 16 (CPUs/Threads selected)
  --entropy : enhanced ensemble entropy calculation
  --gfn2               : Use of GFN2-xTB requested.
  --chrg 0

> Setting up backup calculator ... done.
 ----------------
 Calculation info
 ----------------
> User-defined calculation level:
 : xTB calculation via tblite lib
 : GFN2-xTB level
 :   Molecular charge    : 0
 :   Fermi temperature   : 300.00000
 :   Accuracy            : 1.00000
 :   max SCC cycles      : 500


 -----------------------------
 Initial Geometry Optimization
 -----------------------------
 Geometry successfully optimized.

          ┍━━━━━━━━━━━━━━━━━━━━━━━━━━━━━━━━━━━━━━━━━━━━━━━━━┑
          │              CREST ENTROPY SAMPLING             │
          ┕━━━━━━━━━━━━━━━━━━━━━━━━━━━━━━━━━━━━━━━━━━━━━━━━━┙

 please cite:
 • P.Pracht, S.Grimme, Chem. Sci., 2021, 12, 6551-6568.
 • J.Gorges, S.Grimme, A.Hansen, P.Pracht, PCCP, 2022,24, 12249-12259.

 Input structure:
  33

 P          2.8704110077       -0.6675816882       -0.1577516453
 O          3.2936155098        0.2448863860       -1.2339818220
 O          1.7946671352       -1.7395731728       -0.5726844231
 H          0.8223710296       -1.4967110070       -0.4589919917
 O          4.0904280339       -1.5631776915        0.3754531801
 H          4.7650257474       -1.5753585406       -0.3043847688
 C          2.2857509225        0.1143981390        1.4147889096
 O          1.0915208234        0.8244043742        1.2439623810
 C          1.1648620273        1.9299139180        0.3523925037
 C          0.5488157877        3.1441361403        1.0437854966
 H         -0.4830132827        2.9351907612        1.3157962376
 H          0.5836640783        4.0109406859        0.3897001052
 H          1.1007756701        3.3662055686        1.9531337330
 H          2.2108016360        2.1352325291        0.0977449933
 C          0.4375798547        1.5925143789       -0.9675015780
 N         -0.9270468632        1.2106773805       -0.7365782544
 C         -1.3908438966       -0.0163524590       -0.3747938545
 N         -0.7450836871       -1.1825062940       -0.2629099045
 C         -1.5290914034       -2.1842870802        0.1017409692
 N         -2.8234932862       -2.1588345384        0.3479554653
 C         -3.4895899655       -1.0045241226        0.2283613579
 N         -4.8075510016       -0.9920378474        0.4728185939
 H         -5.2654064769       -1.8461153717        0.7352310228
 H         -5.3168231956       -0.1321524932        0.3812061820
 C         -2.7710348693        0.1428259395       -0.1512222576
 N         -3.1240931177        1.4487387455       -0.3712740903
 C         -2.0155672043        2.0366435788       -0.7043395768
 H         -1.9446641365        3.0766846508       -0.9567759394
 H         -1.0461282192       -3.1459280417        0.2079838546
 H          0.9600373062        0.7704799799       -1.4600099231
 H          0.4557173076        2.4679211020       -1.6201955704
 H          2.0778453813       -0.6749175339        2.1375345972
 H          3.0855810626        0.7567122845        1.8049040760

 ------------------------------------------------
 Generating MTD length from a flexibility measure
 ------------------------------------------------
 Calculating GFN0-xTB WBOs   ... done.
 Calculating NCI flexibility ... done.
     covalent flexibility measure :   0.437
 non-covalent flexibility measure :   0.344
 flexibility measure :   0.332
 t(MTD) / ps    :    12.0
 Σ(t(MTD)) / ps :   288.0 (24 MTDs)

 -----------------------------------
 Starting trial MTD to test settings
 -----------------------------------
 Trial MTD 1 runtime (1.0 ps) ...        0 min,  3.987 sec
 Estimated runtime for one MTD (12.0 ps) on a single thread: 48 sec
 Estimated runtime for a batch of 24 MTDs on 16 threads: 1 min 36 sec

********************************************************************************
**                    N E W   I T E R A T I O N  C Y C L E                    **
********************************************************************************

 ------------------------------
 Meta-Dynamics Iteration 1
 ------------------------------
 list of applied metadynamics Vbias parameters:
$metadyn    0.24750   1.618
$metadyn    0.12375   1.618
$metadyn    0.06187   1.618
$metadyn    0.03094   1.618
$metadyn    0.24750   1.000
$metadyn    0.12375   1.000
$metadyn    0.06187   1.000
$metadyn    0.03094   1.000
$metadyn    0.24750   0.618
$metadyn    0.12375   0.618
$metadyn    0.06187   0.618
$metadyn    0.03094   0.618
$metadyn    0.24750   0.382
$metadyn    0.12375   0.382
$metadyn    0.06187   0.382
$metadyn    0.03094   0.382
$metadyn    0.24750   0.236
$metadyn    0.12375   0.236
$metadyn    0.06187   0.236
$metadyn    0.03094   0.236
$metadyn    0.24750   0.146
$metadyn    0.12375   0.146
$metadyn    0.06187   0.146
$metadyn    0.03094   0.146

  ::::::::::::: starting MTD   20 :::::::::::::
  |   MD simulation time   :    12.0 ps       |
  |   target T             :   300.0 K        |
  |   timestep dt          :     5.0 fs       |
  |   dump interval(trj)   :   100.0 fs       |
  |   SHAKE algorithm      : true (all bonds) |
  |   dump interval(Vbias) :    1.00 ps       |
  |   Vbias prefactor (k)  :  0.0309 Eh       |
  |   Vbias exponent (α)   :  0.2361 bohr⁻²   |
  ::::::::::::: starting MTD    1 :::::::::::::
  |   MD simulation time   :    12.0 ps       |
  |   target T             :   300.0 K        |
  |   timestep dt          :     5.0 fs       |
  |   dump interval(trj)   :   100.0 fs       |
  |   SHAKE algorithm      : true (all bonds) |
  |   dump interval(Vbias) :    1.00 ps       |
  |   Vbias prefactor (k)  :  0.2475 Eh       |
  |   Vbias exponent (α)   :  1.6180 bohr⁻²   |
  ::::::::::::: starting MTD   11 :::::::::::::
  |   MD simulation time   :    12.0 ps       |
  |   target T             :   300.0 K        |
  |   timestep dt          :     5.0 fs       |
  |   dump interval(trj)   :   100.0 fs       |
  |   SHAKE algorithm      : true (all bonds) |
  |   dump interval(Vbias) :    1.00 ps       |
  |   Vbias prefactor (k)  :  0.0619 Eh       |
  |   Vbias exponent (α)   :  0.6180 bohr⁻²   |
  ::::::::::::: starting MTD   19 :::::::::::::
  |   MD simulation time   :    12.0 ps       |
  |   target T             :   300.0 K        |
  |   timestep dt          :     5.0 fs       |
  |   dump interval(trj)   :   100.0 fs       |
  |   SHAKE algorithm      : true (all bonds) |
  |   dump interval(Vbias) :    1.00 ps       |
  |   Vbias prefactor (k)  :  0.0619 Eh       |
  |   Vbias exponent (α)   :  0.2361 bohr⁻²   |
  ::::::::::::: starting MTD   22 :::::::::::::
  |   MD simulation time   :    12.0 ps       |
  |   target T             :   300.0 K        |
  |   timestep dt          :     5.0 fs       |
  |   dump interval(trj)   :   100.0 fs       |
  |   SHAKE algorithm      : true (all bonds) |
  |   dump interval(Vbias) :    1.00 ps       |
  |   Vbias prefactor (k)  :  0.1237 Eh       |
  |   Vbias exponent (α)   :  0.1459 bohr⁻²   |
  ::::::::::::: starting MTD   21 :::::::::::::
  |   MD simulation time   :    12.0 ps       |
  |   target T             :   300.0 K        |
  |   timestep dt          :     5.0 fs       |
  |   dump interval(trj)   :   100.0 fs       |
  |   SHAKE algorithm      : true (all bonds) |
  |   dump interval(Vbias) :    1.00 ps       |
  |   Vbias prefactor (k)  :  0.2475 Eh       |
  |   Vbias exponent (α)   :  0.1459 bohr⁻²   |
  ::::::::::::: starting MTD   13 :::::::::::::
  |   MD simulation time   :    12.0 ps       |
  |   target T             :   300.0 K        |
  |   timestep dt          :     5.0 fs       |
  |   dump interval(trj)   :   100.0 fs       |
  |   SHAKE algorithm      : true (all bonds) |
  |   dump interval(Vbias) :    1.00 ps       |
  |   Vbias prefactor (k)  :  0.2475 Eh       |
  |   Vbias exponent (α)   :  0.3820 bohr⁻²   |
  ::::::::::::: starting MTD   18 :::::::::::::
  |   MD simulation time   :    12.0 ps       |
  |   target T             :   300.0 K        |
  |   timestep dt          :     5.0 fs       |
  |   dump interval(trj)   :   100.0 fs       |
  |   SHAKE algorithm      : true (all bonds) |
  |   dump interval(Vbias) :    1.00 ps       |
  |   Vbias prefactor (k)  :  0.1237 Eh       |
  |   Vbias exponent (α)   :  0.2361 bohr⁻²   |
  ::::::::::::: starting MTD   24 :::::::::::::
  |   MD simulation time   :    12.0 ps       |
  |   target T             :   300.0 K        |
  |   timestep dt          :     5.0 fs       |
  |   dump interval(trj)   :   100.0 fs       |
  |   SHAKE algorithm      : true (all bonds) |
  |   dump interval(Vbias) :    1.00 ps       |
  |   Vbias prefactor (k)  :  0.0309 Eh       |
  |   Vbias exponent (α)   :  0.1459 bohr⁻²   |
  ::::::::::::: starting MTD    5 :::::::::::::
  |   MD simulation time   :    12.0 ps       |
  |   target T             :   300.0 K        |
  |   timestep dt          :     5.0 fs       |
  |   dump interval(trj)   :   100.0 fs       |
  |   SHAKE algorithm      : true (all bonds) |
  |   dump interval(Vbias) :    1.00 ps       |
  |   Vbias prefactor (k)  :  0.2475 Eh       |
  |   Vbias exponent (α)   :  1.0000 bohr⁻²   |
  ::::::::::::: starting MTD   15 :::::::::::::
  |   MD simulation time   :    12.0 ps       |
  |   target T             :   300.0 K        |
  |   timestep dt          :     5.0 fs       |
  |   dump interval(trj)   :   100.0 fs       |
  |   SHAKE algorithm      : true (all bonds) |
  |   dump interval(Vbias) :    1.00 ps       |
  |   Vbias prefactor (k)  :  0.0619 Eh       |
  |   Vbias exponent (α)   :  0.3820 bohr⁻²   |
  ::::::::::::: starting MTD   23 :::::::::::::
  |   MD simulation time   :    12.0 ps       |
  |   target T             :   300.0 K        |
  |   timestep dt          :     5.0 fs       |
  |   dump interval(trj)   :   100.0 fs       |
  |   SHAKE algorithm      : true (all bonds) |
  |   dump interval(Vbias) :    1.00 ps       |
  |   Vbias prefactor (k)  :  0.0619 Eh       |
  |   Vbias exponent (α)   :  0.1459 bohr⁻²   |
  ::::::::::::: starting MTD    3 :::::::::::::
  |   MD simulation time   :    12.0 ps       |
  |   target T             :   300.0 K        |
  |   timestep dt          :     5.0 fs       |
  |   dump interval(trj)   :   100.0 fs       |
  |   SHAKE algorithm      : true (all bonds) |
  |   dump interval(Vbias) :    1.00 ps       |
  |   Vbias prefactor (k)  :  0.0619 Eh       |
  |   Vbias exponent (α)   :  1.6180 bohr⁻²   |
  ::::::::::::: starting MTD   17 :::::::::::::
  |   MD simulation time   :    12.0 ps       |
  |   target T             :   300.0 K        |
  |   timestep dt          :     5.0 fs       |
  |   dump interval(trj)   :   100.0 fs       |
  |   SHAKE algorithm      : true (all bonds) |
  |   dump interval(Vbias) :    1.00 ps       |
  |   Vbias prefactor (k)  :  0.2475 Eh       |
  |   Vbias exponent (α)   :  0.2361 bohr⁻²   |
  ::::::::::::: starting MTD    7 :::::::::::::
  |   MD simulation time   :    12.0 ps       |
  |   target T             :   300.0 K        |
  |   timestep dt          :     5.0 fs       |
  |   dump interval(trj)   :   100.0 fs       |
  |   SHAKE algorithm      : true (all bonds) |
  |   dump interval(Vbias) :    1.00 ps       |
  |   Vbias prefactor (k)  :  0.0619 Eh       |
  |   Vbias exponent (α)   :  1.0000 bohr⁻²   |
  ::::::::::::: starting MTD    9 :::::::::::::
  |   MD simulation time   :    12.0 ps       |
  |   target T             :   300.0 K        |
  |   timestep dt          :     5.0 fs       |
  |   dump interval(trj)   :   100.0 fs       |
  |   SHAKE algorithm      : true (all bonds) |
  |   dump interval(Vbias) :    1.00 ps       |
  |   Vbias prefactor (k)  :  0.2475 Eh       |
  |   Vbias exponent (α)   :  0.6180 bohr⁻²   |
*MTD   7 completed successfully ...        1 min, 35.562 sec
  ::::::::::::: starting MTD    8 :::::::::::::
  |   MD simulation time   :    12.0 ps       |
  |   target T             :   300.0 K        |
  |   timestep dt          :     5.0 fs       |
  |   dump interval(trj)   :   100.0 fs       |
  |   SHAKE algorithm      : true (all bonds) |
  |   dump interval(Vbias) :    1.00 ps       |
  |   Vbias prefactor (k)  :  0.0309 Eh       |
  |   Vbias exponent (α)   :  1.0000 bohr⁻²   |
*MTD  20 completed successfully ...        1 min, 35.996 sec
*MTD  15 completed successfully ...        1 min, 36.015 sec
  ::::::::::::: starting MTD   16 :::::::::::::
  |   MD simulation time   :    12.0 ps       |
  |   target T             :   300.0 K        |
  |   timestep dt          :     5.0 fs       |
  |   dump interval(trj)   :   100.0 fs       |
  |   SHAKE algorithm      : true (all bonds) |
  |   dump interval(Vbias) :    1.00 ps       |
  |   Vbias prefactor (k)  :  0.0309 Eh       |
  |   Vbias exponent (α)   :  0.3820 bohr⁻²   |
*MTD  23 completed successfully ...        1 min, 36.063 sec
*MTD  24 completed successfully ...        1 min, 36.140 sec
*MTD  11 completed successfully ...        1 min, 36.173 sec
  ::::::::::::: starting MTD   12 :::::::::::::
  |   MD simulation time   :    12.0 ps       |
  |   target T             :   300.0 K        |
  |   timestep dt          :     5.0 fs       |
  |   dump interval(trj)   :   100.0 fs       |
  |   SHAKE algorithm      : true (all bonds) |
  |   dump interval(Vbias) :    1.00 ps       |
  |   Vbias prefactor (k)  :  0.0309 Eh       |
  |   Vbias exponent (α)   :  0.6180 bohr⁻²   |
*MTD   5 completed successfully ...        1 min, 36.209 sec
  ::::::::::::: starting MTD    6 :::::::::::::
  |   MD simulation time   :    12.0 ps       |
  |   target T             :   300.0 K        |
  |   timestep dt          :     5.0 fs       |
  |   dump interval(trj)   :   100.0 fs       |
  |   SHAKE algorithm      : true (all bonds) |
  |   dump interval(Vbias) :    1.00 ps       |
  |   Vbias prefactor (k)  :  0.1237 Eh       |
  |   Vbias exponent (α)   :  1.0000 bohr⁻²   |
*MTD   3 completed successfully ...        1 min, 36.321 sec
  ::::::::::::: starting MTD    4 :::::::::::::
  |   MD simulation time   :    12.0 ps       |
  |   target T             :   300.0 K        |
  |   timestep dt          :     5.0 fs       |
  |   dump interval(trj)   :   100.0 fs       |
  |   SHAKE algorithm      : true (all bonds) |
  |   dump interval(Vbias) :    1.00 ps       |
  |   Vbias prefactor (k)  :  0.0309 Eh       |
  |   Vbias exponent (α)   :  1.6180 bohr⁻²   |
*MTD  19 completed successfully ...        1 min, 36.437 sec
*MTD   1 completed successfully ...        1 min, 36.474 sec
  ::::::::::::: starting MTD    2 :::::::::::::
  |   MD simulation time   :    12.0 ps       |
  |   target T             :   300.0 K        |
  |   timestep dt          :     5.0 fs       |
  |   dump interval(trj)   :   100.0 fs       |
  |   SHAKE algorithm      : true (all bonds) |
  |   dump interval(Vbias) :    1.00 ps       |
  |   Vbias prefactor (k)  :  0.1237 Eh       |
  |   Vbias exponent (α)   :  1.6180 bohr⁻²   |
*MTD   9 completed successfully ...        1 min, 36.528 sec
  ::::::::::::: starting MTD   10 :::::::::::::
  |   MD simulation time   :    12.0 ps       |
  |   target T             :   300.0 K        |
  |   timestep dt          :     5.0 fs       |
  |   dump interval(trj)   :   100.0 fs       |
  |   SHAKE algorithm      : true (all bonds) |
  |   dump interval(Vbias) :    1.00 ps       |
  |   Vbias prefactor (k)  :  0.1237 Eh       |
  |   Vbias exponent (α)   :  0.6180 bohr⁻²   |
*MTD  13 completed successfully ...        1 min, 36.537 sec
  ::::::::::::: starting MTD   14 :::::::::::::
  |   MD simulation time   :    12.0 ps       |
  |   target T             :   300.0 K        |
  |   timestep dt          :     5.0 fs       |
  |   dump interval(trj)   :   100.0 fs       |
  |   SHAKE algorithm      : true (all bonds) |
  |   dump interval(Vbias) :    1.00 ps       |
  |   Vbias prefactor (k)  :  0.1237 Eh       |
  |   Vbias exponent (α)   :  0.3820 bohr⁻²   |
*MTD  18 completed successfully ...        1 min, 36.563 sec
*MTD  22 completed successfully ...        1 min, 36.870 sec
*MTD  17 completed successfully ...        1 min, 37.002 sec
*MTD  21 completed successfully ...        1 min, 37.786 sec
*MTD  16 completed successfully ...        0 min, 53.488 sec
*MTD   6 completed successfully ...        0 min, 53.399 sec
*MTD   8 completed successfully ...        0 min, 54.241 sec
*MTD  14 completed successfully ...        0 min, 53.319 sec
*MTD  12 completed successfully ...        0 min, 53.694 sec
*MTD  10 completed successfully ...        0 min, 53.491 sec
*MTD   2 completed successfully ...        0 min, 53.923 sec
*MTD   4 completed successfully ...        0 min, 54.151 sec

 ======================================
 |  Multilevel Ensemble Optimization  |
 ======================================
 Optimizing all 2856 structures from file "crest_dynamics.trj" ...
 ----------------------
 crude pre-optimization
 ----------------------
 Optimization engine: ANCOPT
 Hessian update type: BFGS
 E/G convergence criteria:  0.500E-03 Eh, 0.100E-01 Eh/a0
 maximum optimization steps: 200
 |>0.0% |>7.5% |>15.0% |>22.5% |>30.0% |>37.5% |>45.0% |>52.5% |>60.0% |>67.5% |>75.0% |>82.5% |>90.0% |>97.5% |>100.0%
 done.
> 2856 of 2856 structures successfully optimized (100.0% success)
> Total runtime for 2856 optimizations:
 * wall-time:     0 d,  0 h,  1 min, 34.828 sec
 *  cpu-time:     0 d,  0 h, 24 min,  1.519 sec
 * ratio c/w:    15.201 speedup
> Corresponding to approximately 0.033 sec per processed structure

CREGEN> number of topology-based structure removals: 3
CREGEN> running RMSDs ... done.
CREGEN> E lowest :   -59.99229
 1855 structures remain within    12.00 kcal/mol window
 ----------------------------------
 optimization with tight thresholds
 ----------------------------------
 Optimization engine: ANCOPT
 Hessian update type: BFGS
 E/G convergence criteria:  0.100E-05 Eh, 0.800E-03 Eh/a0
 maximum optimization steps: 200
 |>0.1% |>7.5% |>15.0% |>22.5% |>30.0% |>37.5% |>45.0% |>52.5% |>60.0% |>67.5% |>75.0% |>82.5% |>90.0% |>97.5% |>100.0%
 done.
> 1840 of 1855 structures successfully optimized (99.2% success)
> Total runtime for 1855 optimizations:
 * wall-time:     0 d,  0 h,  3 min, 30.097 sec
 *  cpu-time:     0 d,  0 h, 53 min, 30.058 sec
 * ratio c/w:    15.279 speedup
> Corresponding to approximately 0.113 sec per processed structure

CREGEN> running RMSDs ... done.
CREGEN> E lowest :   -59.99254
 99 structures remain within     6.00 kcal/mol window

========================================
           MTD Simulations done         
========================================
 Collecting ensmbles.
CREGEN> running RMSDs ... done.
CREGEN> E lowest :   -59.99254
 99 structures remain within     6.00 kcal/mol window
     H(298.15K)-H(0) (conf)      0.662585
                   Cp(conf)      2.501287
                    S(conf)      4.269387

********************************************************************************
**                     I T E R A T I O N    C Y C L E      1                  **
********************************************************************************
 -------------------------------------------
 determining bias structures via PCA/k-Means
 -------------------------------------------

 4 structures were selected
 done.

 -----------------------------------------------
 determining MTD seed structures via PCA/k-Means
 -----------------------------------------------

 36 structures were selected
 done.


 ===========================================================
 Static MTDs (umbrella sampling) on 36 selected conformer(s)
 ===========================================================
> Using 4 constant RMSD bias potentials per MTD
  :::::::::: starting static MTD   1 ::::::::::
  |   MD simulation time   :     6.0 ps       |
  |   target T             :   400.0 K        |
  |   timestep dt          :     5.0 fs       |
  |   dump interval(trj)   :   100.0 fs       |
  |   SHAKE algorithm      : true (all bonds) |
  |   Vbias prefactor (k)  :  0.0021 Eh       |
  |   Vbias exponent (α)   :  1.0000 bohr⁻²   |
  :::::::::: starting static MTD   7 ::::::::::
  |   MD simulation time   :     6.0 ps       |
  |   target T             :   400.0 K        |
  |   timestep dt          :     5.0 fs       |
  |   dump interval(trj)   :   100.0 fs       |
  |   SHAKE algorithm      : true (all bonds) |
  |   Vbias prefactor (k)  :  0.0021 Eh       |
  |   Vbias exponent (α)   :  1.0000 bohr⁻²   |
  :::::::::: starting static MTD   9 ::::::::::
  |   MD simulation time   :     6.0 ps       |
  |   target T             :   400.0 K        |
  |   timestep dt          :     5.0 fs       |
  |   dump interval(trj)   :   100.0 fs       |
  |   SHAKE algorithm      : true (all bonds) |
  |   Vbias prefactor (k)  :  0.0021 Eh       |
  |   Vbias exponent (α)   :  1.0000 bohr⁻²   |
  :::::::::: starting static MTD  36 ::::::::::
  |   MD simulation time   :     6.0 ps       |
  |   target T             :   400.0 K        |
  |   timestep dt          :     5.0 fs       |
  |   dump interval(trj)   :   100.0 fs       |
  |   SHAKE algorithm      : true (all bonds) |
  |   Vbias prefactor (k)  :  0.0021 Eh       |
  |   Vbias exponent (α)   :  1.0000 bohr⁻²   |
  :::::::::: starting static MTD  14 ::::::::::
  |   MD simulation time   :     6.0 ps       |
  |   target T             :   400.0 K        |
  |   timestep dt          :     5.0 fs       |
  |   dump interval(trj)   :   100.0 fs       |
  |   SHAKE algorithm      : true (all bonds) |
  |   Vbias prefactor (k)  :  0.0021 Eh       |
  |   Vbias exponent (α)   :  1.0000 bohr⁻²   |
  :::::::::: starting static MTD  13 ::::::::::
  |   MD simulation time   :     6.0 ps       |
  |   target T             :   400.0 K        |
  |   timestep dt          :     5.0 fs       |
  |   dump interval(trj)   :   100.0 fs       |
  |   SHAKE algorithm      : true (all bonds) |
  |   Vbias prefactor (k)  :  0.0021 Eh       |
  |   Vbias exponent (α)   :  1.0000 bohr⁻²   |
  :::::::::: starting static MTD   4 ::::::::::
  |   MD simulation time   :     6.0 ps       |
  |   target T             :   400.0 K        |
  |   timestep dt          :     5.0 fs       |
  |   dump interval(trj)   :   100.0 fs       |
  |   SHAKE algorithm      : true (all bonds) |
  |   Vbias prefactor (k)  :  0.0021 Eh       |
  |   Vbias exponent (α)   :  1.0000 bohr⁻²   |
  :::::::::: starting static MTD   6 ::::::::::
  |   MD simulation time   :     6.0 ps       |
  |   target T             :   400.0 K        |
  |   timestep dt          :     5.0 fs       |
  |   dump interval(trj)   :   100.0 fs       |
  |   SHAKE algorithm      : true (all bonds) |
  |   Vbias prefactor (k)  :  0.0021 Eh       |
  |   Vbias exponent (α)   :  1.0000 bohr⁻²   |
  :::::::::: starting static MTD  10 ::::::::::
  |   MD simulation time   :     6.0 ps       |
  |   target T             :   400.0 K        |
  |   timestep dt          :     5.0 fs       |
  |   dump interval(trj)   :   100.0 fs       |
  |   SHAKE algorithm      : true (all bonds) |
  |   Vbias prefactor (k)  :  0.0021 Eh       |
  |   Vbias exponent (α)   :  1.0000 bohr⁻²   |
  :::::::::: starting static MTD  12 ::::::::::
  |   MD simulation time   :     6.0 ps       |
  |   target T             :   400.0 K        |
  |   timestep dt          :     5.0 fs       |
  |   dump interval(trj)   :   100.0 fs       |
  |   SHAKE algorithm      : true (all bonds) |
  |   Vbias prefactor (k)  :  0.0021 Eh       |
  |   Vbias exponent (α)   :  1.0000 bohr⁻²   |
  :::::::::: starting static MTD  15 ::::::::::
  |   MD simulation time   :     6.0 ps       |
  |   target T             :   400.0 K        |
  |   timestep dt          :     5.0 fs       |
  |   dump interval(trj)   :   100.0 fs       |
  |   SHAKE algorithm      : true (all bonds) |
  |   Vbias prefactor (k)  :  0.0021 Eh       |
  |   Vbias exponent (α)   :  1.0000 bohr⁻²   |
  :::::::::: starting static MTD  11 ::::::::::
  |   MD simulation time   :     6.0 ps       |
  |   target T             :   400.0 K        |
  |   timestep dt          :     5.0 fs       |
  |   dump interval(trj)   :   100.0 fs       |
  |   SHAKE algorithm      : true (all bonds) |
  |   Vbias prefactor (k)  :  0.0021 Eh       |
  |   Vbias exponent (α)   :  1.0000 bohr⁻²   |
  :::::::::: starting static MTD   8 ::::::::::
  |   MD simulation time   :     6.0 ps       |
  |   target T             :   400.0 K        |
  |   timestep dt          :     5.0 fs       |
  |   dump interval(trj)   :   100.0 fs       |
  |   SHAKE algorithm      : true (all bonds) |
  |   Vbias prefactor (k)  :  0.0021 Eh       |
  |   Vbias exponent (α)   :  1.0000 bohr⁻²   |
  :::::::::: starting static MTD   5 ::::::::::
  |   MD simulation time   :     6.0 ps       |
  |   target T             :   400.0 K        |
  |   timestep dt          :     5.0 fs       |
  |   dump interval(trj)   :   100.0 fs       |
  |   SHAKE algorithm      : true (all bonds) |
  |   Vbias prefactor (k)  :  0.0021 Eh       |
  |   Vbias exponent (α)   :  1.0000 bohr⁻²   |
  :::::::::: starting static MTD   2 ::::::::::
  |   MD simulation time   :     6.0 ps       |
  |   target T             :   400.0 K        |
  |   timestep dt          :     5.0 fs       |
  |   dump interval(trj)   :   100.0 fs       |
  |   SHAKE algorithm      : true (all bonds) |
  |   Vbias prefactor (k)  :  0.0021 Eh       |
  |   Vbias exponent (α)   :  1.0000 bohr⁻²   |
  :::::::::: starting static MTD   3 ::::::::::
  |   MD simulation time   :     6.0 ps       |
  |   target T             :   400.0 K        |
  |   timestep dt          :     5.0 fs       |
  |   dump interval(trj)   :   100.0 fs       |
  |   SHAKE algorithm      : true (all bonds) |
  |   Vbias prefactor (k)  :  0.0021 Eh       |
  |   Vbias exponent (α)   :  1.0000 bohr⁻²   |
*sMTD   2 completed successfully ...        0 min, 48.416 sec
  :::::::::: starting static MTD  16 ::::::::::
  |   MD simulation time   :     6.0 ps       |
  |   target T             :   400.0 K        |
  |   timestep dt          :     5.0 fs       |
  |   dump interval(trj)   :   100.0 fs       |
  |   SHAKE algorithm      : true (all bonds) |
  |   Vbias prefactor (k)  :  0.0021 Eh       |
  |   Vbias exponent (α)   :  1.0000 bohr⁻²   |
*sMTD   7 completed successfully ...        0 min, 48.501 sec
  :::::::::: starting static MTD  17 ::::::::::
  |   MD simulation time   :     6.0 ps       |
  |   target T             :   400.0 K        |
  |   timestep dt          :     5.0 fs       |
  |   dump interval(trj)   :   100.0 fs       |
  |   SHAKE algorithm      : true (all bonds) |
  |   Vbias prefactor (k)  :  0.0021 Eh       |
  |   Vbias exponent (α)   :  1.0000 bohr⁻²   |
*sMTD   5 completed successfully ...        0 min, 48.519 sec
  :::::::::: starting static MTD  18 ::::::::::
  |   MD simulation time   :     6.0 ps       |
  |   target T             :   400.0 K        |
  |   timestep dt          :     5.0 fs       |
  |   dump interval(trj)   :   100.0 fs       |
  |   SHAKE algorithm      : true (all bonds) |
  |   Vbias prefactor (k)  :  0.0021 Eh       |
  |   Vbias exponent (α)   :  1.0000 bohr⁻²   |
*sMTD  13 completed successfully ...        0 min, 48.536 sec
  :::::::::: starting static MTD  19 ::::::::::
  |   MD simulation time   :     6.0 ps       |
  |   target T             :   400.0 K        |
  |   timestep dt          :     5.0 fs       |
  |   dump interval(trj)   :   100.0 fs       |
  |   SHAKE algorithm      : true (all bonds) |
  |   Vbias prefactor (k)  :  0.0021 Eh       |
  |   Vbias exponent (α)   :  1.0000 bohr⁻²   |
*sMTD   1 completed successfully ...        0 min, 48.624 sec
  :::::::::: starting static MTD  20 ::::::::::
  |   MD simulation time   :     6.0 ps       |
  |   target T             :   400.0 K        |
  |   timestep dt          :     5.0 fs       |
  |   dump interval(trj)   :   100.0 fs       |
  |   SHAKE algorithm      : true (all bonds) |
  |   Vbias prefactor (k)  :  0.0021 Eh       |
  |   Vbias exponent (α)   :  1.0000 bohr⁻²   |
*sMTD   9 completed successfully ...        0 min, 48.640 sec
  :::::::::: starting static MTD  21 ::::::::::
  |   MD simulation time   :     6.0 ps       |
  |   target T             :   400.0 K        |
  |   timestep dt          :     5.0 fs       |
  |   dump interval(trj)   :   100.0 fs       |
  |   SHAKE algorithm      : true (all bonds) |
  |   Vbias prefactor (k)  :  0.0021 Eh       |
  |   Vbias exponent (α)   :  1.0000 bohr⁻²   |
*sMTD  15 completed successfully ...        0 min, 48.669 sec
  :::::::::: starting static MTD  22 ::::::::::
  |   MD simulation time   :     6.0 ps       |
  |   target T             :   400.0 K        |
  |   timestep dt          :     5.0 fs       |
  |   dump interval(trj)   :   100.0 fs       |
  |   SHAKE algorithm      : true (all bonds) |
  |   Vbias prefactor (k)  :  0.0021 Eh       |
  |   Vbias exponent (α)   :  1.0000 bohr⁻²   |
*sMTD   4 completed successfully ...        0 min, 48.684 sec
  :::::::::: starting static MTD  23 ::::::::::
  |   MD simulation time   :     6.0 ps       |
  |   target T             :   400.0 K        |
  |   timestep dt          :     5.0 fs       |
  |   dump interval(trj)   :   100.0 fs       |
  |   SHAKE algorithm      : true (all bonds) |
  |   Vbias prefactor (k)  :  0.0021 Eh       |
  |   Vbias exponent (α)   :  1.0000 bohr⁻²   |
*sMTD   6 completed successfully ...        0 min, 48.812 sec
  :::::::::: starting static MTD  24 ::::::::::
  |   MD simulation time   :     6.0 ps       |
  |   target T             :   400.0 K        |
  |   timestep dt          :     5.0 fs       |
  |   dump interval(trj)   :   100.0 fs       |
  |   SHAKE algorithm      : true (all bonds) |
  |   Vbias prefactor (k)  :  0.0021 Eh       |
  |   Vbias exponent (α)   :  1.0000 bohr⁻²   |
*sMTD  11 completed successfully ...        0 min, 48.814 sec
  :::::::::: starting static MTD  25 ::::::::::
  |   MD simulation time   :     6.0 ps       |
  |   target T             :   400.0 K        |
  |   timestep dt          :     5.0 fs       |
  |   dump interval(trj)   :   100.0 fs       |
  |   SHAKE algorithm      : true (all bonds) |
  |   Vbias prefactor (k)  :  0.0021 Eh       |
  |   Vbias exponent (α)   :  1.0000 bohr⁻²   |
*sMTD   3 completed successfully ...        0 min, 48.916 sec
  :::::::::: starting static MTD  26 ::::::::::
  |   MD simulation time   :     6.0 ps       |
  |   target T             :   400.0 K        |
  |   timestep dt          :     5.0 fs       |
  |   dump interval(trj)   :   100.0 fs       |
  |   SHAKE algorithm      : true (all bonds) |
  |   Vbias prefactor (k)  :  0.0021 Eh       |
  |   Vbias exponent (α)   :  1.0000 bohr⁻²   |
*sMTD  14 completed successfully ...        0 min, 49.162 sec
  :::::::::: starting static MTD  27 ::::::::::
  |   MD simulation time   :     6.0 ps       |
  |   target T             :   400.0 K        |
  |   timestep dt          :     5.0 fs       |
  |   dump interval(trj)   :   100.0 fs       |
  |   SHAKE algorithm      : true (all bonds) |
  |   Vbias prefactor (k)  :  0.0021 Eh       |
  |   Vbias exponent (α)   :  1.0000 bohr⁻²   |
*sMTD  10 completed successfully ...        0 min, 49.188 sec
  :::::::::: starting static MTD  28 ::::::::::
  |   MD simulation time   :     6.0 ps       |
  |   target T             :   400.0 K        |
  |   timestep dt          :     5.0 fs       |
  |   dump interval(trj)   :   100.0 fs       |
  |   SHAKE algorithm      : true (all bonds) |
  |   Vbias prefactor (k)  :  0.0021 Eh       |
  |   Vbias exponent (α)   :  1.0000 bohr⁻²   |
*sMTD  12 completed successfully ...        0 min, 49.629 sec
  :::::::::: starting static MTD  29 ::::::::::
  |   MD simulation time   :     6.0 ps       |
  |   target T             :   400.0 K        |
  |   timestep dt          :     5.0 fs       |
  |   dump interval(trj)   :   100.0 fs       |
  |   SHAKE algorithm      : true (all bonds) |
  |   Vbias prefactor (k)  :  0.0021 Eh       |
  |   Vbias exponent (α)   :  1.0000 bohr⁻²   |
*sMTD   8 completed successfully ...        0 min, 49.728 sec
  :::::::::: starting static MTD  30 ::::::::::
  |   MD simulation time   :     6.0 ps       |
  |   target T             :   400.0 K        |
  |   timestep dt          :     5.0 fs       |
  |   dump interval(trj)   :   100.0 fs       |
  |   SHAKE algorithm      : true (all bonds) |
  |   Vbias prefactor (k)  :  0.0021 Eh       |
  |   Vbias exponent (α)   :  1.0000 bohr⁻²   |
*sMTD  36 completed successfully ...        0 min, 49.785 sec
  :::::::::: starting static MTD  35 ::::::::::
  |   MD simulation time   :     6.0 ps       |
  |   target T             :   400.0 K        |
  |   timestep dt          :     5.0 fs       |
  |   dump interval(trj)   :   100.0 fs       |
  |   SHAKE algorithm      : true (all bonds) |
  |   Vbias prefactor (k)  :  0.0021 Eh       |
  |   Vbias exponent (α)   :  1.0000 bohr⁻²   |
*sMTD  17 completed successfully ...        0 min, 47.481 sec
  :::::::::: starting static MTD  31 ::::::::::
  |   MD simulation time   :     6.0 ps       |
  |   target T             :   400.0 K        |
  |   timestep dt          :     5.0 fs       |
  |   dump interval(trj)   :   100.0 fs       |
  |   SHAKE algorithm      : true (all bonds) |
  |   Vbias prefactor (k)  :  0.0021 Eh       |
  |   Vbias exponent (α)   :  1.0000 bohr⁻²   |
*sMTD  19 completed successfully ...        0 min, 48.099 sec
  :::::::::: starting static MTD  32 ::::::::::
  |   MD simulation time   :     6.0 ps       |
  |   target T             :   400.0 K        |
  |   timestep dt          :     5.0 fs       |
  |   dump interval(trj)   :   100.0 fs       |
  |   SHAKE algorithm      : true (all bonds) |
  |   Vbias prefactor (k)  :  0.0021 Eh       |
  |   Vbias exponent (α)   :  1.0000 bohr⁻²   |
*sMTD  20 completed successfully ...        0 min, 48.214 sec
  :::::::::: starting static MTD  33 ::::::::::
  |   MD simulation time   :     6.0 ps       |
  |   target T             :   400.0 K        |
  |   timestep dt          :     5.0 fs       |
  |   dump interval(trj)   :   100.0 fs       |
  |   SHAKE algorithm      : true (all bonds) |
  |   Vbias prefactor (k)  :  0.0021 Eh       |
  |   Vbias exponent (α)   :  1.0000 bohr⁻²   |
*sMTD  25 completed successfully ...        0 min, 48.056 sec
  :::::::::: starting static MTD  34 ::::::::::
  |   MD simulation time   :     6.0 ps       |
  |   target T             :   400.0 K        |
  |   timestep dt          :     5.0 fs       |
  |   dump interval(trj)   :   100.0 fs       |
  |   SHAKE algorithm      : true (all bonds) |
  |   Vbias prefactor (k)  :  0.0021 Eh       |
  |   Vbias exponent (α)   :  1.0000 bohr⁻²   |
*sMTD  16 completed successfully ...        0 min, 48.753 sec
*sMTD  21 completed successfully ...        0 min, 48.576 sec
*sMTD  23 completed successfully ...        0 min, 48.580 sec
*sMTD  24 completed successfully ...        0 min, 48.579 sec
*sMTD  27 completed successfully ...        0 min, 48.261 sec
*sMTD  22 completed successfully ...        0 min, 48.803 sec
*sMTD  35 completed successfully ...        0 min, 47.720 sec
*sMTD  18 completed successfully ...        0 min, 48.997 sec
*sMTD  26 completed successfully ...        0 min, 48.628 sec
*sMTD  29 completed successfully ...        0 min, 48.112 sec
*sMTD  28 completed successfully ...        0 min, 48.643 sec
*sMTD  30 completed successfully ...        0 min, 48.455 sec
*sMTD  33 completed successfully ...        0 min, 26.346 sec
*sMTD  31 completed successfully ...        0 min, 27.207 sec
*sMTD  32 completed successfully ...        0 min, 26.747 sec
*sMTD  34 completed successfully ...        0 min, 26.598 sec

 ======================================
 |  Multilevel Ensemble Optimization  |
 ======================================
 Optimizing all 2124 structures from file "crest_rotamers_0.xyz" ...
 ----------------------
 crude pre-optimization
 ----------------------
 Optimization engine: ANCOPT
 Hessian update type: BFGS
 E/G convergence criteria:  0.500E-03 Eh, 0.100E-01 Eh/a0
 maximum optimization steps: 200
 |>0.0% |>7.5% |>15.0% |>22.5% |>30.0% |>37.5% |>45.0% |>52.5% |>60.0% |>67.5% |>75.0% |>82.5% |>90.0% |>97.5% |>100.0%
 done.
> 2124 of 2124 structures successfully optimized (100.0% success)
> Total runtime for 2124 optimizations:
 * wall-time:     0 d,  0 h,  0 min, 52.774 sec
 *  cpu-time:     0 d,  0 h, 13 min, 24.252 sec
 * ratio c/w:    15.240 speedup
> Corresponding to approximately 0.025 sec per processed structure

CREGEN> running RMSDs ... done.
CREGEN> E lowest :   -59.99219
 1217 structures remain within    12.00 kcal/mol window
 ---------------------------------------
 optimization with very tight thresholds
 ---------------------------------------
 Optimization engine: ANCOPT
 Hessian update type: BFGS
 E/G convergence criteria:  0.100E-06 Eh, 0.200E-03 Eh/a0
 maximum optimization steps: 200
 |>0.1% |>7.6% |>15.0% |>22.5% |>30.1% |>37.6% |>45.0% |>52.5% |>60.1% |>67.5% |>75.0% |>82.6% |>90.1% |>97.5% |>100.0%
 done.
> 1216 of 1217 structures successfully optimized (99.9% success)
> Total runtime for 1217 optimizations:
 * wall-time:     0 d,  0 h,  1 min, 52.982 sec
 *  cpu-time:     0 d,  0 h, 28 min, 42.884 sec
 * ratio c/w:    15.249 speedup
> Corresponding to approximately 0.093 sec per processed structure

CREGEN> running RMSDs ... done.
CREGEN> E lowest :   -59.99254
 82 structures remain within     6.00 kcal/mol window
CREGEN> running RMSDs ... done.
CREGEN> E lowest :   -59.99254

 Static MTD simulation iteration 1 finished
 A total of 57 conformers (+12.28%) in crest_conformers.xyz
 S(approx.) =    4.631876 cal/molK (dS = 7.78%)
 Convergence w.r.t. conformers: F
 Convergence w.r.t. entropy   : F

     H(298.15K)-H(0) (conf)      0.718322
                   Cp(conf)      2.577522
                    S(conf)      4.629610

********************************************************************************
**                     I T E R A T I O N    C Y C L E      2                  **
********************************************************************************
 -------------------------------------------
 determining bias structures via PCA/k-Means
 -------------------------------------------

 5 structures were selected
 done.

 -----------------------------------------------
 determining MTD seed structures via PCA/k-Means
 -----------------------------------------------

 36 structures were selected
 done.


 ===========================================================
 Static MTDs (umbrella sampling) on 36 selected conformer(s)
 ===========================================================
> Using 5 constant RMSD bias potentials per MTD
  :::::::::: starting static MTD   1 ::::::::::
  |   MD simulation time   :     6.0 ps       |
  |   target T             :   400.0 K        |
  |   timestep dt          :     5.0 fs       |
  |   dump interval(trj)   :   100.0 fs       |
  |   SHAKE algorithm      : true (all bonds) |
  |   Vbias prefactor (k)  :  0.0021 Eh       |
  |   Vbias exponent (α)   :  1.0000 bohr⁻²   |
  :::::::::: starting static MTD   5 ::::::::::
  |   MD simulation time   :     6.0 ps       |
  |   target T             :   400.0 K        |
  |   timestep dt          :     5.0 fs       |
  |   dump interval(trj)   :   100.0 fs       |
  |   SHAKE algorithm      : true (all bonds) |
  |   Vbias prefactor (k)  :  0.0021 Eh       |
  |   Vbias exponent (α)   :  1.0000 bohr⁻²   |
  :::::::::: starting static MTD   4 ::::::::::
  |   MD simulation time   :     6.0 ps       |
  |   target T             :   400.0 K        |
  |   timestep dt          :     5.0 fs       |
  |   dump interval(trj)   :   100.0 fs       |
  |   SHAKE algorithm      : true (all bonds) |
  |   Vbias prefactor (k)  :  0.0021 Eh       |
  |   Vbias exponent (α)   :  1.0000 bohr⁻²   |
  :::::::::: starting static MTD   9 ::::::::::
  |   MD simulation time   :     6.0 ps       |
  |   target T             :   400.0 K        |
  |   timestep dt          :     5.0 fs       |
  |   dump interval(trj)   :   100.0 fs       |
  |   SHAKE algorithm      : true (all bonds) |
  |   Vbias prefactor (k)  :  0.0021 Eh       |
  |   Vbias exponent (α)   :  1.0000 bohr⁻²   |
  :::::::::: starting static MTD   7 ::::::::::
  |   MD simulation time   :     6.0 ps       |
  |   target T             :   400.0 K        |
  |   timestep dt          :     5.0 fs       |
  |   dump interval(trj)   :   100.0 fs       |
  |   SHAKE algorithm      : true (all bonds) |
  |   Vbias prefactor (k)  :  0.0021 Eh       |
  |   Vbias exponent (α)   :  1.0000 bohr⁻²   |
  :::::::::: starting static MTD  36 ::::::::::
  |   MD simulation time   :     6.0 ps       |
  |   target T             :   400.0 K        |
  |   timestep dt          :     5.0 fs       |
  |   dump interval(trj)   :   100.0 fs       |
  |   SHAKE algorithm      : true (all bonds) |
  |   Vbias prefactor (k)  :  0.0021 Eh       |
  |   Vbias exponent (α)   :  1.0000 bohr⁻²   |
  :::::::::: starting static MTD   8 ::::::::::
  |   MD simulation time   :     6.0 ps       |
  |   target T             :   400.0 K        |
  |   timestep dt          :     5.0 fs       |
  |   dump interval(trj)   :   100.0 fs       |
  |   SHAKE algorithm      : true (all bonds) |
  |   Vbias prefactor (k)  :  0.0021 Eh       |
  |   Vbias exponent (α)   :  1.0000 bohr⁻²   |
  :::::::::: starting static MTD   3 ::::::::::
  |   MD simulation time   :     6.0 ps       |
  |   target T             :   400.0 K        |
  |   timestep dt          :     5.0 fs       |
  |   dump interval(trj)   :   100.0 fs       |
  |   SHAKE algorithm      : true (all bonds) |
  |   Vbias prefactor (k)  :  0.0021 Eh       |
  |   Vbias exponent (α)   :  1.0000 bohr⁻²   |
  :::::::::: starting static MTD   2 ::::::::::
  |   MD simulation time   :     6.0 ps       |
  |   target T             :   400.0 K        |
  |   timestep dt          :     5.0 fs       |
  |   dump interval(trj)   :   100.0 fs       |
  |   SHAKE algorithm      : true (all bonds) |
  |   Vbias prefactor (k)  :  0.0021 Eh       |
  |   Vbias exponent (α)   :  1.0000 bohr⁻²   |
  :::::::::: starting static MTD  15 ::::::::::
  |   MD simulation time   :     6.0 ps       |
  |   target T             :   400.0 K        |
  |   timestep dt          :     5.0 fs       |
  |   dump interval(trj)   :   100.0 fs       |
  |   SHAKE algorithm      : true (all bonds) |
  |   Vbias prefactor (k)  :  0.0021 Eh       |
  |   Vbias exponent (α)   :  1.0000 bohr⁻²   |
  :::::::::: starting static MTD  11 ::::::::::
  |   MD simulation time   :     6.0 ps       |
  |   target T             :   400.0 K        |
  |   timestep dt          :     5.0 fs       |
  |   dump interval(trj)   :   100.0 fs       |
  |   SHAKE algorithm      : true (all bonds) |
  |   Vbias prefactor (k)  :  0.0021 Eh       |
  |   Vbias exponent (α)   :  1.0000 bohr⁻²   |
  :::::::::: starting static MTD  13 ::::::::::
  |   MD simulation time   :     6.0 ps       |
  |   target T             :   400.0 K        |
  |   timestep dt          :     5.0 fs       |
  |   dump interval(trj)   :   100.0 fs       |
  |   SHAKE algorithm      : true (all bonds) |
  |   Vbias prefactor (k)  :  0.0021 Eh       |
  |   Vbias exponent (α)   :  1.0000 bohr⁻²   |
  :::::::::: starting static MTD  14 ::::::::::
  |   MD simulation time   :     6.0 ps       |
  |   target T             :   400.0 K        |
  |   timestep dt          :     5.0 fs       |
  |   dump interval(trj)   :   100.0 fs       |
  |   SHAKE algorithm      : true (all bonds) |
  |   Vbias prefactor (k)  :  0.0021 Eh       |
  |   Vbias exponent (α)   :  1.0000 bohr⁻²   |
  :::::::::: starting static MTD  10 ::::::::::
  |   MD simulation time   :     6.0 ps       |
  |   target T             :   400.0 K        |
  |   timestep dt          :     5.0 fs       |
  |   dump interval(trj)   :   100.0 fs       |
  |   SHAKE algorithm      : true (all bonds) |
  |   Vbias prefactor (k)  :  0.0021 Eh       |
  |   Vbias exponent (α)   :  1.0000 bohr⁻²   |
  :::::::::: starting static MTD  12 ::::::::::
  |   MD simulation time   :     6.0 ps       |
  |   target T             :   400.0 K        |
  |   timestep dt          :     5.0 fs       |
  |   dump interval(trj)   :   100.0 fs       |
  |   SHAKE algorithm      : true (all bonds) |
  |   Vbias prefactor (k)  :  0.0021 Eh       |
  |   Vbias exponent (α)   :  1.0000 bohr⁻²   |
  :::::::::: starting static MTD   6 ::::::::::
  |   MD simulation time   :     6.0 ps       |
  |   target T             :   400.0 K        |
  |   timestep dt          :     5.0 fs       |
  |   dump interval(trj)   :   100.0 fs       |
  |   SHAKE algorithm      : true (all bonds) |
  |   Vbias prefactor (k)  :  0.0021 Eh       |
  |   Vbias exponent (α)   :  1.0000 bohr⁻²   |
*sMTD   2 completed successfully ...        0 min, 48.322 sec
  :::::::::: starting static MTD  16 ::::::::::
  |   MD simulation time   :     6.0 ps       |
  |   target T             :   400.0 K        |
  |   timestep dt          :     5.0 fs       |
  |   dump interval(trj)   :   100.0 fs       |
  |   SHAKE algorithm      : true (all bonds) |
  |   Vbias prefactor (k)  :  0.0021 Eh       |
  |   Vbias exponent (α)   :  1.0000 bohr⁻²   |
*sMTD  12 completed successfully ...        0 min, 48.334 sec
  :::::::::: starting static MTD  17 ::::::::::
  |   MD simulation time   :     6.0 ps       |
  |   target T             :   400.0 K        |
  |   timestep dt          :     5.0 fs       |
  |   dump interval(trj)   :   100.0 fs       |
  |   SHAKE algorithm      : true (all bonds) |
  |   Vbias prefactor (k)  :  0.0021 Eh       |
  |   Vbias exponent (α)   :  1.0000 bohr⁻²   |
*sMTD   7 completed successfully ...        0 min, 48.400 sec
  :::::::::: starting static MTD  18 ::::::::::
  |   MD simulation time   :     6.0 ps       |
  |   target T             :   400.0 K        |
  |   timestep dt          :     5.0 fs       |
  |   dump interval(trj)   :   100.0 fs       |
  |   SHAKE algorithm      : true (all bonds) |
  |   Vbias prefactor (k)  :  0.0021 Eh       |
  |   Vbias exponent (α)   :  1.0000 bohr⁻²   |
*sMTD   1 completed successfully ...        0 min, 48.430 sec
  :::::::::: starting static MTD  19 ::::::::::
  |   MD simulation time   :     6.0 ps       |
  |   target T             :   400.0 K        |
  |   timestep dt          :     5.0 fs       |
  |   dump interval(trj)   :   100.0 fs       |
  |   SHAKE algorithm      : true (all bonds) |
  |   Vbias prefactor (k)  :  0.0021 Eh       |
  |   Vbias exponent (α)   :  1.0000 bohr⁻²   |
*sMTD   3 completed successfully ...        0 min, 48.512 sec
  :::::::::: starting static MTD  20 ::::::::::
  |   MD simulation time   :     6.0 ps       |
  |   target T             :   400.0 K        |
  |   timestep dt          :     5.0 fs       |
  |   dump interval(trj)   :   100.0 fs       |
  |   SHAKE algorithm      : true (all bonds) |
  |   Vbias prefactor (k)  :  0.0021 Eh       |
  |   Vbias exponent (α)   :  1.0000 bohr⁻²   |
*sMTD   4 completed successfully ...        0 min, 48.623 sec
  :::::::::: starting static MTD  21 ::::::::::
  |   MD simulation time   :     6.0 ps       |
  |   target T             :   400.0 K        |
  |   timestep dt          :     5.0 fs       |
  |   dump interval(trj)   :   100.0 fs       |
  |   SHAKE algorithm      : true (all bonds) |
  |   Vbias prefactor (k)  :  0.0021 Eh       |
  |   Vbias exponent (α)   :  1.0000 bohr⁻²   |
*sMTD  10 completed successfully ...        0 min, 48.643 sec
  :::::::::: starting static MTD  22 ::::::::::
  |   MD simulation time   :     6.0 ps       |
  |   target T             :   400.0 K        |
  |   timestep dt          :     5.0 fs       |
  |   dump interval(trj)   :   100.0 fs       |
  |   SHAKE algorithm      : true (all bonds) |
  |   Vbias prefactor (k)  :  0.0021 Eh       |
  |   Vbias exponent (α)   :  1.0000 bohr⁻²   |
*sMTD   9 completed successfully ...        0 min, 48.774 sec
  :::::::::: starting static MTD  23 ::::::::::
  |   MD simulation time   :     6.0 ps       |
  |   target T             :   400.0 K        |
  |   timestep dt          :     5.0 fs       |
  |   dump interval(trj)   :   100.0 fs       |
  |   SHAKE algorithm      : true (all bonds) |
  |   Vbias prefactor (k)  :  0.0021 Eh       |
  |   Vbias exponent (α)   :  1.0000 bohr⁻²   |
*sMTD  14 completed successfully ...        0 min, 48.801 sec
  :::::::::: starting static MTD  24 ::::::::::
  |   MD simulation time   :     6.0 ps       |
  |   target T             :   400.0 K        |
  |   timestep dt          :     5.0 fs       |
  |   dump interval(trj)   :   100.0 fs       |
  |   SHAKE algorithm      : true (all bonds) |
  |   Vbias prefactor (k)  :  0.0021 Eh       |
  |   Vbias exponent (α)   :  1.0000 bohr⁻²   |
*sMTD  15 completed successfully ...        0 min, 48.892 sec
  :::::::::: starting static MTD  25 ::::::::::
  |   MD simulation time   :     6.0 ps       |
  |   target T             :   400.0 K        |
  |   timestep dt          :     5.0 fs       |
  |   dump interval(trj)   :   100.0 fs       |
  |   SHAKE algorithm      : true (all bonds) |
  |   Vbias prefactor (k)  :  0.0021 Eh       |
  |   Vbias exponent (α)   :  1.0000 bohr⁻²   |
*sMTD  13 completed successfully ...        0 min, 48.907 sec
  :::::::::: starting static MTD  26 ::::::::::
  |   MD simulation time   :     6.0 ps       |
  |   target T             :   400.0 K        |
  |   timestep dt          :     5.0 fs       |
  |   dump interval(trj)   :   100.0 fs       |
  |   SHAKE algorithm      : true (all bonds) |
  |   Vbias prefactor (k)  :  0.0021 Eh       |
  |   Vbias exponent (α)   :  1.0000 bohr⁻²   |
*sMTD   5 completed successfully ...        0 min, 48.935 sec
  :::::::::: starting static MTD  27 ::::::::::
  |   MD simulation time   :     6.0 ps       |
  |   target T             :   400.0 K        |
  |   timestep dt          :     5.0 fs       |
  |   dump interval(trj)   :   100.0 fs       |
  |   SHAKE algorithm      : true (all bonds) |
  |   Vbias prefactor (k)  :  0.0021 Eh       |
  |   Vbias exponent (α)   :  1.0000 bohr⁻²   |
*sMTD  11 completed successfully ...        0 min, 48.944 sec
  :::::::::: starting static MTD  28 ::::::::::
  |   MD simulation time   :     6.0 ps       |
  |   target T             :   400.0 K        |
  |   timestep dt          :     5.0 fs       |
  |   dump interval(trj)   :   100.0 fs       |
  |   SHAKE algorithm      : true (all bonds) |
  |   Vbias prefactor (k)  :  0.0021 Eh       |
  |   Vbias exponent (α)   :  1.0000 bohr⁻²   |
*sMTD   6 completed successfully ...        0 min, 48.956 sec
  :::::::::: starting static MTD  29 ::::::::::
  |   MD simulation time   :     6.0 ps       |
  |   target T             :   400.0 K        |
  |   timestep dt          :     5.0 fs       |
  |   dump interval(trj)   :   100.0 fs       |
  |   SHAKE algorithm      : true (all bonds) |
  |   Vbias prefactor (k)  :  0.0021 Eh       |
  |   Vbias exponent (α)   :  1.0000 bohr⁻²   |
*sMTD   8 completed successfully ...        0 min, 49.291 sec
  :::::::::: starting static MTD  30 ::::::::::
  |   MD simulation time   :     6.0 ps       |
  |   target T             :   400.0 K        |
  |   timestep dt          :     5.0 fs       |
  |   dump interval(trj)   :   100.0 fs       |
  |   SHAKE algorithm      : true (all bonds) |
  |   Vbias prefactor (k)  :  0.0021 Eh       |
  |   Vbias exponent (α)   :  1.0000 bohr⁻²   |
*sMTD  36 completed successfully ...        0 min, 49.528 sec
  :::::::::: starting static MTD  35 ::::::::::
  |   MD simulation time   :     6.0 ps       |
  |   target T             :   400.0 K        |
  |   timestep dt          :     5.0 fs       |
  |   dump interval(trj)   :   100.0 fs       |
  |   SHAKE algorithm      : true (all bonds) |
  |   Vbias prefactor (k)  :  0.0021 Eh       |
  |   Vbias exponent (α)   :  1.0000 bohr⁻²   |
*sMTD  19 completed successfully ...        0 min, 47.935 sec
  :::::::::: starting static MTD  31 ::::::::::
  |   MD simulation time   :     6.0 ps       |
  |   target T             :   400.0 K        |
  |   timestep dt          :     5.0 fs       |
  |   dump interval(trj)   :   100.0 fs       |
  |   SHAKE algorithm      : true (all bonds) |
  |   Vbias prefactor (k)  :  0.0021 Eh       |
  |   Vbias exponent (α)   :  1.0000 bohr⁻²   |
*sMTD  17 completed successfully ...        0 min, 48.561 sec
  :::::::::: starting static MTD  32 ::::::::::
  |   MD simulation time   :     6.0 ps       |
  |   target T             :   400.0 K        |
  |   timestep dt          :     5.0 fs       |
  |   dump interval(trj)   :   100.0 fs       |
  |   SHAKE algorithm      : true (all bonds) |
  |   Vbias prefactor (k)  :  0.0021 Eh       |
  |   Vbias exponent (α)   :  1.0000 bohr⁻²   |
*sMTD  21 completed successfully ...        0 min, 48.388 sec
  :::::::::: starting static MTD  33 ::::::::::
  |   MD simulation time   :     6.0 ps       |
  |   target T             :   400.0 K        |
  |   timestep dt          :     5.0 fs       |
  |   dump interval(trj)   :   100.0 fs       |
  |   SHAKE algorithm      : true (all bonds) |
  |   Vbias prefactor (k)  :  0.0021 Eh       |
  |   Vbias exponent (α)   :  1.0000 bohr⁻²   |
*sMTD  26 completed successfully ...        0 min, 48.119 sec
  :::::::::: starting static MTD  34 ::::::::::
  |   MD simulation time   :     6.0 ps       |
  |   target T             :   400.0 K        |
  |   timestep dt          :     5.0 fs       |
  |   dump interval(trj)   :   100.0 fs       |
  |   SHAKE algorithm      : true (all bonds) |
  |   Vbias prefactor (k)  :  0.0021 Eh       |
  |   Vbias exponent (α)   :  1.0000 bohr⁻²   |
*sMTD  24 completed successfully ...        0 min, 48.290 sec
*sMTD  27 completed successfully ...        0 min, 48.186 sec
*sMTD  22 completed successfully ...        0 min, 48.577 sec
*sMTD  23 completed successfully ...        0 min, 48.474 sec
*sMTD  20 completed successfully ...        0 min, 48.746 sec
*sMTD  28 completed successfully ...        0 min, 48.326 sec
*sMTD  25 completed successfully ...        0 min, 48.386 sec
*sMTD  35 completed successfully ...        0 min, 47.750 sec
*sMTD  16 completed successfully ...        0 min, 49.089 sec
*sMTD  29 completed successfully ...        0 min, 48.547 sec
*sMTD  18 completed successfully ...        0 min, 49.212 sec
*sMTD  30 completed successfully ...        0 min, 48.417 sec
*sMTD  31 completed successfully ...        0 min, 26.918 sec
*sMTD  33 completed successfully ...        0 min, 26.327 sec
*sMTD  34 completed successfully ...        0 min, 26.358 sec
*sMTD  32 completed successfully ...        0 min, 26.569 sec

 ======================================
 |  Multilevel Ensemble Optimization  |
 ======================================
 Optimizing all 2124 structures from file "crest_rotamers_0.xyz" ...
 ----------------------
 crude pre-optimization
 ----------------------
 Optimization engine: ANCOPT
 Hessian update type: BFGS
 E/G convergence criteria:  0.500E-03 Eh, 0.100E-01 Eh/a0
 maximum optimization steps: 200
 |>0.0% |>7.5% |>15.0% |>22.5% |>30.0% |>37.5% |>45.0% |>52.5% |>60.0% |>67.5% |>75.0% |>82.5% |>90.0% |>97.5% |>100.0%
 done.
> 2124 of 2124 structures successfully optimized (100.0% success)
> Total runtime for 2124 optimizations:
 * wall-time:     0 d,  0 h,  0 min, 52.864 sec
 *  cpu-time:     0 d,  0 h, 13 min, 24.135 sec
 * ratio c/w:    15.211 speedup
> Corresponding to approximately 0.025 sec per processed structure

CREGEN> running RMSDs ... done.
CREGEN> E lowest :   -59.99229
 1176 structures remain within    12.00 kcal/mol window
 ---------------------------------------
 optimization with very tight thresholds
 ---------------------------------------
 Optimization engine: ANCOPT
 Hessian update type: BFGS
 E/G convergence criteria:  0.100E-06 Eh, 0.200E-03 Eh/a0
 maximum optimization steps: 200
 |>0.1% |>7.6% |>15.1% |>22.5% |>30.0% |>37.5% |>45.1% |>52.6% |>60.0% |>67.5% |>75.0% |>82.6% |>90.1% |>97.5% |>100.0%
 done.
> 1171 of 1176 structures successfully optimized (99.6% success)
> Total runtime for 1176 optimizations:
 * wall-time:     0 d,  0 h,  1 min, 45.380 sec
 *  cpu-time:     0 d,  0 h, 26 min, 53.033 sec
 * ratio c/w:    15.307 speedup
> Corresponding to approximately 0.090 sec per processed structure

CREGEN> running RMSDs ... done.
CREGEN> E lowest :   -59.99254
 86 structures remain within     6.00 kcal/mol window
CREGEN> running RMSDs ... done.
CREGEN> E lowest :   -59.99254

 Static MTD simulation iteration 2 finished
 A total of 58 conformers (+ 1.72%) in crest_conformers.xyz
 S(approx.) =    4.632812 cal/molK (dS = 0.02%)
 Convergence w.r.t. conformers: T
 Convergence w.r.t. entropy   : T

     H(298.15K)-H(0) (conf)      0.718486
                   Cp(conf)      2.581908
                    S(conf)      4.630542


 --------------------------
 Final Ensemble Information
 --------------------------
 input  file name : crest_rotamers_2.xyz
 output file name : crest_rotamers_3.xyz
 number of atoms                :   33
 number of points on xyz files  :   204
 RMSD threshold                 :   0.1250
 Bconst threshold               :   0.0100
 population threshold           :   0.0500
 # fragment in coord            :     1
 # bonds in reference structure :    34
 number of reliable points      :   204
 sorting energy window (EWIN)   :    6.0000 / kcal*mol⁻¹
 reference state Etot           :  -59.992543519999998
 number of doubles removed by rot/RMSD         :          74
 total number unique points considered further :         130
       Erel/kcal        Etot weight/tot  conformer     set   degen     origin
       1   0.000   -59.99254    0.11740    0.35218       1       3
       2   0.530   -59.99170    0.04801    0.14403       2       3
       3   0.762   -59.99133    0.03248    0.09744       3       3
       4   0.840   -59.99120    0.02845    0.08535       4       3
       5   0.875   -59.99115    0.02686    0.08058       5       3
       6   1.082   -59.99082    0.01892    0.03784       6       2
       7   1.084   -59.99082    0.01888    0.01888       7       1
       8   1.391   -59.99033    0.01124    0.03373       8       3
       9   1.447   -59.99024    0.01023    0.03070       9       3
      10   1.467   -59.99021    0.00989    0.02968      10       3
      11   1.537   -59.99009    0.00879    0.00879      11       1
      12   1.631   -59.98994    0.00750    0.02250      12       3
      13   1.877   -59.98955    0.00495    0.01486      13       3
      14   1.893   -59.98953    0.00482    0.01447      14       3
      15   2.245   -59.98897    0.00267    0.00800      15       3
      16   2.390   -59.98874    0.00209    0.00626      16       3
      17   2.703   -59.98824    0.00123    0.00123      17       1
      18   2.792   -59.98809    0.00106    0.00317      18       3
      19   2.822   -59.98805    0.00101    0.00301      19       3
      20   2.978   -59.98780    0.00077    0.00232      20       3
      21   3.148   -59.98753    0.00058    0.00174      21       3
      22   3.798   -59.98649    0.00019    0.00058      22       3
      23   3.986   -59.98619    0.00014    0.00042      23       3
      24   4.055   -59.98608    0.00013    0.00025      24       2
      25   4.173   -59.98589    0.00010    0.00031      25       3
      26   4.228   -59.98581    0.00009    0.00009      26       1
      27   4.236   -59.98579    0.00009    0.00019      27       2
      28   4.467   -59.98542    0.00006    0.00013      28       2
      29   4.563   -59.98527    0.00005    0.00016      29       3
      30   4.635   -59.98516    0.00005    0.00009      30       2
      31   4.652   -59.98513    0.00005    0.00009      31       2
      32   4.653   -59.98513    0.00005    0.00005      32       1
      33   4.684   -59.98508    0.00004    0.00009      33       2
      34   4.787   -59.98492    0.00004    0.00011      34       3
      35   4.810   -59.98488    0.00004    0.00004      35       1
      36   4.895   -59.98474    0.00003    0.00009      36       3
      37   4.990   -59.98459    0.00003    0.00003      37       1
      38   5.001   -59.98457    0.00003    0.00005      38       2
      39   5.169   -59.98431    0.00002    0.00006      39       3
      40   5.178   -59.98429    0.00002    0.00004      40       2
      41   5.224   -59.98422    0.00002    0.00002      41       1
      42   5.237   -59.98420    0.00002    0.00002      42       1
      43   5.260   -59.98416    0.00002    0.00003      43       2
      44   5.264   -59.98415    0.00002    0.00005      44       3
      45   5.292   -59.98411    0.00002    0.00002      45       1
      46   5.400   -59.98394    0.00001    0.00001      46       1
      47   5.432   -59.98389    0.00001    0.00001      47       1
      48   5.433   -59.98388    0.00001    0.00004      48       3
      49   5.488   -59.98380    0.00001    0.00003      49       3
      50   5.535   -59.98372    0.00001    0.00003      50       3
      51   5.576   -59.98366    0.00001    0.00002      51       2
      52   5.583   -59.98365    0.00001    0.00002      52       2
      53   5.585   -59.98364    0.00001    0.00002      53       2
      54   5.657   -59.98353    0.00001    0.00001      54       1
      55   5.672   -59.98350    0.00001    0.00001      55       1
      56   5.731   -59.98341    0.00001    0.00001      56       2
      57   5.842   -59.98323    0.00001    0.00002      57       3
      58   5.940   -59.98308    0.00001    0.00001      58       1
T /K                                  :   298.15
E lowest                              :   -59.99254
ensemble average energy (kcal)        :    0.675
ensemble entropy (J/mol K, cal/mol K) :   27.273    6.519
ensemble free energy (kcal/mol)       :   -1.943
population of lowest in %             :   35.218
 number of unique conformers for further calc           58
 list of relative energies saved as "crest.energies"
 compare nuclear equivalencies ...
::::::::::: conformer group all :::::::::::
 chemical equivalencies (mag.active nuclei):
reference atom  11 # : 3
 magnetic equivalencies:
reference atom  11 # : 3

******************************************************************************************
**                           ENSEMBLE ENTROPY CALCULATION                               **
******************************************************************************************
======================================================
 Containing 50 conformers :
     H(298.15K)-H(0) (conf)      0.662585
                   Cp(conf)      2.501287
                    S(conf)      4.269387
======================================================
 Containing 57 conformers :
     H(298.15K)-H(0) (conf)      0.718322
                   Cp(conf)      2.577522
                    S(conf)      4.629610
======================================================
 Containing 58 conformers :
     H(298.15K)-H(0) (conf)      0.718486
                   Cp(conf)      2.581908
                    S(conf)      4.630542
======================================================

 --------------------------------------
 FINAL CALCULATION OF MOLECULAR ENTROPY
 --------------------------------------

WARNING: Not enough blocks for extrapolation.
         Taking full ensemble entropy instead.

FINAL ENTROPY (max conf.)  :      4.63054

 ----------------------------------
 Frequency Calculation and Averages
 ----------------------------------
 Nconf on file      : 58
 Taken for Hessians : 11 (= 92.19% total population)
 T range  /K    :   278.15   378.15
 scaling factor :          1.000000     
 rotor cutoff   :         25.000000 cm⁻¹
 imag. cutoff   :        -50.000000 cm⁻¹

 Running 11 calculations ...
 |>9.1% |>18.2% |>27.3% |>36.4% |>45.5% |>54.5% |>63.6% |>72.7% |>81.8% |>90.9% |>100.0%
 done.
 calculating averages for G and S ...    done.
 calculating Boltzmann weights ...       done.
 calculating reference S (bhess) ... > bhess not implemented for calculator routines
    done.
 calculating δSrrho ...                  done.

 Coordinates for the bhess reference structure (Ångström):
 -----------------------------------------------------------
  33

 P          2.8704274623       -0.6675744140       -0.1577604149
 O          3.2936152775        0.2448884919       -1.2339955670
 O          1.7946657845       -1.7395691381       -0.5726736364
 H          0.8223717594       -1.4967101738       -0.4589953009
 O          4.0904326694       -1.5631750833        0.3754516730
 H          4.7650212557       -1.5753642653       -0.3043850386
 C          2.2857523597        0.1143990543        1.4147805555
 O          1.0914956062        0.8244024357        1.2439741754
 C          1.1649045693        1.9299036918        0.3523872177
 C          0.5487892010        3.1441241087        1.0437788664
 H         -0.4830243799        2.9351851654        1.3158057009
 H          0.5836787653        4.0109445693        0.3897152172
 H          1.1007731850        3.3662039137        1.9531010654
 H          2.2108038476        2.1352320964        0.0977383553
 C          0.4375656553        1.5925305978       -0.9674948289
 N         -0.9270553091        1.2106510187       -0.7365794509
 C         -1.3908411284       -0.0163482764       -0.3747746362
 N         -0.7450880909       -1.1825032434       -0.2629067989
 C         -1.5290838361       -2.1842681862        0.1018057233
 N         -2.8234855796       -2.1588339480        0.3479612494
 C         -3.4896114208       -1.0045353391        0.2283041282
 N         -4.8075272163       -0.9920333692        0.4728270492
 H         -5.2654017561       -1.8461119424        0.7352296426
 H         -5.3168198712       -0.1321521253        0.3812061987
 C         -2.7710455175        0.1428147735       -0.1512786743
 N         -3.1240823938        1.4487501757       -0.3711991303
 C         -2.0155694899        2.0366721599       -0.7043443594
 H         -1.9446705028        3.0766727299       -0.9568070966
 H         -1.0461355972       -3.1459385186        0.2079529835
 H          0.9600418847        0.7704866182       -1.4599943206
 H          0.4557178407        2.4679188210       -1.6201869080
 H          2.0778436392       -0.6749109772        2.1375561428
 H          3.0855810420        0.7566972391        1.8048982767
 -----------------------------------------------------------
 as read from <coord>
 Heavy-atom RMSD between lowest conformer and this reference :
 RMSD(heavy) =        0.000726 Å

 msRRHO(bhess) reference entropies:
      278.15        135.608347
      288.15        138.071683
      298.15        140.519702
      308.15        142.952873
      318.15        145.371541
      328.15        147.775952
      338.15        150.166262
      348.15        152.542559
      358.15        154.904872
      368.15        157.253187
      378.15        159.587453

       T/K  |S(T)|/cal/molK       |G(T)|/Eh     G_lowest/Eh    (conf)
   -----------------------------------------------------------------
    278.15    0.135365E+03    0.202133E+00      -59.790898         1
    288.15    0.137824E+03    0.199974E+00      -59.793063         1
    298.15    0.140268E+03    0.197776E+00      -59.795268         1
    308.15    0.142699E+03    0.195539E+00      -59.797512         1
    318.15    0.145115E+03    0.193263E+00      -59.799794         1
    328.15    0.147517E+03    0.190948E+00      -59.802115         1
    338.15    0.149905E+03    0.188595E+00      -59.804474         1
    348.15    0.152280E+03    0.186204E+00      -59.806870         1
    358.15    0.154641E+03    0.183775E+00      -59.809305         1
    368.15    0.156988E+03    0.181309E+00      -59.811777         1
    378.15    0.159322E+03    0.178805E+00      -59.814287         1
   -----------------------------------------------------------------
   NOTE: if |G(T)| is the averaged contributrion to the free energy.
   |G(T)| used only for the higher-energetic structures (n > 11).
   All other structures use G(T) from the respective Hessian calculations.

 Quantities calculated on free energies:
       T/K          δSrrho           Cp(T)     [H(T)-H(0)]
   -------------------------------------------------------
    278.15   -0.243783E+00    0.347381E+01        0.640846
    288.15   -0.247787E+00    0.342018E+01        0.673275
    298.15   -0.251270E+00    0.337032E+01        0.705163
    308.15   -0.254281E+00    0.332454E+01        0.736548
    318.15   -0.256867E+00    0.328294E+01        0.767470
    328.15   -0.259070E+00    0.324550E+01        0.797972
    338.15   -0.260929E+00    0.321203E+01        0.828091
    348.15   -0.262478E+00    0.318230E+01        0.857867
    358.15   -0.263748E+00    0.315599E+01        0.887334
    368.15   -0.264767E+00    0.313278E+01        0.916523
    378.15   -0.265560E+00    0.311230E+01        0.945463
   -------------------------------------------------------
   NOTE: δSrrho(T) = |S(T)| - Sref(T)

 ----------------------
 TEMPERATURE DEPENDENCE
 ----------------------

 Final CONFORMATIONAL quantities at given T:
       T/K        S(total)           Cp(T)     [H(T)-H(0)]        G(total)
   -----------------------------------------------------------------------
    278.15        4.203832        3.473812        0.640846       -0.528450
    288.15        4.293823        3.420183        0.673275       -0.563990
    298.15        4.379273        3.370318        0.705163       -0.600517
    308.15        4.460704        3.324535        0.736548       -0.638018
    318.15        4.538572        3.282944        0.767470       -0.676476
    328.15        4.613272        3.245497        0.797972       -0.715874
    338.15        4.685145        3.212031        0.828091       -0.756190
    348.15        4.754485        3.182297        0.857867       -0.797407
    358.15        4.821545        3.155993        0.887334       -0.839503
    368.15        4.886541        3.132779        0.916523       -0.882457
    378.15        4.949657        3.112300        0.945463       -0.926250
   -----------------------------------------------------------------------
   S and Cp in cal/mol*K; H and G in kcal/mol
   G(total) is the ensemble free energy (H-T*S) and S(total) = S(conf,extrapol.) + δSrrho

 ----------------------------------------------------
 |      FINAL MOLECULAR ENTROPY AT T= 298.15 K      |
 ----------------------------------------------------
     Sconf   =          4.630542
   + δSrrho  =         -0.251270
 -----------------------------------------------------
 = S(total)  =          4.379273  (cal mol⁻¹ K⁻¹)

   H(T)-H(0) =          0.705163
   G         =         -1.305680   (-T*S)
 -----------------------------------------------------
 = G(total)  =         -0.600517  (H-T*S) (kcal mol⁻¹)

   Cp(total) =          3.370318  (cal mol⁻¹ K⁻¹)


 -----------------
 Wall Time Summary
 -----------------
 CREST runtime (total)               0 d,  0 h, 17 min, 25.296 sec
 ------------------------------------------------------------------
 Trial metadynamics (MTD)   ...        0 min,  3.988 sec (  0.381%)
 Metadynamics (MTD)         ...        2 min, 30.922 sec ( 14.438%)
 Geometry optimization      ...       10 min, 36.230 sec ( 60.866%)
 Static metadynamics (sMTD) ...        4 min,  7.082 sec ( 23.637%)
 Conf. entropy evaluation   ...        0 min,  6.235 sec (  0.596%)
 I/O and setup              ...        0 min,  0.839 sec (  0.080%)
 ------------------------------------------------------------------
 * wall-time:     0 d,  0 h, 17 min, 25.296 sec
 *  cpu-time:     0 d,  4 h,  5 min, 51.769 sec
 * ratio c/w:    14.113 speedup
 ------------------------------------------------------------------
 * Total number of energy+grad calls: 488898

 CREST terminated normally.
